MPLINK 4.48, Linker
Linker Map File - Created Fri Sep 05 10:54:25 2014

                                 Section Info
                  Section       Type    Address   Location Size(Bytes)
                ---------  ---------  ---------  ---------  ---------
               _entry_scn       code   0x000000    program   0x000006
              high_vector       code   0x000008    program   0x000012
                   .cinit    romdata   0x00002a    program   0x00007a
               .code_UI.o       code   0x0000a4    program   0x000b2c
              .code_ias.o       code   0x000bd0    program   0x000788
    .code_communication.o       code   0x001358    program   0x000574
       .code_lcd_driver.o       code   0x0018cc    program   0x00047a
      .code_uart_driver.o       code   0x001d46    program   0x000410
           .code_keypad.o       code   0x002156    program   0x0002a2
     .code_timer_driver.o       code   0x0023f8    program   0x000170
               _cinit_scn       code   0x002568    program   0x00009e
            .code_uopen.o       code   0x002606    program   0x00008a
             .code_main.o       code   0x002690    program   0x000084
            .romdata_UI.o    romdata   0x002714    program   0x000050
             .stringtable    romdata   0x002764    program   0x00003e
            .code_uread.o       code   0x0027a2    program   0x00003e
           .code_device.o       code   0x0027e0    program   0x00003a
          .code_t0write.o       code   0x00281a    program   0x000038
           .code_t0open.o       code   0x002852    program   0x000038
                   STRING       code   0x00288a    program   0x000034
           .code_uwrite.o       code   0x0028be    program   0x00002e
              D1KTCYXCODE       code   0x0028ec    program   0x000020
                    .code       code   0x00290c    program   0x000020
             _startup_scn       code   0x00292c    program   0x00001c
              D10TCYXCODE       code   0x002948    program   0x000016
    .romdata_lcd_driver.o    romdata   0x00295e    program   0x000011
 .romdata_communication.o    romdata   0x00296f    program   0x000005
           .code___init.o       code   0x002974    program   0x000002
                ui_data_i    romdata   0x002976    program   0x000047
               uartdata_i    romdata   0x0029bd    program   0x000086
                iasdata_i    romdata   0x002a43    program   0x0000e5
               com_data_i    romdata   0x002b28    program   0x000094
            KEYPAD_DATA_i    romdata   0x002bbc    program   0x000067
         .romdata_uread.o    romdata   0x002c23    program   0x000000
         .idata_uread.o_i    romdata   0x002c23    program   0x000000
         .romdata_uopen.o    romdata   0x002c23    program   0x000000
         .idata_uopen.o_i    romdata   0x002c23    program   0x000000
          .romdata_main.o    romdata   0x002c23    program   0x000000
        .romdata_t0open.o    romdata   0x002c23    program   0x000000
         .idata_udefs.o_i    romdata   0x002c23    program   0x000000
         .romdata_udefs.o    romdata   0x002c23    program   0x000000
       .romdata_t0write.o    romdata   0x002c23    program   0x000000
        .romdata_keypad.o    romdata   0x002c23    program   0x000000
        .romdata_device.o    romdata   0x002c23    program   0x000000
  .romdata_timer_driver.o    romdata   0x002c23    program   0x000000
  .idata_timer_driver.o_i    romdata   0x002c23    program   0x00000d
   .idata_uart_driver.o_i    romdata   0x002c23    program   0x000000
   .romdata_uart_driver.o    romdata   0x002c23    program   0x000000
         .romdata_c018i.o    romdata   0x002c23    program   0x000000
        .romdata___init.o    romdata   0x002c23    program   0x000000
           .romdata_ias.o    romdata   0x002c23    program   0x000000
        .romdata_uwrite.o    romdata   0x002c23    program   0x000000
        .idata_uwrite.o_i    romdata   0x002c23    program   0x000000
       .idata_t0write.o_i    romdata   0x002c30    program   0x000000
        .idata_t0open.o_i    romdata   0x002c30    program   0x000000
          .idata_main.o_i    romdata   0x002c30    program   0x000002
    .idata_lcd_driver.o_i    romdata   0x002c32    program   0x000022
        .idata_device.o_i    romdata   0x002c54    program   0x000000
           .idata_ias.o_i    romdata   0x002c54    program   0x000000
        .idata_keypad.o_i    romdata   0x002c54    program   0x000000
 .idata_communication.o_i    romdata   0x002c54    program   0x000002
        .idata___init.o_i    romdata   0x002c56    program   0x000000
         .idata_c018i.o_i    romdata   0x002c56    program   0x000000
            .idata_UI.o_i    romdata   0x002c56    program   0x000012
            .code_udefs.o       code   0x002c68    program   0x000000
            .code_c018i.o       code   0x002c68    program   0x000000
    .config_300001_main.o    romdata   0x300001    program   0x000001
    .config_300002_main.o    romdata   0x300002    program   0x000001
    .config_300003_main.o    romdata   0x300003    program   0x000001
    .config_300005_main.o    romdata   0x300005    program   0x000001
    .config_300006_main.o    romdata   0x300006    program   0x000001
    .config_300008_main.o    romdata   0x300008    program   0x000001
    .config_300009_main.o    romdata   0x300009    program   0x000001
    .config_30000a_main.o    romdata   0x30000a    program   0x000001
    .config_30000b_main.o    romdata   0x30000b    program   0x000001
    .config_30000c_main.o    romdata   0x30000c    program   0x000001
    .config_30000d_main.o    romdata   0x30000d    program   0x000001
                MATH_DATA      udata   0x000000       data   0x00000b
                 .tmpdata      udata   0x00000b       data   0x000003
                DELAYDAT1      udata   0x00000e       data   0x000001
                   .stack      udata   0x000080       data   0x000080
                  ui_data      idata   0x000100       data   0x000047
                 uartdata      idata   0x000147       data   0x000086
      .idata_lcd_driver.o      idata   0x0001cd       data   0x000022
    .idata_timer_driver.o      idata   0x0001ef       data   0x00000d
            .idata_main.o      idata   0x0001fc       data   0x000002
   .idata_communication.o      idata   0x0001fe       data   0x000002
           .udata_c018i.o      udata   0x000200       data   0x00000a
                  iasdata      idata   0x000300       data   0x0000e5
              .idata_UI.o      idata   0x0003e5       data   0x000012
                 com_data      idata   0x000400       data   0x000094
              KEYPAD_DATA      idata   0x000494       data   0x000067
           .udata_udefs.o      udata   0x0004fb       data   0x000001
      .udata_lcd_driver.o      udata   0x0004fc       data   0x000001
         .idata_t0write.o      idata   0x0004fd       data   0x000000
          .udata_uwrite.o      udata   0x0004fd       data   0x000000
         .udata_t0write.o      udata   0x0004fd       data   0x000000
          .idata_uwrite.o      idata   0x0004fd       data   0x000000
          .udata___init.o      udata   0x0004fd       data   0x000000
           .idata_udefs.o      idata   0x0004fd       data   0x000000
           .idata_uread.o      idata   0x0004fd       data   0x000000
          .idata___init.o      idata   0x0004fd       data   0x000000
           .udata_uread.o      udata   0x0004fd       data   0x000000
           .idata_uopen.o      idata   0x0004fd       data   0x000000
           .udata_uopen.o      udata   0x0004fd       data   0x000000
          .idata_t0open.o      idata   0x0004fd       data   0x000000
          .udata_t0open.o      udata   0x0004fd       data   0x000000
           .idata_c018i.o      idata   0x0004fd       data   0x000000
          .idata_keypad.o      idata   0x0004fd       data   0x000000
          .udata_keypad.o      udata   0x0004fd       data   0x000000
   .udata_communication.o      udata   0x0004fd       data   0x000000
             .idata_ias.o      idata   0x0004fd       data   0x000000
             .udata_ias.o      udata   0x0004fd       data   0x000000
              .udata_UI.o      udata   0x0004fd       data   0x000000
     .idata_uart_driver.o      idata   0x0004fd       data   0x000000
     .udata_uart_driver.o      udata   0x0004fd       data   0x000000
    .udata_timer_driver.o      udata   0x0004fd       data   0x000000
            .udata_main.o      udata   0x0004fd       data   0x000000
          .idata_device.o      idata   0x0004fd       data   0x000000
          .udata_device.o      udata   0x0004fd       data   0x000000
            SFR_UNBANKED0      udata   0x000f80       data   0x000080



                              Program Memory Usage 
                               Start         End      
                           ---------   ---------      
                            0x000000    0x000005      
                            0x000008    0x000019      
                            0x00002a    0x002c67      
                            0x300001    0x300003      
                            0x300005    0x300006      
                            0x300008    0x30000d      
            11361 out of 33048 program addresses used, program memory utilization is 34%



                              Symbols - Sorted by Name
                     Name    Address   Location    Storage File                     
                ---------  ---------  ---------  --------- ---------                
          APP_comCallBack   0x001348    program     extern C:\Documents and Settings\Saagar\Desktop\SEPFC_OUTPUT_TRACKING\SPEC Output tracking touchKeypad_HDY_SDY\ias.c
                 APP_init   0x000bd0    program     extern C:\Documents and Settings\Saagar\Desktop\SEPFC_OUTPUT_TRACKING\SPEC Output tracking touchKeypad_HDY_SDY\ias.c
             APP_setBreak   0x001064    program     extern C:\Documents and Settings\Saagar\Desktop\SEPFC_OUTPUT_TRACKING\SPEC Output tracking touchKeypad_HDY_SDY\ias.c
         APP_setOperators   0x00119c    program     extern C:\Documents and Settings\Saagar\Desktop\SEPFC_OUTPUT_TRACKING\SPEC Output tracking touchKeypad_HDY_SDY\ias.c
         APP_setReference   0x000eb8    program     extern C:\Documents and Settings\Saagar\Desktop\SEPFC_OUTPUT_TRACKING\SPEC Output tracking touchKeypad_HDY_SDY\ias.c
      APP_startTransition   0x000d5a    program     extern C:\Documents and Settings\Saagar\Desktop\SEPFC_OUTPUT_TRACKING\SPEC Output tracking touchKeypad_HDY_SDY\ias.c
                 APP_task   0x000c66    program     extern C:\Documents and Settings\Saagar\Desktop\SEPFC_OUTPUT_TRACKING\SPEC Output tracking touchKeypad_HDY_SDY\ias.c
                 COM_init   0x001358    program     extern C:\Documents and Settings\Saagar\Desktop\SEPFC_OUTPUT_TRACKING\SPEC Output tracking touchKeypad_HDY_SDY\communication.c
                COM_reset   0x001392    program     extern C:\Documents and Settings\Saagar\Desktop\SEPFC_OUTPUT_TRACKING\SPEC Output tracking touchKeypad_HDY_SDY\communication.c
                 COM_task   0x0013c4    program     extern C:\Documents and Settings\Saagar\Desktop\SEPFC_OUTPUT_TRACKING\SPEC Output tracking touchKeypad_HDY_SDY\communication.c
               COM_txData   0x001782    program     extern C:\Documents and Settings\Saagar\Desktop\SEPFC_OUTPUT_TRACKING\SPEC Output tracking touchKeypad_HDY_SDY\communication.c
             COM_txPacket   0x0016b8    program     extern C:\Documents and Settings\Saagar\Desktop\SEPFC_OUTPUT_TRACKING\SPEC Output tracking touchKeypad_HDY_SDY\communication.c
                COM_txStr   0x001816    program     extern C:\Documents and Settings\Saagar\Desktop\SEPFC_OUTPUT_TRACKING\SPEC Output tracking touchKeypad_HDY_SDY\communication.c
                    D10_1   0x002958    program     static E:\c18v3.46\pic18-lt\cxx-framework\src\traditional\delays\d10tcyx.asm
                     D10x   0x002950    program     static E:\c18v3.46\pic18-lt\cxx-framework\src\traditional\delays\d10tcyx.asm
                    D1K_1   0x0028f8    program     static E:\c18v3.46\pic18-lt\cxx-framework\src\traditional\delays\d1ktcyx.asm
                     D1Kx   0x0028f6    program     static E:\c18v3.46\pic18-lt\cxx-framework\src\traditional\delays\d1ktcyx.asm
              Delay10TCYx   0x002948    program     extern E:\c18v3.46\pic18-lt\cxx-framework\src\traditional\delays\d10tcyx.asm
              Delay1KTCYx   0x0028ec    program     extern E:\c18v3.46\pic18-lt\cxx-framework\src\traditional\delays\d1ktcyx.asm
               GetAppTime   0x002504    program     extern C:\Documents and Settings\Saagar\Desktop\SEPFC_OUTPUT_TRACKING\SPEC Output tracking touchKeypad_HDY_SDY\timer_driver.c
                  InitLcd   0x001a4c    program     extern C:\Documents and Settings\Saagar\Desktop\SEPFC_OUTPUT_TRACKING\SPEC Output tracking touchKeypad_HDY_SDY\lcd_driver.c
               InitTimer0   0x0024e6    program     extern C:\Documents and Settings\Saagar\Desktop\SEPFC_OUTPUT_TRACKING\SPEC Output tracking touchKeypad_HDY_SDY\timer_driver.c
          InitializeBoard   0x0027e0    program     extern C:\Documents and Settings\Saagar\Desktop\SEPFC_OUTPUT_TRACKING\SPEC Output tracking touchKeypad_HDY_SDY\device.c
            InitializeLcd   0x001c92    program     extern C:\Documents and Settings\Saagar\Desktop\SEPFC_OUTPUT_TRACKING\SPEC Output tracking touchKeypad_HDY_SDY\lcd_driver.c
              KEYPAD_init   0x002156    program     extern C:\Documents and Settings\Saagar\Desktop\SEPFC_OUTPUT_TRACKING\SPEC Output tracking touchKeypad_HDY_SDY\keypad.c
              KEYPAD_read   0x002210    program     extern C:\Documents and Settings\Saagar\Desktop\SEPFC_OUTPUT_TRACKING\SPEC Output tracking touchKeypad_HDY_SDY\keypad.c
             KEYPAD_reset   0x002296    program     extern C:\Documents and Settings\Saagar\Desktop\SEPFC_OUTPUT_TRACKING\SPEC Output tracking touchKeypad_HDY_SDY\keypad.c
              KEYPAD_task   0x002174    program     extern C:\Documents and Settings\Saagar\Desktop\SEPFC_OUTPUT_TRACKING\SPEC Output tracking touchKeypad_HDY_SDY\keypad.c
               OpenTimer0   0x002852    program     extern E:\c18v3.46\pic18-lt\cxx-framework\src\pmc_common\Timers\t0open.c
                OpenUSART   0x002606    program     extern E:\c18v3.46\pic18-lt\cxx-framework\src\pmc_common\USART\uopen.c
              PutcUARTRam   0x002146    program     extern C:\Documents and Settings\Saagar\Desktop\SEPFC_OUTPUT_TRACKING\SPEC Output tracking touchKeypad_HDY_SDY\uart_driver.c
                PutrsUART   0x002092    program     extern C:\Documents and Settings\Saagar\Desktop\SEPFC_OUTPUT_TRACKING\SPEC Output tracking touchKeypad_HDY_SDY\uart_driver.c
             PutrsUARTRam   0x0020ee    program     extern C:\Documents and Settings\Saagar\Desktop\SEPFC_OUTPUT_TRACKING\SPEC Output tracking touchKeypad_HDY_SDY\uart_driver.c
                ReadUSART   0x0027a2    program     extern E:\c18v3.46\pic18-lt\cxx-framework\src\pmc_common\USART\uread.c
             ResetAppTime   0x002554    program     extern C:\Documents and Settings\Saagar\Desktop\SEPFC_OUTPUT_TRACKING\SPEC Output tracking touchKeypad_HDY_SDY\timer_driver.c
             UART_hasData   0x002000    program     extern C:\Documents and Settings\Saagar\Desktop\SEPFC_OUTPUT_TRACKING\SPEC Output tracking touchKeypad_HDY_SDY\uart_driver.c
                UART_init   0x001e9c    program     extern C:\Documents and Settings\Saagar\Desktop\SEPFC_OUTPUT_TRACKING\SPEC Output tracking touchKeypad_HDY_SDY\uart_driver.c
                UART_read   0x00203a    program     extern C:\Documents and Settings\Saagar\Desktop\SEPFC_OUTPUT_TRACKING\SPEC Output tracking touchKeypad_HDY_SDY\uart_driver.c
            UART_transmit   0x001f0c    program     extern C:\Documents and Settings\Saagar\Desktop\SEPFC_OUTPUT_TRACKING\SPEC Output tracking touchKeypad_HDY_SDY\uart_driver.c
               UART_write   0x001ece    program     extern C:\Documents and Settings\Saagar\Desktop\SEPFC_OUTPUT_TRACKING\SPEC Output tracking touchKeypad_HDY_SDY\uart_driver.c
                  UI_init   0x0000a4    program     extern C:\Documents and Settings\Saagar\Desktop\SEPFC_OUTPUT_TRACKING\SPEC Output tracking touchKeypad_HDY_SDY\UI.c
                 UI_reset   0x0000c8    program     extern C:\Documents and Settings\Saagar\Desktop\SEPFC_OUTPUT_TRACKING\SPEC Output tracking touchKeypad_HDY_SDY\UI.c
                  UI_task   0x0000e2    program     extern C:\Documents and Settings\Saagar\Desktop\SEPFC_OUTPUT_TRACKING\SPEC Output tracking touchKeypad_HDY_SDY\UI.c
       UartReceiveHandler   0x001d46    program     extern C:\Documents and Settings\Saagar\Desktop\SEPFC_OUTPUT_TRACKING\SPEC Output tracking touchKeypad_HDY_SDY\uart_driver.c
      UartTransmitHandler   0x001e16    program     extern C:\Documents and Settings\Saagar\Desktop\SEPFC_OUTPUT_TRACKING\SPEC Output tracking touchKeypad_HDY_SDY\uart_driver.c
              WriteTimer0   0x00281a    program     extern E:\c18v3.46\pic18-lt\cxx-framework\src\pmc_common\Timers\t0write.c
               WriteUSART   0x0028be    program     extern E:\c18v3.46\pic18-lt\cxx-framework\src\pmc_common\USART\uwrite.c
              _2jContinue   0x0028aa    program     static E:\c18v3.46\pic18-lt\cxx-framework\src\traditional\stdclib\memset.asm
                   _3jEnd   0x0028b4    program     static E:\c18v3.46\pic18-lt\cxx-framework\src\traditional\stdclib\memset.asm
        _D10TCYXCODE_000A   0x002952    program     static E:\c18v3.46\pic18-lt\cxx-framework\src\traditional\delays\d10tcyx.asm
        _D10TCYXCODE_000C   0x002954    program     static E:\c18v3.46\pic18-lt\cxx-framework\src\traditional\delays\d10tcyx.asm
        _D10TCYXCODE_000E   0x002956    program     static E:\c18v3.46\pic18-lt\cxx-framework\src\traditional\delays\d10tcyx.asm
        _D1KTCYXCODE_0010   0x0028fc    program     static E:\c18v3.46\pic18-lt\cxx-framework\src\traditional\delays\d1ktcyx.asm
        _D1KTCYXCODE_0016   0x002902    program     static E:\c18v3.46\pic18-lt\cxx-framework\src\traditional\delays\d1ktcyx.asm
         ___else_lbl00037   0x0016f8    program     static                          
         ___else_lbl00042   0x00175e    program     static                          
          ___for_lbl00038   0x00173c    program     static                          
          ___for_lbl00039   0x001742    program     static                          
          ___for_lbl00040   0x001706    program     static                          
          ___for_lbl00044   0x0017e2    program     static                          
          ___for_lbl00045   0x0017e8    program     static                          
          ___for_lbl00046   0x0017b8    program     static                          
           ___if_lbl00001   0x000010    program     static                          
           ___if_lbl00002   0x000018    program     static                          
           ___if_lbl00003   0x0026d4    program     static                          
           ___if_lbl00003   0x001954    program     static                          
           ___if_lbl00004   0x0026e6    program     static                          
           ___if_lbl00005   0x002708    program     static                          
           ___if_lbl00036   0x001702    program     static                          
           ___if_lbl00041   0x001768    program     static                          
       ___return_lbl00000   0x000018    program     static                          
       ___return_lbl00000   0x00270a    program     static                          
       ___return_lbl00000   0x001968    program     static                          
       ___return_lbl00000   0x000004    program     static                          
       ___return_lbl00001   0x002946    program     static                          
       ___return_lbl00002   0x002604    program     static                          
       ___return_lbl00004   0x0019a8    program     static                          
       ___return_lbl00005   0x0019f6    program     static                          
       ___return_lbl00006   0x001a44    program     static                          
       ___return_lbl00035   0x00176e    program     static                          
       ___return_lbl00043   0x001802    program     static                          
        ___while_lbl00001   0x0026b8    program     static                          
        ___while_lbl00001   0x0018f0    program     static                          
        ___while_lbl00002   0x001956    program     static                          
        ___while_lbl00002   0x00270a    program     static                          
               __config_0   0x300001    program     static C:\Documents and Settings\Saagar\Desktop\SEPFC_OUTPUT_TRACKING\SPEC Output tracking touchKeypad_HDY_SDY\main.c
               __config_1   0x300002    program     static C:\Documents and Settings\Saagar\Desktop\SEPFC_OUTPUT_TRACKING\SPEC Output tracking touchKeypad_HDY_SDY\main.c
              __config_10   0x30000d    program     static C:\Documents and Settings\Saagar\Desktop\SEPFC_OUTPUT_TRACKING\SPEC Output tracking touchKeypad_HDY_SDY\main.c
               __config_2   0x300003    program     static C:\Documents and Settings\Saagar\Desktop\SEPFC_OUTPUT_TRACKING\SPEC Output tracking touchKeypad_HDY_SDY\main.c
               __config_3   0x300005    program     static C:\Documents and Settings\Saagar\Desktop\SEPFC_OUTPUT_TRACKING\SPEC Output tracking touchKeypad_HDY_SDY\main.c
               __config_4   0x300006    program     static C:\Documents and Settings\Saagar\Desktop\SEPFC_OUTPUT_TRACKING\SPEC Output tracking touchKeypad_HDY_SDY\main.c
               __config_5   0x300008    program     static C:\Documents and Settings\Saagar\Desktop\SEPFC_OUTPUT_TRACKING\SPEC Output tracking touchKeypad_HDY_SDY\main.c
               __config_6   0x300009    program     static C:\Documents and Settings\Saagar\Desktop\SEPFC_OUTPUT_TRACKING\SPEC Output tracking touchKeypad_HDY_SDY\main.c
               __config_7   0x30000a    program     static C:\Documents and Settings\Saagar\Desktop\SEPFC_OUTPUT_TRACKING\SPEC Output tracking touchKeypad_HDY_SDY\main.c
               __config_8   0x30000b    program     static C:\Documents and Settings\Saagar\Desktop\SEPFC_OUTPUT_TRACKING\SPEC Output tracking touchKeypad_HDY_SDY\main.c
               __config_9   0x30000c    program     static C:\Documents and Settings\Saagar\Desktop\SEPFC_OUTPUT_TRACKING\SPEC Output tracking touchKeypad_HDY_SDY\main.c
                   __init   0x002974    program     extern E:\c18v3.46\pic18-lt\cxx-framework\src\traditional\stdclib\__init.c
               __string_0   0x00279c    program     static C:\Documents and Settings\Saagar\Desktop\SEPFC_OUTPUT_TRACKING\SPEC Output tracking touchKeypad_HDY_SDY\UI.c
               __string_1   0x002797    program     static C:\Documents and Settings\Saagar\Desktop\SEPFC_OUTPUT_TRACKING\SPEC Output tracking touchKeypad_HDY_SDY\UI.c
               __string_2   0x00278c    program     static C:\Documents and Settings\Saagar\Desktop\SEPFC_OUTPUT_TRACKING\SPEC Output tracking touchKeypad_HDY_SDY\UI.c
               __string_3   0x002782    program     static C:\Documents and Settings\Saagar\Desktop\SEPFC_OUTPUT_TRACKING\SPEC Output tracking touchKeypad_HDY_SDY\UI.c
               __string_4   0x00277e    program     static C:\Documents and Settings\Saagar\Desktop\SEPFC_OUTPUT_TRACKING\SPEC Output tracking touchKeypad_HDY_SDY\UI.c
               __string_5   0x00277a    program     static C:\Documents and Settings\Saagar\Desktop\SEPFC_OUTPUT_TRACKING\SPEC Output tracking touchKeypad_HDY_SDY\UI.c
               __string_6   0x002774    program     static C:\Documents and Settings\Saagar\Desktop\SEPFC_OUTPUT_TRACKING\SPEC Output tracking touchKeypad_HDY_SDY\UI.c
               __string_7   0x00276f    program     static C:\Documents and Settings\Saagar\Desktop\SEPFC_OUTPUT_TRACKING\SPEC Output tracking touchKeypad_HDY_SDY\UI.c
               __string_8   0x002764    program     static C:\Documents and Settings\Saagar\Desktop\SEPFC_OUTPUT_TRACKING\SPEC Output tracking touchKeypad_HDY_SDY\UI.c
            __zero_memory   0x00290c    program     extern E:\c18v3.46\pic18-lt\cxx-framework\src\traditional\proc\p18f4520.asm
                _do_cinit   0x002568    program     extern E:\c18v3.46\pic18-lt\cxx-framework\src\traditional\startup\c018i.c
                   _entry   0x000000    program     extern E:\c18v3.46\pic18-lt\cxx-framework\src\traditional\startup\c018i.c
                 _startup   0x00292c    program     extern E:\c18v3.46\pic18-lt\cxx-framework\src\traditional\startup\c018i.c
                    alert   0x00296f    program     extern C:\Documents and Settings\Saagar\Desktop\SEPFC_OUTPUT_TRACKING\SPEC Output tracking touchKeypad_HDY_SDY\communication.c
                  busyLcd   0x0018cc    program     static C:\Documents and Settings\Saagar\Desktop\SEPFC_OUTPUT_TRACKING\SPEC Output tracking touchKeypad_HDY_SDY\lcd_driver.c
                 checksum   0x001868    program     extern C:\Documents and Settings\Saagar\Desktop\SEPFC_OUTPUT_TRACKING\SPEC Output tracking touchKeypad_HDY_SDY\communication.c
                 clearLCD   0x001be8    program     extern C:\Documents and Settings\Saagar\Desktop\SEPFC_OUTPUT_TRACKING\SPEC Output tracking touchKeypad_HDY_SDY\lcd_driver.c
              clearScreen   0x00295e    program     static C:\Documents and Settings\Saagar\Desktop\SEPFC_OUTPUT_TRACKING\SPEC Output tracking touchKeypad_HDY_SDY\lcd_driver.c
            clearUIBuffer   0x000a70    program     extern C:\Documents and Settings\Saagar\Desktop\SEPFC_OUTPUT_TRACKING\SPEC Output tracking touchKeypad_HDY_SDY\UI.c
             clearUIInput   0x000a9a    program     extern C:\Documents and Settings\Saagar\Desktop\SEPFC_OUTPUT_TRACKING\SPEC Output tracking touchKeypad_HDY_SDY\UI.c
                compare_l   0x002922    program     static E:\c18v3.46\pic18-lt\cxx-framework\src\traditional\proc\p18f4520.asm
                copy_loop   0x0025da    program     static                          
            copy_one_byte   0x0025e0    program     static                          
                     done   0x002604    program     static                          
             done_copying   0x0025ee    program     static                          
                  getData   0x000a06    program     extern C:\Documents and Settings\Saagar\Desktop\SEPFC_OUTPUT_TRACKING\SPEC Output tracking touchKeypad_HDY_SDY\UI.c
             getOperators   0x00097a    program     extern C:\Documents and Settings\Saagar\Desktop\SEPFC_OUTPUT_TRACKING\SPEC Output tracking touchKeypad_HDY_SDY\UI.c
           high_interrupt   0x000008    program     extern C:\Documents and Settings\Saagar\Desktop\SEPFC_OUTPUT_TRACKING\SPEC Output tracking touchKeypad_HDY_SDY\timer_driver.c
                     jEnd   0x0028bc    program     static E:\c18v3.46\pic18-lt\cxx-framework\src\traditional\stdclib\memset.asm
                    jLoop   0x00289e    program     static E:\c18v3.46\pic18-lt\cxx-framework\src\traditional\stdclib\memset.asm
                   keyMap   0x002714    program     static C:\Documents and Settings\Saagar\Desktop\SEPFC_OUTPUT_TRACKING\SPEC Output tracking touchKeypad_HDY_SDY\UI.c
                     loop   0x00293c    program     static                          
                   loop_h   0x00291a    program     static E:\c18v3.46\pic18-lt\cxx-framework\src\traditional\proc\p18f4520.asm
                   loop_l   0x002924    program     static E:\c18v3.46\pic18-lt\cxx-framework\src\traditional\proc\p18f4520.asm
                     main   0x002690    program     extern C:\Documents and Settings\Saagar\Desktop\SEPFC_OUTPUT_TRACKING\SPEC Output tracking touchKeypad_HDY_SDY\main.c
                   mapKey   0x000622    program     extern C:\Documents and Settings\Saagar\Desktop\SEPFC_OUTPUT_TRACKING\SPEC Output tracking touchKeypad_HDY_SDY\UI.c
                   memset   0x00288a    program     extern E:\c18v3.46\pic18-lt\cxx-framework\src\traditional\stdclib\memset.asm
              parsePacket   0x001616    program     extern C:\Documents and Settings\Saagar\Desktop\SEPFC_OUTPUT_TRACKING\SPEC Output tracking touchKeypad_HDY_SDY\communication.c
             putCharToLcd   0x001bf6    program     extern C:\Documents and Settings\Saagar\Desktop\SEPFC_OUTPUT_TRACKING\SPEC Output tracking touchKeypad_HDY_SDY\lcd_driver.c
                 putUImsg   0x000b48    program     extern C:\Documents and Settings\Saagar\Desktop\SEPFC_OUTPUT_TRACKING\SPEC Output tracking touchKeypad_HDY_SDY\UI.c
    rawWriteCommand8ToLcd   0x001980    program     static C:\Documents and Settings\Saagar\Desktop\SEPFC_OUTPUT_TRACKING\SPEC Output tracking touchKeypad_HDY_SDY\lcd_driver.c
     rawWriteCommandToLcd   0x0019b0    program     extern C:\Documents and Settings\Saagar\Desktop\SEPFC_OUTPUT_TRACKING\SPEC Output tracking touchKeypad_HDY_SDY\lcd_driver.c
        rawWriteDataToLcd   0x0019fe    program     extern C:\Documents and Settings\Saagar\Desktop\SEPFC_OUTPUT_TRACKING\SPEC Output tracking touchKeypad_HDY_SDY\lcd_driver.c
               scanKeypad   0x0022b0    program     static C:\Documents and Settings\Saagar\Desktop\SEPFC_OUTPUT_TRACKING\SPEC Output tracking touchKeypad_HDY_SDY\keypad.c
                 setUImsg   0x000abc    program     extern C:\Documents and Settings\Saagar\Desktop\SEPFC_OUTPUT_TRACKING\SPEC Output tracking touchKeypad_HDY_SDY\UI.c
                setbckspc   0x001bd2    program     extern C:\Documents and Settings\Saagar\Desktop\SEPFC_OUTPUT_TRACKING\SPEC Output tracking touchKeypad_HDY_SDY\lcd_driver.c
                     test   0x002582    program     static                          
                timer0ISR   0x0023f8    program     extern C:\Documents and Settings\Saagar\Desktop\SEPFC_OUTPUT_TRACKING\SPEC Output tracking touchKeypad_HDY_SDY\timer_driver.c
               writetoLCD   0x001ca2    program     extern C:\Documents and Settings\Saagar\Desktop\SEPFC_OUTPUT_TRACKING\SPEC Output tracking touchKeypad_HDY_SDY\lcd_driver.c
               zero_block   0x00291a    program     static E:\c18v3.46\pic18-lt\cxx-framework\src\traditional\proc\p18f4520.asm
                   ADCON0   0x000fc2       data     extern E:\c18v3.46\pic18-lt\cxx-framework\src\traditional\proc\p18f4520.asm
               ADCON0bits   0x000fc2       data     extern E:\c18v3.46\pic18-lt\cxx-framework\src\traditional\proc\p18f4520.asm
                   ADCON1   0x000fc1       data     extern E:\c18v3.46\pic18-lt\cxx-framework\src\traditional\proc\p18f4520.asm
               ADCON1bits   0x000fc1       data     extern E:\c18v3.46\pic18-lt\cxx-framework\src\traditional\proc\p18f4520.asm
                   ADCON2   0x000fc0       data     extern E:\c18v3.46\pic18-lt\cxx-framework\src\traditional\proc\p18f4520.asm
               ADCON2bits   0x000fc0       data     extern E:\c18v3.46\pic18-lt\cxx-framework\src\traditional\proc\p18f4520.asm
                    ADRES   0x000fc3       data     extern E:\c18v3.46\pic18-lt\cxx-framework\src\traditional\proc\p18f4520.asm
                   ADRESH   0x000fc4       data     extern E:\c18v3.46\pic18-lt\cxx-framework\src\traditional\proc\p18f4520.asm
                   ADRESL   0x000fc3       data     extern E:\c18v3.46\pic18-lt\cxx-framework\src\traditional\proc\p18f4520.asm
             AppTimestamp   0x0001ef       data     extern C:\Documents and Settings\Saagar\Desktop\SEPFC_OUTPUT_TRACKING\SPEC Output tracking touchKeypad_HDY_SDY\timer_driver.c
                  BAUDCON   0x000fb8       data     extern E:\c18v3.46\pic18-lt\cxx-framework\src\traditional\proc\p18f4520.asm
              BAUDCONbits   0x000fb8       data     extern E:\c18v3.46\pic18-lt\cxx-framework\src\traditional\proc\p18f4520.asm
                  BAUDCTL   0x000fb8       data     extern E:\c18v3.46\pic18-lt\cxx-framework\src\traditional\proc\p18f4520.asm
              BAUDCTLbits   0x000fb8       data     extern E:\c18v3.46\pic18-lt\cxx-framework\src\traditional\proc\p18f4520.asm
                      BSR   0x000fe0       data     extern E:\c18v3.46\pic18-lt\cxx-framework\src\traditional\proc\p18f4520.asm
                  CCP1CON   0x000fbd       data     extern E:\c18v3.46\pic18-lt\cxx-framework\src\traditional\proc\p18f4520.asm
              CCP1CONbits   0x000fbd       data     extern E:\c18v3.46\pic18-lt\cxx-framework\src\traditional\proc\p18f4520.asm
                  CCP2CON   0x000fba       data     extern E:\c18v3.46\pic18-lt\cxx-framework\src\traditional\proc\p18f4520.asm
              CCP2CONbits   0x000fba       data     extern E:\c18v3.46\pic18-lt\cxx-framework\src\traditional\proc\p18f4520.asm
                    CCPR1   0x000fbe       data     extern E:\c18v3.46\pic18-lt\cxx-framework\src\traditional\proc\p18f4520.asm
                   CCPR1H   0x000fbf       data     extern E:\c18v3.46\pic18-lt\cxx-framework\src\traditional\proc\p18f4520.asm
                   CCPR1L   0x000fbe       data     extern E:\c18v3.46\pic18-lt\cxx-framework\src\traditional\proc\p18f4520.asm
                    CCPR2   0x000fbb       data     extern E:\c18v3.46\pic18-lt\cxx-framework\src\traditional\proc\p18f4520.asm
                   CCPR2H   0x000fbc       data     extern E:\c18v3.46\pic18-lt\cxx-framework\src\traditional\proc\p18f4520.asm
                   CCPR2L   0x000fbb       data     extern E:\c18v3.46\pic18-lt\cxx-framework\src\traditional\proc\p18f4520.asm
                    CMCON   0x000fb4       data     extern E:\c18v3.46\pic18-lt\cxx-framework\src\traditional\proc\p18f4520.asm
                CMCONbits   0x000fb4       data     extern E:\c18v3.46\pic18-lt\cxx-framework\src\traditional\proc\p18f4520.asm
                   CVRCON   0x000fb5       data     extern E:\c18v3.46\pic18-lt\cxx-framework\src\traditional\proc\p18f4520.asm
               CVRCONbits   0x000fb5       data     extern E:\c18v3.46\pic18-lt\cxx-framework\src\traditional\proc\p18f4520.asm
                     DDRA   0x000f92       data     extern E:\c18v3.46\pic18-lt\cxx-framework\src\traditional\proc\p18f4520.asm
                 DDRAbits   0x000f92       data     extern E:\c18v3.46\pic18-lt\cxx-framework\src\traditional\proc\p18f4520.asm
                     DDRB   0x000f93       data     extern E:\c18v3.46\pic18-lt\cxx-framework\src\traditional\proc\p18f4520.asm
                 DDRBbits   0x000f93       data     extern E:\c18v3.46\pic18-lt\cxx-framework\src\traditional\proc\p18f4520.asm
                     DDRC   0x000f94       data     extern E:\c18v3.46\pic18-lt\cxx-framework\src\traditional\proc\p18f4520.asm
                 DDRCbits   0x000f94       data     extern E:\c18v3.46\pic18-lt\cxx-framework\src\traditional\proc\p18f4520.asm
                     DDRD   0x000f95       data     extern E:\c18v3.46\pic18-lt\cxx-framework\src\traditional\proc\p18f4520.asm
                 DDRDbits   0x000f95       data     extern E:\c18v3.46\pic18-lt\cxx-framework\src\traditional\proc\p18f4520.asm
                     DDRE   0x000f96       data     extern E:\c18v3.46\pic18-lt\cxx-framework\src\traditional\proc\p18f4520.asm
                 DDREbits   0x000f96       data     extern E:\c18v3.46\pic18-lt\cxx-framework\src\traditional\proc\p18f4520.asm
            DelayCounter1   0x00000e       data     extern E:\c18v3.46\pic18-lt\cxx-framework\src\traditional\delays\delayd1.asm
                  ECCP1AS   0x000fb6       data     extern E:\c18v3.46\pic18-lt\cxx-framework\src\traditional\proc\p18f4520.asm
              ECCP1ASbits   0x000fb6       data     extern E:\c18v3.46\pic18-lt\cxx-framework\src\traditional\proc\p18f4520.asm
                 ECCP1DEL   0x000fb7       data     extern E:\c18v3.46\pic18-lt\cxx-framework\src\traditional\proc\p18f4520.asm
             ECCP1DELbits   0x000fb7       data     extern E:\c18v3.46\pic18-lt\cxx-framework\src\traditional\proc\p18f4520.asm
                   ECCPAS   0x000fb6       data     extern E:\c18v3.46\pic18-lt\cxx-framework\src\traditional\proc\p18f4520.asm
               ECCPASbits   0x000fb6       data     extern E:\c18v3.46\pic18-lt\cxx-framework\src\traditional\proc\p18f4520.asm
                    EEADR   0x000fa9       data     extern E:\c18v3.46\pic18-lt\cxx-framework\src\traditional\proc\p18f4520.asm
                   EECON1   0x000fa6       data     extern E:\c18v3.46\pic18-lt\cxx-framework\src\traditional\proc\p18f4520.asm
               EECON1bits   0x000fa6       data     extern E:\c18v3.46\pic18-lt\cxx-framework\src\traditional\proc\p18f4520.asm
                   EECON2   0x000fa7       data     extern E:\c18v3.46\pic18-lt\cxx-framework\src\traditional\proc\p18f4520.asm
                   EEDATA   0x000fa8       data     extern E:\c18v3.46\pic18-lt\cxx-framework\src\traditional\proc\p18f4520.asm
                     FSR0   0x000fe9       data     extern E:\c18v3.46\pic18-lt\cxx-framework\src\traditional\proc\p18f4520.asm
                    FSR0H   0x000fea       data     extern E:\c18v3.46\pic18-lt\cxx-framework\src\traditional\proc\p18f4520.asm
                    FSR0L   0x000fe9       data     extern E:\c18v3.46\pic18-lt\cxx-framework\src\traditional\proc\p18f4520.asm
                     FSR1   0x000fe1       data     extern E:\c18v3.46\pic18-lt\cxx-framework\src\traditional\proc\p18f4520.asm
                    FSR1H   0x000fe2       data     extern E:\c18v3.46\pic18-lt\cxx-framework\src\traditional\proc\p18f4520.asm
                    FSR1L   0x000fe1       data     extern E:\c18v3.46\pic18-lt\cxx-framework\src\traditional\proc\p18f4520.asm
                     FSR2   0x000fd9       data     extern E:\c18v3.46\pic18-lt\cxx-framework\src\traditional\proc\p18f4520.asm
                    FSR2H   0x000fda       data     extern E:\c18v3.46\pic18-lt\cxx-framework\src\traditional\proc\p18f4520.asm
                    FSR2L   0x000fd9       data     extern E:\c18v3.46\pic18-lt\cxx-framework\src\traditional\proc\p18f4520.asm
                  HLVDCON   0x000fd2       data     extern E:\c18v3.46\pic18-lt\cxx-framework\src\traditional\proc\p18f4520.asm
              HLVDCONbits   0x000fd2       data     extern E:\c18v3.46\pic18-lt\cxx-framework\src\traditional\proc\p18f4520.asm
                    INDF0   0x000fef       data     extern E:\c18v3.46\pic18-lt\cxx-framework\src\traditional\proc\p18f4520.asm
                    INDF1   0x000fe7       data     extern E:\c18v3.46\pic18-lt\cxx-framework\src\traditional\proc\p18f4520.asm
                    INDF2   0x000fdf       data     extern E:\c18v3.46\pic18-lt\cxx-framework\src\traditional\proc\p18f4520.asm
                   INTCON   0x000ff2       data     extern E:\c18v3.46\pic18-lt\cxx-framework\src\traditional\proc\p18f4520.asm
                  INTCON2   0x000ff1       data     extern E:\c18v3.46\pic18-lt\cxx-framework\src\traditional\proc\p18f4520.asm
              INTCON2bits   0x000ff1       data     extern E:\c18v3.46\pic18-lt\cxx-framework\src\traditional\proc\p18f4520.asm
                  INTCON3   0x000ff0       data     extern E:\c18v3.46\pic18-lt\cxx-framework\src\traditional\proc\p18f4520.asm
              INTCON3bits   0x000ff0       data     extern E:\c18v3.46\pic18-lt\cxx-framework\src\traditional\proc\p18f4520.asm
               INTCONbits   0x000ff2       data     extern E:\c18v3.46\pic18-lt\cxx-framework\src\traditional\proc\p18f4520.asm
                     IPR1   0x000f9f       data     extern E:\c18v3.46\pic18-lt\cxx-framework\src\traditional\proc\p18f4520.asm
                 IPR1bits   0x000f9f       data     extern E:\c18v3.46\pic18-lt\cxx-framework\src\traditional\proc\p18f4520.asm
                     IPR2   0x000fa2       data     extern E:\c18v3.46\pic18-lt\cxx-framework\src\traditional\proc\p18f4520.asm
                 IPR2bits   0x000fa2       data     extern E:\c18v3.46\pic18-lt\cxx-framework\src\traditional\proc\p18f4520.asm
                     LATA   0x000f89       data     extern E:\c18v3.46\pic18-lt\cxx-framework\src\traditional\proc\p18f4520.asm
                 LATAbits   0x000f89       data     extern E:\c18v3.46\pic18-lt\cxx-framework\src\traditional\proc\p18f4520.asm
                     LATB   0x000f8a       data     extern E:\c18v3.46\pic18-lt\cxx-framework\src\traditional\proc\p18f4520.asm
                 LATBbits   0x000f8a       data     extern E:\c18v3.46\pic18-lt\cxx-framework\src\traditional\proc\p18f4520.asm
                     LATC   0x000f8b       data     extern E:\c18v3.46\pic18-lt\cxx-framework\src\traditional\proc\p18f4520.asm
                 LATCbits   0x000f8b       data     extern E:\c18v3.46\pic18-lt\cxx-framework\src\traditional\proc\p18f4520.asm
                     LATD   0x000f8c       data     extern E:\c18v3.46\pic18-lt\cxx-framework\src\traditional\proc\p18f4520.asm
                 LATDbits   0x000f8c       data     extern E:\c18v3.46\pic18-lt\cxx-framework\src\traditional\proc\p18f4520.asm
                     LATE   0x000f8d       data     extern E:\c18v3.46\pic18-lt\cxx-framework\src\traditional\proc\p18f4520.asm
                 LATEbits   0x000f8d       data     extern E:\c18v3.46\pic18-lt\cxx-framework\src\traditional\proc\p18f4520.asm
                   LVDCON   0x000fd2       data     extern E:\c18v3.46\pic18-lt\cxx-framework\src\traditional\proc\p18f4520.asm
               LVDCONbits   0x000fd2       data     extern E:\c18v3.46\pic18-lt\cxx-framework\src\traditional\proc\p18f4520.asm
                   OSCCON   0x000fd3       data     extern E:\c18v3.46\pic18-lt\cxx-framework\src\traditional\proc\p18f4520.asm
               OSCCONbits   0x000fd3       data     extern E:\c18v3.46\pic18-lt\cxx-framework\src\traditional\proc\p18f4520.asm
                  OSCTUNE   0x000f9b       data     extern E:\c18v3.46\pic18-lt\cxx-framework\src\traditional\proc\p18f4520.asm
              OSCTUNEbits   0x000f9b       data     extern E:\c18v3.46\pic18-lt\cxx-framework\src\traditional\proc\p18f4520.asm
                       PC   0x000ff9       data     extern E:\c18v3.46\pic18-lt\cxx-framework\src\traditional\proc\p18f4520.asm
                      PCL   0x000ff9       data     extern E:\c18v3.46\pic18-lt\cxx-framework\src\traditional\proc\p18f4520.asm
                   PCLATH   0x000ffa       data     extern E:\c18v3.46\pic18-lt\cxx-framework\src\traditional\proc\p18f4520.asm
                   PCLATU   0x000ffb       data     extern E:\c18v3.46\pic18-lt\cxx-framework\src\traditional\proc\p18f4520.asm
                     PIE1   0x000f9d       data     extern E:\c18v3.46\pic18-lt\cxx-framework\src\traditional\proc\p18f4520.asm
                 PIE1bits   0x000f9d       data     extern E:\c18v3.46\pic18-lt\cxx-framework\src\traditional\proc\p18f4520.asm
                     PIE2   0x000fa0       data     extern E:\c18v3.46\pic18-lt\cxx-framework\src\traditional\proc\p18f4520.asm
                 PIE2bits   0x000fa0       data     extern E:\c18v3.46\pic18-lt\cxx-framework\src\traditional\proc\p18f4520.asm
                     PIR1   0x000f9e       data     extern E:\c18v3.46\pic18-lt\cxx-framework\src\traditional\proc\p18f4520.asm
                 PIR1bits   0x000f9e       data     extern E:\c18v3.46\pic18-lt\cxx-framework\src\traditional\proc\p18f4520.asm
                     PIR2   0x000fa1       data     extern E:\c18v3.46\pic18-lt\cxx-framework\src\traditional\proc\p18f4520.asm
                 PIR2bits   0x000fa1       data     extern E:\c18v3.46\pic18-lt\cxx-framework\src\traditional\proc\p18f4520.asm
                   PLUSW0   0x000feb       data     extern E:\c18v3.46\pic18-lt\cxx-framework\src\traditional\proc\p18f4520.asm
                   PLUSW1   0x000fe3       data     extern E:\c18v3.46\pic18-lt\cxx-framework\src\traditional\proc\p18f4520.asm
                   PLUSW2   0x000fdb       data     extern E:\c18v3.46\pic18-lt\cxx-framework\src\traditional\proc\p18f4520.asm
                    PORTA   0x000f80       data     extern E:\c18v3.46\pic18-lt\cxx-framework\src\traditional\proc\p18f4520.asm
                PORTAbits   0x000f80       data     extern E:\c18v3.46\pic18-lt\cxx-framework\src\traditional\proc\p18f4520.asm
                    PORTB   0x000f81       data     extern E:\c18v3.46\pic18-lt\cxx-framework\src\traditional\proc\p18f4520.asm
                PORTBbits   0x000f81       data     extern E:\c18v3.46\pic18-lt\cxx-framework\src\traditional\proc\p18f4520.asm
                    PORTC   0x000f82       data     extern E:\c18v3.46\pic18-lt\cxx-framework\src\traditional\proc\p18f4520.asm
                PORTCbits   0x000f82       data     extern E:\c18v3.46\pic18-lt\cxx-framework\src\traditional\proc\p18f4520.asm
                    PORTD   0x000f83       data     extern E:\c18v3.46\pic18-lt\cxx-framework\src\traditional\proc\p18f4520.asm
                PORTDbits   0x000f83       data     extern E:\c18v3.46\pic18-lt\cxx-framework\src\traditional\proc\p18f4520.asm
                    PORTE   0x000f84       data     extern E:\c18v3.46\pic18-lt\cxx-framework\src\traditional\proc\p18f4520.asm
                PORTEbits   0x000f84       data     extern E:\c18v3.46\pic18-lt\cxx-framework\src\traditional\proc\p18f4520.asm
                 POSTDEC0   0x000fed       data     extern E:\c18v3.46\pic18-lt\cxx-framework\src\traditional\proc\p18f4520.asm
                 POSTDEC1   0x000fe5       data     extern E:\c18v3.46\pic18-lt\cxx-framework\src\traditional\proc\p18f4520.asm
                 POSTDEC2   0x000fdd       data     extern E:\c18v3.46\pic18-lt\cxx-framework\src\traditional\proc\p18f4520.asm
                 POSTINC0   0x000fee       data     extern E:\c18v3.46\pic18-lt\cxx-framework\src\traditional\proc\p18f4520.asm
                 POSTINC1   0x000fe6       data     extern E:\c18v3.46\pic18-lt\cxx-framework\src\traditional\proc\p18f4520.asm
                 POSTINC2   0x000fde       data     extern E:\c18v3.46\pic18-lt\cxx-framework\src\traditional\proc\p18f4520.asm
                      PR2   0x000fcb       data     extern E:\c18v3.46\pic18-lt\cxx-framework\src\traditional\proc\p18f4520.asm
                  PREINC0   0x000fec       data     extern E:\c18v3.46\pic18-lt\cxx-framework\src\traditional\proc\p18f4520.asm
                  PREINC1   0x000fe4       data     extern E:\c18v3.46\pic18-lt\cxx-framework\src\traditional\proc\p18f4520.asm
                  PREINC2   0x000fdc       data     extern E:\c18v3.46\pic18-lt\cxx-framework\src\traditional\proc\p18f4520.asm
                     PROD   0x000ff3       data     extern E:\c18v3.46\pic18-lt\cxx-framework\src\traditional\proc\p18f4520.asm
                    PRODH   0x000ff4       data     extern E:\c18v3.46\pic18-lt\cxx-framework\src\traditional\proc\p18f4520.asm
                    PRODL   0x000ff3       data     extern E:\c18v3.46\pic18-lt\cxx-framework\src\traditional\proc\p18f4520.asm
                  PWM1CON   0x000fb7       data     extern E:\c18v3.46\pic18-lt\cxx-framework\src\traditional\proc\p18f4520.asm
              PWM1CONbits   0x000fb7       data     extern E:\c18v3.46\pic18-lt\cxx-framework\src\traditional\proc\p18f4520.asm
                     RCON   0x000fd0       data     extern E:\c18v3.46\pic18-lt\cxx-framework\src\traditional\proc\p18f4520.asm
                 RCONbits   0x000fd0       data     extern E:\c18v3.46\pic18-lt\cxx-framework\src\traditional\proc\p18f4520.asm
                    RCREG   0x000fae       data     extern E:\c18v3.46\pic18-lt\cxx-framework\src\traditional\proc\p18f4520.asm
                    RCSTA   0x000fab       data     extern E:\c18v3.46\pic18-lt\cxx-framework\src\traditional\proc\p18f4520.asm
                RCSTAbits   0x000fab       data     extern E:\c18v3.46\pic18-lt\cxx-framework\src\traditional\proc\p18f4520.asm
                     SIGN   0x000009       data     extern E:\c18v3.46\pic18-lt\cxx-framework\src\traditional\math\cmath18.asm
                    SPBRG   0x000faf       data     extern E:\c18v3.46\pic18-lt\cxx-framework\src\traditional\proc\p18f4520.asm
                   SPBRGH   0x000fb0       data     extern E:\c18v3.46\pic18-lt\cxx-framework\src\traditional\proc\p18f4520.asm
                   SSPADD   0x000fc8       data     extern E:\c18v3.46\pic18-lt\cxx-framework\src\traditional\proc\p18f4520.asm
                   SSPBUF   0x000fc9       data     extern E:\c18v3.46\pic18-lt\cxx-framework\src\traditional\proc\p18f4520.asm
                  SSPCON1   0x000fc6       data     extern E:\c18v3.46\pic18-lt\cxx-framework\src\traditional\proc\p18f4520.asm
              SSPCON1bits   0x000fc6       data     extern E:\c18v3.46\pic18-lt\cxx-framework\src\traditional\proc\p18f4520.asm
                  SSPCON2   0x000fc5       data     extern E:\c18v3.46\pic18-lt\cxx-framework\src\traditional\proc\p18f4520.asm
              SSPCON2bits   0x000fc5       data     extern E:\c18v3.46\pic18-lt\cxx-framework\src\traditional\proc\p18f4520.asm
                  SSPSTAT   0x000fc7       data     extern E:\c18v3.46\pic18-lt\cxx-framework\src\traditional\proc\p18f4520.asm
              SSPSTATbits   0x000fc7       data     extern E:\c18v3.46\pic18-lt\cxx-framework\src\traditional\proc\p18f4520.asm
                   STATUS   0x000fd8       data     extern E:\c18v3.46\pic18-lt\cxx-framework\src\traditional\proc\p18f4520.asm
               STATUSbits   0x000fd8       data     extern E:\c18v3.46\pic18-lt\cxx-framework\src\traditional\proc\p18f4520.asm
                   STKPTR   0x000ffc       data     extern E:\c18v3.46\pic18-lt\cxx-framework\src\traditional\proc\p18f4520.asm
               STKPTRbits   0x000ffc       data     extern E:\c18v3.46\pic18-lt\cxx-framework\src\traditional\proc\p18f4520.asm
                    T0CON   0x000fd5       data     extern E:\c18v3.46\pic18-lt\cxx-framework\src\traditional\proc\p18f4520.asm
                T0CONbits   0x000fd5       data     extern E:\c18v3.46\pic18-lt\cxx-framework\src\traditional\proc\p18f4520.asm
                    T1CON   0x000fcd       data     extern E:\c18v3.46\pic18-lt\cxx-framework\src\traditional\proc\p18f4520.asm
                T1CONbits   0x000fcd       data     extern E:\c18v3.46\pic18-lt\cxx-framework\src\traditional\proc\p18f4520.asm
                    T2CON   0x000fca       data     extern E:\c18v3.46\pic18-lt\cxx-framework\src\traditional\proc\p18f4520.asm
                T2CONbits   0x000fca       data     extern E:\c18v3.46\pic18-lt\cxx-framework\src\traditional\proc\p18f4520.asm
                    T3CON   0x000fb1       data     extern E:\c18v3.46\pic18-lt\cxx-framework\src\traditional\proc\p18f4520.asm
                T3CONbits   0x000fb1       data     extern E:\c18v3.46\pic18-lt\cxx-framework\src\traditional\proc\p18f4520.asm
                   TABLAT   0x000ff5       data     extern E:\c18v3.46\pic18-lt\cxx-framework\src\traditional\proc\p18f4520.asm
                   TBLPTR   0x000ff6       data     extern E:\c18v3.46\pic18-lt\cxx-framework\src\traditional\proc\p18f4520.asm
                  TBLPTRH   0x000ff7       data     extern E:\c18v3.46\pic18-lt\cxx-framework\src\traditional\proc\p18f4520.asm
                  TBLPTRL   0x000ff6       data     extern E:\c18v3.46\pic18-lt\cxx-framework\src\traditional\proc\p18f4520.asm
                  TBLPTRU   0x000ff8       data     extern E:\c18v3.46\pic18-lt\cxx-framework\src\traditional\proc\p18f4520.asm
                    TMR0H   0x000fd7       data     extern E:\c18v3.46\pic18-lt\cxx-framework\src\traditional\proc\p18f4520.asm
                    TMR0L   0x000fd6       data     extern E:\c18v3.46\pic18-lt\cxx-framework\src\traditional\proc\p18f4520.asm
                    TMR1H   0x000fcf       data     extern E:\c18v3.46\pic18-lt\cxx-framework\src\traditional\proc\p18f4520.asm
                    TMR1L   0x000fce       data     extern E:\c18v3.46\pic18-lt\cxx-framework\src\traditional\proc\p18f4520.asm
                     TMR2   0x000fcc       data     extern E:\c18v3.46\pic18-lt\cxx-framework\src\traditional\proc\p18f4520.asm
                    TMR3H   0x000fb3       data     extern E:\c18v3.46\pic18-lt\cxx-framework\src\traditional\proc\p18f4520.asm
                    TMR3L   0x000fb2       data     extern E:\c18v3.46\pic18-lt\cxx-framework\src\traditional\proc\p18f4520.asm
                      TOS   0x000ffd       data     extern E:\c18v3.46\pic18-lt\cxx-framework\src\traditional\proc\p18f4520.asm
                     TOSH   0x000ffe       data     extern E:\c18v3.46\pic18-lt\cxx-framework\src\traditional\proc\p18f4520.asm
                     TOSL   0x000ffd       data     extern E:\c18v3.46\pic18-lt\cxx-framework\src\traditional\proc\p18f4520.asm
                     TOSU   0x000fff       data     extern E:\c18v3.46\pic18-lt\cxx-framework\src\traditional\proc\p18f4520.asm
                    TRISA   0x000f92       data     extern E:\c18v3.46\pic18-lt\cxx-framework\src\traditional\proc\p18f4520.asm
                TRISAbits   0x000f92       data     extern E:\c18v3.46\pic18-lt\cxx-framework\src\traditional\proc\p18f4520.asm
                    TRISB   0x000f93       data     extern E:\c18v3.46\pic18-lt\cxx-framework\src\traditional\proc\p18f4520.asm
                TRISBbits   0x000f93       data     extern E:\c18v3.46\pic18-lt\cxx-framework\src\traditional\proc\p18f4520.asm
                    TRISC   0x000f94       data     extern E:\c18v3.46\pic18-lt\cxx-framework\src\traditional\proc\p18f4520.asm
                TRISCbits   0x000f94       data     extern E:\c18v3.46\pic18-lt\cxx-framework\src\traditional\proc\p18f4520.asm
                    TRISD   0x000f95       data     extern E:\c18v3.46\pic18-lt\cxx-framework\src\traditional\proc\p18f4520.asm
                TRISDbits   0x000f95       data     extern E:\c18v3.46\pic18-lt\cxx-framework\src\traditional\proc\p18f4520.asm
                    TRISE   0x000f96       data     extern E:\c18v3.46\pic18-lt\cxx-framework\src\traditional\proc\p18f4520.asm
                TRISEbits   0x000f96       data     extern E:\c18v3.46\pic18-lt\cxx-framework\src\traditional\proc\p18f4520.asm
                    TXREG   0x000fad       data     extern E:\c18v3.46\pic18-lt\cxx-framework\src\traditional\proc\p18f4520.asm
                    TXSTA   0x000fac       data     extern E:\c18v3.46\pic18-lt\cxx-framework\src\traditional\proc\p18f4520.asm
                TXSTAbits   0x000fac       data     extern E:\c18v3.46\pic18-lt\cxx-framework\src\traditional\proc\p18f4520.asm
        TimerUpdate_count   0x0001f5       data     static C:\Documents and Settings\Saagar\Desktop\SEPFC_OUTPUT_TRACKING\SPEC Output tracking touchKeypad_HDY_SDY\timer_driver.c
                   UI_MSG   0x0003e5       data     extern C:\Documents and Settings\Saagar\Desktop\SEPFC_OUTPUT_TRACKING\SPEC Output tracking touchKeypad_HDY_SDY\UI.c
             USART_Status   0x0004fb       data     extern E:\c18v3.46\pic18-lt\cxx-framework\src\pmc_common\USART\udefs.c
                        W   0x000fe8       data     extern E:\c18v3.46\pic18-lt\cxx-framework\src\traditional\proc\p18f4520.asm
                   WDTCON   0x000fd1       data     extern E:\c18v3.46\pic18-lt\cxx-framework\src\traditional\proc\p18f4520.asm
               WDTCONbits   0x000fd1       data     extern E:\c18v3.46\pic18-lt\cxx-framework\src\traditional\proc\p18f4520.asm
                     WREG   0x000fe8       data     extern E:\c18v3.46\pic18-lt\cxx-framework\src\traditional\proc\p18f4520.asm
                 __AARGB0   0x000007       data     extern E:\c18v3.46\pic18-lt\cxx-framework\src\traditional\math\aarg.asm
                 __AARGB1   0x000006       data     extern E:\c18v3.46\pic18-lt\cxx-framework\src\traditional\math\aarg.asm
                 __AARGB2   0x000005       data     extern E:\c18v3.46\pic18-lt\cxx-framework\src\traditional\math\aarg.asm
                 __AARGB3   0x000004       data     extern E:\c18v3.46\pic18-lt\cxx-framework\src\traditional\math\aarg.asm
                 __AARGB4   0x000003       data     extern E:\c18v3.46\pic18-lt\cxx-framework\src\traditional\math\aarg.asm
                 __AARGB5   0x000002       data     extern E:\c18v3.46\pic18-lt\cxx-framework\src\traditional\math\aarg.asm
                 __AARGB6   0x000001       data     extern E:\c18v3.46\pic18-lt\cxx-framework\src\traditional\math\aarg.asm
                 __AARGB7   0x000000       data     extern E:\c18v3.46\pic18-lt\cxx-framework\src\traditional\math\aarg.asm
                   __AEXP   0x000008       data     extern E:\c18v3.46\pic18-lt\cxx-framework\src\traditional\math\aarg.asm
                __FPFLAGS   0x00000a       data     extern E:\c18v3.46\pic18-lt\cxx-framework\src\traditional\math\cmath18.asm
            __FPFLAGSbits   0x00000a       data     extern E:\c18v3.46\pic18-lt\cxx-framework\src\traditional\math\cmath18.asm
                  __REMB0   0x000003       data     extern E:\c18v3.46\pic18-lt\cxx-framework\src\traditional\math\aarg.asm
                  __REMB1   0x000002       data     extern E:\c18v3.46\pic18-lt\cxx-framework\src\traditional\math\aarg.asm
                  __REMB2   0x000001       data     extern E:\c18v3.46\pic18-lt\cxx-framework\src\traditional\math\aarg.asm
                  __REMB3   0x000000       data     extern E:\c18v3.46\pic18-lt\cxx-framework\src\traditional\math\aarg.asm
                  __tmp_0   0x00000b       data     static C:\Documents and Settings\Saagar\Desktop\SEPFC_OUTPUT_TRACKING\SPEC Output tracking touchKeypad_HDY_SDY\lcd_driver.c
                  __tmp_0   0x00000b       data     static E:\c18v3.46\pic18-lt\cxx-framework\src\pmc_common\USART\uopen.c
                  __tmp_0   0x00000b       data     static C:\Documents and Settings\Saagar\Desktop\SEPFC_OUTPUT_TRACKING\SPEC Output tracking touchKeypad_HDY_SDY\uart_driver.c
                  __tmp_0   0x00000b       data     static C:\Documents and Settings\Saagar\Desktop\SEPFC_OUTPUT_TRACKING\SPEC Output tracking touchKeypad_HDY_SDY\UI.c
                  __tmp_0   0x00000b       data     static C:\Documents and Settings\Saagar\Desktop\SEPFC_OUTPUT_TRACKING\SPEC Output tracking touchKeypad_HDY_SDY\ias.c
                  __tmp_0   0x00000b       data     static C:\Documents and Settings\Saagar\Desktop\SEPFC_OUTPUT_TRACKING\SPEC Output tracking touchKeypad_HDY_SDY\communication.c
                  __tmp_0   0x00000b       data     static C:\Documents and Settings\Saagar\Desktop\SEPFC_OUTPUT_TRACKING\SPEC Output tracking touchKeypad_HDY_SDY\keypad.c
                      app   0x000300       data     extern C:\Documents and Settings\Saagar\Desktop\SEPFC_OUTPUT_TRACKING\SPEC Output tracking touchKeypad_HDY_SDY\ias.c
          appUpdate_count   0x0001fa       data     extern C:\Documents and Settings\Saagar\Desktop\SEPFC_OUTPUT_TRACKING\SPEC Output tracking touchKeypad_HDY_SDY\timer_driver.c
               comTimeout   0x0001fe       data     extern C:\Documents and Settings\Saagar\Desktop\SEPFC_OUTPUT_TRACKING\SPEC Output tracking touchKeypad_HDY_SDY\communication.c
            communication   0x000400       data     extern C:\Documents and Settings\Saagar\Desktop\SEPFC_OUTPUT_TRACKING\SPEC Output tracking touchKeypad_HDY_SDY\communication.c
                curr_byte   0x000203       data     static E:\c18v3.46\pic18-lt\cxx-framework\src\traditional\startup\c018i.c
               curr_entry   0x000205       data     static E:\c18v3.46\pic18-lt\cxx-framework\src\traditional\startup\c018i.c
                 data_ptr   0x000207       data     static E:\c18v3.46\pic18-lt\cxx-framework\src\traditional\startup\c018i.c
           displayPresent   0x0004fc       data     static C:\Documents and Settings\Saagar\Desktop\SEPFC_OUTPUT_TRACKING\SPEC Output tracking touchKeypad_HDY_SDY\lcd_driver.c
                 duration   0x0004f8       data     static C:\Documents and Settings\Saagar\Desktop\SEPFC_OUTPUT_TRACKING\SPEC Output tracking touchKeypad_HDY_SDY\keypad.c
                  hbState   0x0001fd       data     static C:\Documents and Settings\Saagar\Desktop\SEPFC_OUTPUT_TRACKING\SPEC Output tracking touchKeypad_HDY_SDY\main.c
           hbUpdate_count   0x0001f3       data     extern C:\Documents and Settings\Saagar\Desktop\SEPFC_OUTPUT_TRACKING\SPEC Output tracking touchKeypad_HDY_SDY\timer_driver.c
         kepadInReadIndex   0x0004f5       data     static C:\Documents and Settings\Saagar\Desktop\SEPFC_OUTPUT_TRACKING\SPEC Output tracking touchKeypad_HDY_SDY\keypad.c
                   keypad   0x000494       data     extern C:\Documents and Settings\Saagar\Desktop\SEPFC_OUTPUT_TRACKING\SPEC Output tracking touchKeypad_HDY_SDY\keypad.c
     keypadInWaitingIndex   0x0004f6       data     static C:\Documents and Settings\Saagar\Desktop\SEPFC_OUTPUT_TRACKING\SPEC Output tracking touchKeypad_HDY_SDY\keypad.c
      keypadReceiveBuffer   0x0004b7       data     static C:\Documents and Settings\Saagar\Desktop\SEPFC_OUTPUT_TRACKING\SPEC Output tracking touchKeypad_HDY_SDY\keypad.c
       keypadUpdate_count   0x0001f9       data     extern C:\Documents and Settings\Saagar\Desktop\SEPFC_OUTPUT_TRACKING\SPEC Output tracking touchKeypad_HDY_SDY\timer_driver.c
             lastValidKey   0x0004f7       data     static C:\Documents and Settings\Saagar\Desktop\SEPFC_OUTPUT_TRACKING\SPEC Output tracking touchKeypad_HDY_SDY\keypad.c
                      lcd   0x0001cd       data     extern C:\Documents and Settings\Saagar\Desktop\SEPFC_OUTPUT_TRACKING\SPEC Output tracking touchKeypad_HDY_SDY\lcd_driver.c
                   oldKey   0x0004fa       data     static C:\Documents and Settings\Saagar\Desktop\SEPFC_OUTPUT_TRACKING\SPEC Output tracking touchKeypad_HDY_SDY\keypad.c
                     prom   0x000200       data     static E:\c18v3.46\pic18-lt\cxx-framework\src\traditional\startup\c018i.c
                     uart   0x000147       data     extern C:\Documents and Settings\Saagar\Desktop\SEPFC_OUTPUT_TRACKING\SPEC Output tracking touchKeypad_HDY_SDY\uart_driver.c
                 uartData   0x0001fc       data     extern C:\Documents and Settings\Saagar\Desktop\SEPFC_OUTPUT_TRACKING\SPEC Output tracking touchKeypad_HDY_SDY\main.c
                       ui   0x000100       data     extern C:\Documents and Settings\Saagar\Desktop\SEPFC_OUTPUT_TRACKING\SPEC Output tracking touchKeypad_HDY_SDY\UI.c



                              Symbols - Sorted by Address
                     Name    Address   Location    Storage File                     
                ---------  ---------  ---------  --------- ---------                
                   _entry   0x000000    program     extern E:\c18v3.46\pic18-lt\cxx-framework\src\traditional\startup\c018i.c
       ___return_lbl00000   0x000004    program     static                          
           high_interrupt   0x000008    program     extern C:\Documents and Settings\Saagar\Desktop\SEPFC_OUTPUT_TRACKING\SPEC Output tracking touchKeypad_HDY_SDY\timer_driver.c
           ___if_lbl00001   0x000010    program     static                          
           ___if_lbl00002   0x000018    program     static                          
       ___return_lbl00000   0x000018    program     static                          
                  UI_init   0x0000a4    program     extern C:\Documents and Settings\Saagar\Desktop\SEPFC_OUTPUT_TRACKING\SPEC Output tracking touchKeypad_HDY_SDY\UI.c
                 UI_reset   0x0000c8    program     extern C:\Documents and Settings\Saagar\Desktop\SEPFC_OUTPUT_TRACKING\SPEC Output tracking touchKeypad_HDY_SDY\UI.c
                  UI_task   0x0000e2    program     extern C:\Documents and Settings\Saagar\Desktop\SEPFC_OUTPUT_TRACKING\SPEC Output tracking touchKeypad_HDY_SDY\UI.c
                   mapKey   0x000622    program     extern C:\Documents and Settings\Saagar\Desktop\SEPFC_OUTPUT_TRACKING\SPEC Output tracking touchKeypad_HDY_SDY\UI.c
             getOperators   0x00097a    program     extern C:\Documents and Settings\Saagar\Desktop\SEPFC_OUTPUT_TRACKING\SPEC Output tracking touchKeypad_HDY_SDY\UI.c
                  getData   0x000a06    program     extern C:\Documents and Settings\Saagar\Desktop\SEPFC_OUTPUT_TRACKING\SPEC Output tracking touchKeypad_HDY_SDY\UI.c
            clearUIBuffer   0x000a70    program     extern C:\Documents and Settings\Saagar\Desktop\SEPFC_OUTPUT_TRACKING\SPEC Output tracking touchKeypad_HDY_SDY\UI.c
             clearUIInput   0x000a9a    program     extern C:\Documents and Settings\Saagar\Desktop\SEPFC_OUTPUT_TRACKING\SPEC Output tracking touchKeypad_HDY_SDY\UI.c
                 setUImsg   0x000abc    program     extern C:\Documents and Settings\Saagar\Desktop\SEPFC_OUTPUT_TRACKING\SPEC Output tracking touchKeypad_HDY_SDY\UI.c
                 putUImsg   0x000b48    program     extern C:\Documents and Settings\Saagar\Desktop\SEPFC_OUTPUT_TRACKING\SPEC Output tracking touchKeypad_HDY_SDY\UI.c
                 APP_init   0x000bd0    program     extern C:\Documents and Settings\Saagar\Desktop\SEPFC_OUTPUT_TRACKING\SPEC Output tracking touchKeypad_HDY_SDY\ias.c
                 APP_task   0x000c66    program     extern C:\Documents and Settings\Saagar\Desktop\SEPFC_OUTPUT_TRACKING\SPEC Output tracking touchKeypad_HDY_SDY\ias.c
      APP_startTransition   0x000d5a    program     extern C:\Documents and Settings\Saagar\Desktop\SEPFC_OUTPUT_TRACKING\SPEC Output tracking touchKeypad_HDY_SDY\ias.c
         APP_setReference   0x000eb8    program     extern C:\Documents and Settings\Saagar\Desktop\SEPFC_OUTPUT_TRACKING\SPEC Output tracking touchKeypad_HDY_SDY\ias.c
             APP_setBreak   0x001064    program     extern C:\Documents and Settings\Saagar\Desktop\SEPFC_OUTPUT_TRACKING\SPEC Output tracking touchKeypad_HDY_SDY\ias.c
         APP_setOperators   0x00119c    program     extern C:\Documents and Settings\Saagar\Desktop\SEPFC_OUTPUT_TRACKING\SPEC Output tracking touchKeypad_HDY_SDY\ias.c
          APP_comCallBack   0x001348    program     extern C:\Documents and Settings\Saagar\Desktop\SEPFC_OUTPUT_TRACKING\SPEC Output tracking touchKeypad_HDY_SDY\ias.c
                 COM_init   0x001358    program     extern C:\Documents and Settings\Saagar\Desktop\SEPFC_OUTPUT_TRACKING\SPEC Output tracking touchKeypad_HDY_SDY\communication.c
                COM_reset   0x001392    program     extern C:\Documents and Settings\Saagar\Desktop\SEPFC_OUTPUT_TRACKING\SPEC Output tracking touchKeypad_HDY_SDY\communication.c
                 COM_task   0x0013c4    program     extern C:\Documents and Settings\Saagar\Desktop\SEPFC_OUTPUT_TRACKING\SPEC Output tracking touchKeypad_HDY_SDY\communication.c
              parsePacket   0x001616    program     extern C:\Documents and Settings\Saagar\Desktop\SEPFC_OUTPUT_TRACKING\SPEC Output tracking touchKeypad_HDY_SDY\communication.c
             COM_txPacket   0x0016b8    program     extern C:\Documents and Settings\Saagar\Desktop\SEPFC_OUTPUT_TRACKING\SPEC Output tracking touchKeypad_HDY_SDY\communication.c
         ___else_lbl00037   0x0016f8    program     static                          
           ___if_lbl00036   0x001702    program     static                          
          ___for_lbl00040   0x001706    program     static                          
          ___for_lbl00038   0x00173c    program     static                          
          ___for_lbl00039   0x001742    program     static                          
         ___else_lbl00042   0x00175e    program     static                          
           ___if_lbl00041   0x001768    program     static                          
       ___return_lbl00035   0x00176e    program     static                          
               COM_txData   0x001782    program     extern C:\Documents and Settings\Saagar\Desktop\SEPFC_OUTPUT_TRACKING\SPEC Output tracking touchKeypad_HDY_SDY\communication.c
          ___for_lbl00046   0x0017b8    program     static                          
          ___for_lbl00044   0x0017e2    program     static                          
          ___for_lbl00045   0x0017e8    program     static                          
       ___return_lbl00043   0x001802    program     static                          
                COM_txStr   0x001816    program     extern C:\Documents and Settings\Saagar\Desktop\SEPFC_OUTPUT_TRACKING\SPEC Output tracking touchKeypad_HDY_SDY\communication.c
                 checksum   0x001868    program     extern C:\Documents and Settings\Saagar\Desktop\SEPFC_OUTPUT_TRACKING\SPEC Output tracking touchKeypad_HDY_SDY\communication.c
                  busyLcd   0x0018cc    program     static C:\Documents and Settings\Saagar\Desktop\SEPFC_OUTPUT_TRACKING\SPEC Output tracking touchKeypad_HDY_SDY\lcd_driver.c
        ___while_lbl00001   0x0018f0    program     static                          
           ___if_lbl00003   0x001954    program     static                          
        ___while_lbl00002   0x001956    program     static                          
       ___return_lbl00000   0x001968    program     static                          
    rawWriteCommand8ToLcd   0x001980    program     static C:\Documents and Settings\Saagar\Desktop\SEPFC_OUTPUT_TRACKING\SPEC Output tracking touchKeypad_HDY_SDY\lcd_driver.c
       ___return_lbl00004   0x0019a8    program     static                          
     rawWriteCommandToLcd   0x0019b0    program     extern C:\Documents and Settings\Saagar\Desktop\SEPFC_OUTPUT_TRACKING\SPEC Output tracking touchKeypad_HDY_SDY\lcd_driver.c
       ___return_lbl00005   0x0019f6    program     static                          
        rawWriteDataToLcd   0x0019fe    program     extern C:\Documents and Settings\Saagar\Desktop\SEPFC_OUTPUT_TRACKING\SPEC Output tracking touchKeypad_HDY_SDY\lcd_driver.c
       ___return_lbl00006   0x001a44    program     static                          
                  InitLcd   0x001a4c    program     extern C:\Documents and Settings\Saagar\Desktop\SEPFC_OUTPUT_TRACKING\SPEC Output tracking touchKeypad_HDY_SDY\lcd_driver.c
                setbckspc   0x001bd2    program     extern C:\Documents and Settings\Saagar\Desktop\SEPFC_OUTPUT_TRACKING\SPEC Output tracking touchKeypad_HDY_SDY\lcd_driver.c
                 clearLCD   0x001be8    program     extern C:\Documents and Settings\Saagar\Desktop\SEPFC_OUTPUT_TRACKING\SPEC Output tracking touchKeypad_HDY_SDY\lcd_driver.c
             putCharToLcd   0x001bf6    program     extern C:\Documents and Settings\Saagar\Desktop\SEPFC_OUTPUT_TRACKING\SPEC Output tracking touchKeypad_HDY_SDY\lcd_driver.c
            InitializeLcd   0x001c92    program     extern C:\Documents and Settings\Saagar\Desktop\SEPFC_OUTPUT_TRACKING\SPEC Output tracking touchKeypad_HDY_SDY\lcd_driver.c
               writetoLCD   0x001ca2    program     extern C:\Documents and Settings\Saagar\Desktop\SEPFC_OUTPUT_TRACKING\SPEC Output tracking touchKeypad_HDY_SDY\lcd_driver.c
       UartReceiveHandler   0x001d46    program     extern C:\Documents and Settings\Saagar\Desktop\SEPFC_OUTPUT_TRACKING\SPEC Output tracking touchKeypad_HDY_SDY\uart_driver.c
      UartTransmitHandler   0x001e16    program     extern C:\Documents and Settings\Saagar\Desktop\SEPFC_OUTPUT_TRACKING\SPEC Output tracking touchKeypad_HDY_SDY\uart_driver.c
                UART_init   0x001e9c    program     extern C:\Documents and Settings\Saagar\Desktop\SEPFC_OUTPUT_TRACKING\SPEC Output tracking touchKeypad_HDY_SDY\uart_driver.c
               UART_write   0x001ece    program     extern C:\Documents and Settings\Saagar\Desktop\SEPFC_OUTPUT_TRACKING\SPEC Output tracking touchKeypad_HDY_SDY\uart_driver.c
            UART_transmit   0x001f0c    program     extern C:\Documents and Settings\Saagar\Desktop\SEPFC_OUTPUT_TRACKING\SPEC Output tracking touchKeypad_HDY_SDY\uart_driver.c
             UART_hasData   0x002000    program     extern C:\Documents and Settings\Saagar\Desktop\SEPFC_OUTPUT_TRACKING\SPEC Output tracking touchKeypad_HDY_SDY\uart_driver.c
                UART_read   0x00203a    program     extern C:\Documents and Settings\Saagar\Desktop\SEPFC_OUTPUT_TRACKING\SPEC Output tracking touchKeypad_HDY_SDY\uart_driver.c
                PutrsUART   0x002092    program     extern C:\Documents and Settings\Saagar\Desktop\SEPFC_OUTPUT_TRACKING\SPEC Output tracking touchKeypad_HDY_SDY\uart_driver.c
             PutrsUARTRam   0x0020ee    program     extern C:\Documents and Settings\Saagar\Desktop\SEPFC_OUTPUT_TRACKING\SPEC Output tracking touchKeypad_HDY_SDY\uart_driver.c
              PutcUARTRam   0x002146    program     extern C:\Documents and Settings\Saagar\Desktop\SEPFC_OUTPUT_TRACKING\SPEC Output tracking touchKeypad_HDY_SDY\uart_driver.c
              KEYPAD_init   0x002156    program     extern C:\Documents and Settings\Saagar\Desktop\SEPFC_OUTPUT_TRACKING\SPEC Output tracking touchKeypad_HDY_SDY\keypad.c
              KEYPAD_task   0x002174    program     extern C:\Documents and Settings\Saagar\Desktop\SEPFC_OUTPUT_TRACKING\SPEC Output tracking touchKeypad_HDY_SDY\keypad.c
              KEYPAD_read   0x002210    program     extern C:\Documents and Settings\Saagar\Desktop\SEPFC_OUTPUT_TRACKING\SPEC Output tracking touchKeypad_HDY_SDY\keypad.c
             KEYPAD_reset   0x002296    program     extern C:\Documents and Settings\Saagar\Desktop\SEPFC_OUTPUT_TRACKING\SPEC Output tracking touchKeypad_HDY_SDY\keypad.c
               scanKeypad   0x0022b0    program     static C:\Documents and Settings\Saagar\Desktop\SEPFC_OUTPUT_TRACKING\SPEC Output tracking touchKeypad_HDY_SDY\keypad.c
                timer0ISR   0x0023f8    program     extern C:\Documents and Settings\Saagar\Desktop\SEPFC_OUTPUT_TRACKING\SPEC Output tracking touchKeypad_HDY_SDY\timer_driver.c
               InitTimer0   0x0024e6    program     extern C:\Documents and Settings\Saagar\Desktop\SEPFC_OUTPUT_TRACKING\SPEC Output tracking touchKeypad_HDY_SDY\timer_driver.c
               GetAppTime   0x002504    program     extern C:\Documents and Settings\Saagar\Desktop\SEPFC_OUTPUT_TRACKING\SPEC Output tracking touchKeypad_HDY_SDY\timer_driver.c
             ResetAppTime   0x002554    program     extern C:\Documents and Settings\Saagar\Desktop\SEPFC_OUTPUT_TRACKING\SPEC Output tracking touchKeypad_HDY_SDY\timer_driver.c
                _do_cinit   0x002568    program     extern E:\c18v3.46\pic18-lt\cxx-framework\src\traditional\startup\c018i.c
                     test   0x002582    program     static                          
                copy_loop   0x0025da    program     static                          
            copy_one_byte   0x0025e0    program     static                          
             done_copying   0x0025ee    program     static                          
                     done   0x002604    program     static                          
       ___return_lbl00002   0x002604    program     static                          
                OpenUSART   0x002606    program     extern E:\c18v3.46\pic18-lt\cxx-framework\src\pmc_common\USART\uopen.c
                     main   0x002690    program     extern C:\Documents and Settings\Saagar\Desktop\SEPFC_OUTPUT_TRACKING\SPEC Output tracking touchKeypad_HDY_SDY\main.c
        ___while_lbl00001   0x0026b8    program     static                          
           ___if_lbl00003   0x0026d4    program     static                          
           ___if_lbl00004   0x0026e6    program     static                          
           ___if_lbl00005   0x002708    program     static                          
        ___while_lbl00002   0x00270a    program     static                          
       ___return_lbl00000   0x00270a    program     static                          
                   keyMap   0x002714    program     static C:\Documents and Settings\Saagar\Desktop\SEPFC_OUTPUT_TRACKING\SPEC Output tracking touchKeypad_HDY_SDY\UI.c
               __string_8   0x002764    program     static C:\Documents and Settings\Saagar\Desktop\SEPFC_OUTPUT_TRACKING\SPEC Output tracking touchKeypad_HDY_SDY\UI.c
               __string_7   0x00276f    program     static C:\Documents and Settings\Saagar\Desktop\SEPFC_OUTPUT_TRACKING\SPEC Output tracking touchKeypad_HDY_SDY\UI.c
               __string_6   0x002774    program     static C:\Documents and Settings\Saagar\Desktop\SEPFC_OUTPUT_TRACKING\SPEC Output tracking touchKeypad_HDY_SDY\UI.c
               __string_5   0x00277a    program     static C:\Documents and Settings\Saagar\Desktop\SEPFC_OUTPUT_TRACKING\SPEC Output tracking touchKeypad_HDY_SDY\UI.c
               __string_4   0x00277e    program     static C:\Documents and Settings\Saagar\Desktop\SEPFC_OUTPUT_TRACKING\SPEC Output tracking touchKeypad_HDY_SDY\UI.c
               __string_3   0x002782    program     static C:\Documents and Settings\Saagar\Desktop\SEPFC_OUTPUT_TRACKING\SPEC Output tracking touchKeypad_HDY_SDY\UI.c
               __string_2   0x00278c    program     static C:\Documents and Settings\Saagar\Desktop\SEPFC_OUTPUT_TRACKING\SPEC Output tracking touchKeypad_HDY_SDY\UI.c
               __string_1   0x002797    program     static C:\Documents and Settings\Saagar\Desktop\SEPFC_OUTPUT_TRACKING\SPEC Output tracking touchKeypad_HDY_SDY\UI.c
               __string_0   0x00279c    program     static C:\Documents and Settings\Saagar\Desktop\SEPFC_OUTPUT_TRACKING\SPEC Output tracking touchKeypad_HDY_SDY\UI.c
                ReadUSART   0x0027a2    program     extern E:\c18v3.46\pic18-lt\cxx-framework\src\pmc_common\USART\uread.c
          InitializeBoard   0x0027e0    program     extern C:\Documents and Settings\Saagar\Desktop\SEPFC_OUTPUT_TRACKING\SPEC Output tracking touchKeypad_HDY_SDY\device.c
              WriteTimer0   0x00281a    program     extern E:\c18v3.46\pic18-lt\cxx-framework\src\pmc_common\Timers\t0write.c
               OpenTimer0   0x002852    program     extern E:\c18v3.46\pic18-lt\cxx-framework\src\pmc_common\Timers\t0open.c
                   memset   0x00288a    program     extern E:\c18v3.46\pic18-lt\cxx-framework\src\traditional\stdclib\memset.asm
                    jLoop   0x00289e    program     static E:\c18v3.46\pic18-lt\cxx-framework\src\traditional\stdclib\memset.asm
              _2jContinue   0x0028aa    program     static E:\c18v3.46\pic18-lt\cxx-framework\src\traditional\stdclib\memset.asm
                   _3jEnd   0x0028b4    program     static E:\c18v3.46\pic18-lt\cxx-framework\src\traditional\stdclib\memset.asm
                     jEnd   0x0028bc    program     static E:\c18v3.46\pic18-lt\cxx-framework\src\traditional\stdclib\memset.asm
               WriteUSART   0x0028be    program     extern E:\c18v3.46\pic18-lt\cxx-framework\src\pmc_common\USART\uwrite.c
              Delay1KTCYx   0x0028ec    program     extern E:\c18v3.46\pic18-lt\cxx-framework\src\traditional\delays\d1ktcyx.asm
                     D1Kx   0x0028f6    program     static E:\c18v3.46\pic18-lt\cxx-framework\src\traditional\delays\d1ktcyx.asm
                    D1K_1   0x0028f8    program     static E:\c18v3.46\pic18-lt\cxx-framework\src\traditional\delays\d1ktcyx.asm
        _D1KTCYXCODE_0010   0x0028fc    program     static E:\c18v3.46\pic18-lt\cxx-framework\src\traditional\delays\d1ktcyx.asm
        _D1KTCYXCODE_0016   0x002902    program     static E:\c18v3.46\pic18-lt\cxx-framework\src\traditional\delays\d1ktcyx.asm
            __zero_memory   0x00290c    program     extern E:\c18v3.46\pic18-lt\cxx-framework\src\traditional\proc\p18f4520.asm
                   loop_h   0x00291a    program     static E:\c18v3.46\pic18-lt\cxx-framework\src\traditional\proc\p18f4520.asm
               zero_block   0x00291a    program     static E:\c18v3.46\pic18-lt\cxx-framework\src\traditional\proc\p18f4520.asm
                compare_l   0x002922    program     static E:\c18v3.46\pic18-lt\cxx-framework\src\traditional\proc\p18f4520.asm
                   loop_l   0x002924    program     static E:\c18v3.46\pic18-lt\cxx-framework\src\traditional\proc\p18f4520.asm
[...]
                     DDRD   0x000f95       data     extern E:\c18v3.46\pic18-lt\cxx-framework\src\traditional\proc\p18f4520.asm
                    TRISD   0x000f95       data     extern E:\c18v3.46\pic18-lt\cxx-framework\src\traditional\proc\p18f4520.asm
                TRISDbits   0x000f95       data     extern E:\c18v3.46\pic18-lt\cxx-framework\src\traditional\proc\p18f4520.asm
                TRISEbits   0x000f96       data     extern E:\c18v3.46\pic18-lt\cxx-framework\src\traditional\proc\p18f4520.asm
                    TRISE   0x000f96       data     extern E:\c18v3.46\pic18-lt\cxx-framework\src\traditional\proc\p18f4520.asm
                 DDREbits   0x000f96       data     extern E:\c18v3.46\pic18-lt\cxx-framework\src\traditional\proc\p18f4520.asm
                     DDRE   0x000f96       data     extern E:\c18v3.46\pic18-lt\cxx-framework\src\traditional\proc\p18f4520.asm
                  OSCTUNE   0x000f9b       data     extern E:\c18v3.46\pic18-lt\cxx-framework\src\traditional\proc\p18f4520.asm
              OSCTUNEbits   0x000f9b       data     extern E:\c18v3.46\pic18-lt\cxx-framework\src\traditional\proc\p18f4520.asm
                 PIE1bits   0x000f9d       data     extern E:\c18v3.46\pic18-lt\cxx-framework\src\traditional\proc\p18f4520.asm
                     PIE1   0x000f9d       data     extern E:\c18v3.46\pic18-lt\cxx-framework\src\traditional\proc\p18f4520.asm
                     PIR1   0x000f9e       data     extern E:\c18v3.46\pic18-lt\cxx-framework\src\traditional\proc\p18f4520.asm
                 PIR1bits   0x000f9e       data     extern E:\c18v3.46\pic18-lt\cxx-framework\src\traditional\proc\p18f4520.asm
                     IPR1   0x000f9f       data     extern E:\c18v3.46\pic18-lt\cxx-framework\src\traditional\proc\p18f4520.asm
                 IPR1bits   0x000f9f       data     extern E:\c18v3.46\pic18-lt\cxx-framework\src\traditional\proc\p18f4520.asm
                     PIE2   0x000fa0       data     extern E:\c18v3.46\pic18-lt\cxx-framework\src\traditional\proc\p18f4520.asm
                 PIE2bits   0x000fa0       data     extern E:\c18v3.46\pic18-lt\cxx-framework\src\traditional\proc\p18f4520.asm
                     PIR2   0x000fa1       data     extern E:\c18v3.46\pic18-lt\cxx-framework\src\traditional\proc\p18f4520.asm
                 PIR2bits   0x000fa1       data     extern E:\c18v3.46\pic18-lt\cxx-framework\src\traditional\proc\p18f4520.asm
                     IPR2   0x000fa2       data     extern E:\c18v3.46\pic18-lt\cxx-framework\src\traditional\proc\p18f4520.asm
                 IPR2bits   0x000fa2       data     extern E:\c18v3.46\pic18-lt\cxx-framework\src\traditional\proc\p18f4520.asm
                   EECON1   0x000fa6       data     extern E:\c18v3.46\pic18-lt\cxx-framework\src\traditional\proc\p18f4520.asm
               EECON1bits   0x000fa6       data     extern E:\c18v3.46\pic18-lt\cxx-framework\src\traditional\proc\p18f4520.asm
                   EECON2   0x000fa7       data     extern E:\c18v3.46\pic18-lt\cxx-framework\src\traditional\proc\p18f4520.asm
                   EEDATA   0x000fa8       data     extern E:\c18v3.46\pic18-lt\cxx-framework\src\traditional\proc\p18f4520.asm
                    EEADR   0x000fa9       data     extern E:\c18v3.46\pic18-lt\cxx-framework\src\traditional\proc\p18f4520.asm
                RCSTAbits   0x000fab       data     extern E:\c18v3.46\pic18-lt\cxx-framework\src\traditional\proc\p18f4520.asm
                    RCSTA   0x000fab       data     extern E:\c18v3.46\pic18-lt\cxx-framework\src\traditional\proc\p18f4520.asm
                    TXSTA   0x000fac       data     extern E:\c18v3.46\pic18-lt\cxx-framework\src\traditional\proc\p18f4520.asm
                TXSTAbits   0x000fac       data     extern E:\c18v3.46\pic18-lt\cxx-framework\src\traditional\proc\p18f4520.asm
                    TXREG   0x000fad       data     extern E:\c18v3.46\pic18-lt\cxx-framework\src\traditional\proc\p18f4520.asm
                    RCREG   0x000fae       data     extern E:\c18v3.46\pic18-lt\cxx-framework\src\traditional\proc\p18f4520.asm
                    SPBRG   0x000faf       data     extern E:\c18v3.46\pic18-lt\cxx-framework\src\traditional\proc\p18f4520.asm
                   SPBRGH   0x000fb0       data     extern E:\c18v3.46\pic18-lt\cxx-framework\src\traditional\proc\p18f4520.asm
                T3CONbits   0x000fb1       data     extern E:\c18v3.46\pic18-lt\cxx-framework\src\traditional\proc\p18f4520.asm
                    T3CON   0x000fb1       data     extern E:\c18v3.46\pic18-lt\cxx-framework\src\traditional\proc\p18f4520.asm
                    TMR3L   0x000fb2       data     extern E:\c18v3.46\pic18-lt\cxx-framework\src\traditional\proc\p18f4520.asm
                    TMR3H   0x000fb3       data     extern E:\c18v3.46\pic18-lt\cxx-framework\src\traditional\proc\p18f4520.asm
                CMCONbits   0x000fb4       data     extern E:\c18v3.46\pic18-lt\cxx-framework\src\traditional\proc\p18f4520.asm
                    CMCON   0x000fb4       data     extern E:\c18v3.46\pic18-lt\cxx-framework\src\traditional\proc\p18f4520.asm
               CVRCONbits   0x000fb5       data     extern E:\c18v3.46\pic18-lt\cxx-framework\src\traditional\proc\p18f4520.asm
                   CVRCON   0x000fb5       data     extern E:\c18v3.46\pic18-lt\cxx-framework\src\traditional\proc\p18f4520.asm
               ECCPASbits   0x000fb6       data     extern E:\c18v3.46\pic18-lt\cxx-framework\src\traditional\proc\p18f4520.asm
                   ECCPAS   0x000fb6       data     extern E:\c18v3.46\pic18-lt\cxx-framework\src\traditional\proc\p18f4520.asm
              ECCP1ASbits   0x000fb6       data     extern E:\c18v3.46\pic18-lt\cxx-framework\src\traditional\proc\p18f4520.asm
                  ECCP1AS   0x000fb6       data     extern E:\c18v3.46\pic18-lt\cxx-framework\src\traditional\proc\p18f4520.asm
             ECCP1DELbits   0x000fb7       data     extern E:\c18v3.46\pic18-lt\cxx-framework\src\traditional\proc\p18f4520.asm
                 ECCP1DEL   0x000fb7       data     extern E:\c18v3.46\pic18-lt\cxx-framework\src\traditional\proc\p18f4520.asm
                  PWM1CON   0x000fb7       data     extern E:\c18v3.46\pic18-lt\cxx-framework\src\traditional\proc\p18f4520.asm
              PWM1CONbits   0x000fb7       data     extern E:\c18v3.46\pic18-lt\cxx-framework\src\traditional\proc\p18f4520.asm
              BAUDCTLbits   0x000fb8       data     extern E:\c18v3.46\pic18-lt\cxx-framework\src\traditional\proc\p18f4520.asm
                  BAUDCTL   0x000fb8       data     extern E:\c18v3.46\pic18-lt\cxx-framework\src\traditional\proc\p18f4520.asm
              BAUDCONbits   0x000fb8       data     extern E:\c18v3.46\pic18-lt\cxx-framework\src\traditional\proc\p18f4520.asm
                  BAUDCON   0x000fb8       data     extern E:\c18v3.46\pic18-lt\cxx-framework\src\traditional\proc\p18f4520.asm
              CCP2CONbits   0x000fba       data     extern E:\c18v3.46\pic18-lt\cxx-framework\src\traditional\proc\p18f4520.asm
                  CCP2CON   0x000fba       data     extern E:\c18v3.46\pic18-lt\cxx-framework\src\traditional\proc\p18f4520.asm
                    CCPR2   0x000fbb       data     extern E:\c18v3.46\pic18-lt\cxx-framework\src\traditional\proc\p18f4520.asm
                   CCPR2L   0x000fbb       data     extern E:\c18v3.46\pic18-lt\cxx-framework\src\traditional\proc\p18f4520.asm
                   CCPR2H   0x000fbc       data     extern E:\c18v3.46\pic18-lt\cxx-framework\src\traditional\proc\p18f4520.asm
                  CCP1CON   0x000fbd       data     extern E:\c18v3.46\pic18-lt\cxx-framework\src\traditional\proc\p18f4520.asm
              CCP1CONbits   0x000fbd       data     extern E:\c18v3.46\pic18-lt\cxx-framework\src\traditional\proc\p18f4520.asm
                    CCPR1   0x000fbe       data     extern E:\c18v3.46\pic18-lt\cxx-framework\src\traditional\proc\p18f4520.asm
                   CCPR1L   0x000fbe       data     extern E:\c18v3.46\pic18-lt\cxx-framework\src\traditional\proc\p18f4520.asm
                   CCPR1H   0x000fbf       data     extern E:\c18v3.46\pic18-lt\cxx-framework\src\traditional\proc\p18f4520.asm
                   ADCON2   0x000fc0       data     extern E:\c18v3.46\pic18-lt\cxx-framework\src\traditional\proc\p18f4520.asm
               ADCON2bits   0x000fc0       data     extern E:\c18v3.46\pic18-lt\cxx-framework\src\traditional\proc\p18f4520.asm
               ADCON1bits   0x000fc1       data     extern E:\c18v3.46\pic18-lt\cxx-framework\src\traditional\proc\p18f4520.asm
                   ADCON1   0x000fc1       data     extern E:\c18v3.46\pic18-lt\cxx-framework\src\traditional\proc\p18f4520.asm
                   ADCON0   0x000fc2       data     extern E:\c18v3.46\pic18-lt\cxx-framework\src\traditional\proc\p18f4520.asm
               ADCON0bits   0x000fc2       data     extern E:\c18v3.46\pic18-lt\cxx-framework\src\traditional\proc\p18f4520.asm
                    ADRES   0x000fc3       data     extern E:\c18v3.46\pic18-lt\cxx-framework\src\traditional\proc\p18f4520.asm
                   ADRESL   0x000fc3       data     extern E:\c18v3.46\pic18-lt\cxx-framework\src\traditional\proc\p18f4520.asm
                   ADRESH   0x000fc4       data     extern E:\c18v3.46\pic18-lt\cxx-framework\src\traditional\proc\p18f4520.asm
                  SSPCON2   0x000fc5       data     extern E:\c18v3.46\pic18-lt\cxx-framework\src\traditional\proc\p18f4520.asm
              SSPCON2bits   0x000fc5       data     extern E:\c18v3.46\pic18-lt\cxx-framework\src\traditional\proc\p18f4520.asm
                  SSPCON1   0x000fc6       data     extern E:\c18v3.46\pic18-lt\cxx-framework\src\traditional\proc\p18f4520.asm
              SSPCON1bits   0x000fc6       data     extern E:\c18v3.46\pic18-lt\cxx-framework\src\traditional\proc\p18f4520.asm
                  SSPSTAT   0x000fc7       data     extern E:\c18v3.46\pic18-lt\cxx-framework\src\traditional\proc\p18f4520.asm
              SSPSTATbits   0x000fc7       data     extern E:\c18v3.46\pic18-lt\cxx-framework\src\traditional\proc\p18f4520.asm
                   SSPADD   0x000fc8       data     extern E:\c18v3.46\pic18-lt\cxx-framework\src\traditional\proc\p18f4520.asm
                   SSPBUF   0x000fc9       data     extern E:\c18v3.46\pic18-lt\cxx-framework\src\traditional\proc\p18f4520.asm
                    T2CON   0x000fca       data     extern E:\c18v3.46\pic18-lt\cxx-framework\src\traditional\proc\p18f4520.asm
                T2CONbits   0x000fca       data     extern E:\c18v3.46\pic18-lt\cxx-framework\src\traditional\proc\p18f4520.asm
                      PR2   0x000fcb       data     extern E:\c18v3.46\pic18-lt\cxx-framework\src\traditional\proc\p18f4520.asm
                     TMR2   0x000fcc       data     extern E:\c18v3.46\pic18-lt\cxx-framework\src\traditional\proc\p18f4520.asm
                    T1CON   0x000fcd       data     extern E:\c18v3.46\pic18-lt\cxx-framework\src\traditional\proc\p18f4520.asm
                T1CONbits   0x000fcd       data     extern E:\c18v3.46\pic18-lt\cxx-framework\src\traditional\proc\p18f4520.asm
                    TMR1L   0x000fce       data     extern E:\c18v3.46\pic18-lt\cxx-framework\src\traditional\proc\p18f4520.asm
                    TMR1H   0x000fcf       data     extern E:\c18v3.46\pic18-lt\cxx-framework\src\traditional\proc\p18f4520.asm
                     RCON   0x000fd0       data     extern E:\c18v3.46\pic18-lt\cxx-framework\src\traditional\proc\p18f4520.asm
                 RCONbits   0x000fd0       data     extern E:\c18v3.46\pic18-lt\cxx-framework\src\traditional\proc\p18f4520.asm
               WDTCONbits   0x000fd1       data     extern E:\c18v3.46\pic18-lt\cxx-framework\src\traditional\proc\p18f4520.asm
                   WDTCON   0x000fd1       data     extern E:\c18v3.46\pic18-lt\cxx-framework\src\traditional\proc\p18f4520.asm
                  HLVDCON   0x000fd2       data     extern E:\c18v3.46\pic18-lt\cxx-framework\src\traditional\proc\p18f4520.asm
              HLVDCONbits   0x000fd2       data     extern E:\c18v3.46\pic18-lt\cxx-framework\src\traditional\proc\p18f4520.asm
                   LVDCON   0x000fd2       data     extern E:\c18v3.46\pic18-lt\cxx-framework\src\traditional\proc\p18f4520.asm
               LVDCONbits   0x000fd2       data     extern E:\c18v3.46\pic18-lt\cxx-framework\src\traditional\proc\p18f4520.asm
                   OSCCON   0x000fd3       data     extern E:\c18v3.46\pic18-lt\cxx-framework\src\traditional\proc\p18f4520.asm
               OSCCONbits   0x000fd3       data     extern E:\c18v3.46\pic18-lt\cxx-framework\src\traditional\proc\p18f4520.asm
                    T0CON   0x000fd5       data     extern E:\c18v3.46\pic18-lt\cxx-framework\src\traditional\proc\p18f4520.asm
                T0CONbits   0x000fd5       data     extern E:\c18v3.46\pic18-lt\cxx-framework\src\traditional\proc\p18f4520.asm
                    TMR0L   0x000fd6       data     extern E:\c18v3.46\pic18-lt\cxx-framework\src\traditional\proc\p18f4520.asm
                    TMR0H   0x000fd7       data     extern E:\c18v3.46\pic18-lt\cxx-framework\src\traditional\proc\p18f4520.asm
               STATUSbits   0x000fd8       data     extern E:\c18v3.46\pic18-lt\cxx-framework\src\traditional\proc\p18f4520.asm
                   STATUS   0x000fd8       data     extern E:\c18v3.46\pic18-lt\cxx-framework\src\traditional\proc\p18f4520.asm
                    FSR2L   0x000fd9       data     extern E:\c18v3.46\pic18-lt\cxx-framework\src\traditional\proc\p18f4520.asm
                     FSR2   0x000fd9       data     extern E:\c18v3.46\pic18-lt\cxx-framework\src\traditional\proc\p18f4520.asm
                    FSR2H   0x000fda       data     extern E:\c18v3.46\pic18-lt\cxx-framework\src\traditional\proc\p18f4520.asm
                   PLUSW2   0x000fdb       data     extern E:\c18v3.46\pic18-lt\cxx-framework\src\traditional\proc\p18f4520.asm
                  PREINC2   0x000fdc       data     extern E:\c18v3.46\pic18-lt\cxx-framework\src\traditional\proc\p18f4520.asm
                 POSTDEC2   0x000fdd       data     extern E:\c18v3.46\pic18-lt\cxx-framework\src\traditional\proc\p18f4520.asm
                 POSTINC2   0x000fde       data     extern E:\c18v3.46\pic18-lt\cxx-framework\src\traditional\proc\p18f4520.asm
                    INDF2   0x000fdf       data     extern E:\c18v3.46\pic18-lt\cxx-framework\src\traditional\proc\p18f4520.asm
                      BSR   0x000fe0       data     extern E:\c18v3.46\pic18-lt\cxx-framework\src\traditional\proc\p18f4520.asm
                    FSR1L   0x000fe1       data     extern E:\c18v3.46\pic18-lt\cxx-framework\src\traditional\proc\p18f4520.asm
                     FSR1   0x000fe1       data     extern E:\c18v3.46\pic18-lt\cxx-framework\src\traditional\proc\p18f4520.asm
                    FSR1H   0x000fe2       data     extern E:\c18v3.46\pic18-lt\cxx-framework\src\traditional\proc\p18f4520.asm
                   PLUSW1   0x000fe3       data     extern E:\c18v3.46\pic18-lt\cxx-framework\src\traditional\proc\p18f4520.asm
                  PREINC1   0x000fe4       data     extern E:\c18v3.46\pic18-lt\cxx-framework\src\traditional\proc\p18f4520.asm
                 POSTDEC1   0x000fe5       data     extern E:\c18v3.46\pic18-lt\cxx-framework\src\traditional\proc\p18f4520.asm
                 POSTINC1   0x000fe6       data     extern E:\c18v3.46\pic18-lt\cxx-framework\src\traditional\proc\p18f4520.asm
                    INDF1   0x000fe7       data     extern E:\c18v3.46\pic18-lt\cxx-framework\src\traditional\proc\p18f4520.asm
                        W   0x000fe8       data     extern E:\c18v3.46\pic18-lt\cxx-framework\src\traditional\proc\p18f4520.asm
                     WREG   0x000fe8       data     extern E:\c18v3.46\pic18-lt\cxx-framework\src\traditional\proc\p18f4520.asm
                    FSR0L   0x000fe9       data     extern E:\c18v3.46\pic18-lt\cxx-framework\src\traditional\proc\p18f4520.asm
                     FSR0   0x000fe9       data     extern E:\c18v3.46\pic18-lt\cxx-framework\src\traditional\proc\p18f4520.asm
                    FSR0H   0x000fea       data     extern E:\c18v3.46\pic18-lt\cxx-framework\src\traditional\proc\p18f4520.asm
                   PLUSW0   0x000feb       data     extern E:\c18v3.46\pic18-lt\cxx-framework\src\traditional\proc\p18f4520.asm
                  PREINC0   0x000fec       data     extern E:\c18v3.46\pic18-lt\cxx-framework\src\traditional\proc\p18f4520.asm
                 POSTDEC0   0x000fed       data     extern E:\c18v3.46\pic18-lt\cxx-framework\src\traditional\proc\p18f4520.asm
                 POSTINC0   0x000fee       data     extern E:\c18v3.46\pic18-lt\cxx-framework\src\traditional\proc\p18f4520.asm
                    INDF0   0x000fef       data     extern E:\c18v3.46\pic18-lt\cxx-framework\src\traditional\proc\p18f4520.asm
                  INTCON3   0x000ff0       data     extern E:\c18v3.46\pic18-lt\cxx-framework\src\traditional\proc\p18f4520.asm
              INTCON3bits   0x000ff0       data     extern E:\c18v3.46\pic18-lt\cxx-framework\src\traditional\proc\p18f4520.asm
              INTCON2bits   0x000ff1       data     extern E:\c18v3.46\pic18-lt\cxx-framework\src\traditional\proc\p18f4520.asm
                  INTCON2   0x000ff1       data     extern E:\c18v3.46\pic18-lt\cxx-framework\src\traditional\proc\p18f4520.asm
                   INTCON   0x000ff2       data     extern E:\c18v3.46\pic18-lt\cxx-framework\src\traditional\proc\p18f4520.asm
               INTCONbits   0x000ff2       data     extern E:\c18v3.46\pic18-lt\cxx-framework\src\traditional\proc\p18f4520.asm
                     PROD   0x000ff3       data     extern E:\c18v3.46\pic18-lt\cxx-framework\src\traditional\proc\p18f4520.asm
                    PRODL   0x000ff3       data     extern E:\c18v3.46\pic18-lt\cxx-framework\src\traditional\proc\p18f4520.asm
                    PRODH   0x000ff4       data     extern E:\c18v3.46\pic18-lt\cxx-framework\src\traditional\proc\p18f4520.asm
                   TABLAT   0x000ff5       data     extern E:\c18v3.46\pic18-lt\cxx-framework\src\traditional\proc\p18f4520.asm
                  TBLPTRL   0x000ff6       data     extern E:\c18v3.46\pic18-lt\cxx-framework\src\traditional\proc\p18f4520.asm
                   TBLPTR   0x000ff6       data     extern E:\c18v3.46\pic18-lt\cxx-framework\src\traditional\proc\p18f4520.asm
                  TBLPTRH   0x000ff7       data     extern E:\c18v3.46\pic18-lt\cxx-framework\src\traditional\proc\p18f4520.asm
                  TBLPTRU   0x000ff8       data     extern E:\c18v3.46\pic18-lt\cxx-framework\src\traditional\proc\p18f4520.asm
                       PC   0x000ff9       data     extern E:\c18v3.46\pic18-lt\cxx-framework\src\traditional\proc\p18f4520.asm
                      PCL   0x000ff9       data     extern E:\c18v3.46\pic18-lt\cxx-framework\src\traditional\proc\p18f4520.asm
                   PCLATH   0x000ffa       data     extern E:\c18v3.46\pic18-lt\cxx-framework\src\traditional\proc\p18f4520.asm
                   PCLATU   0x000ffb       data     extern E:\c18v3.46\pic18-lt\cxx-framework\src\traditional\proc\p18f4520.asm
               STKPTRbits   0x000ffc       data     extern E:\c18v3.46\pic18-lt\cxx-framework\src\traditional\proc\p18f4520.asm
                   STKPTR   0x000ffc       data     extern E:\c18v3.46\pic18-lt\cxx-framework\src\traditional\proc\p18f4520.asm
                     TOSL   0x000ffd       data     extern E:\c18v3.46\pic18-lt\cxx-framework\src\traditional\proc\p18f4520.asm
                      TOS   0x000ffd       data     extern E:\c18v3.46\pic18-lt\cxx-framework\src\traditional\proc\p18f4520.asm
                     TOSH   0x000ffe       data     extern E:\c18v3.46\pic18-lt\cxx-framework\src\traditional\proc\p18f4520.asm
                     TOSU   0x000fff       data     extern E:\c18v3.46\pic18-lt\cxx-framework\src\traditional\proc\p18f4520.asm


