MPLINK 4.48, Linker
Linker Map File - Created Fri Sep 12 11:05:42 2014

                                 Section Info
                  Section       Type    Address   Location Size(Bytes)
                ---------  ---------  ---------  ---------  ---------
               _entry_scn       code   0x000000    program   0x000006
           .code___init.o       code   0x000006    program   0x000002
              high_vector       code   0x000008    program   0x000032
                   .cinit    romdata   0x00003a    program   0x0000aa
              .code_app.o       code   0x0000e4    program   0x0042b6
              .code_MMD.o       code   0x00439a    program   0x00225e
         .code_math_fun.o       code   0x0065f8    program   0x000b8e
       .code_rtc_driver.o       code   0x007186    program   0x000ace
      .code_uart_driver.o       code   0x007c54    program   0x0006bc
    .code_communication.o       code   0x008310    program   0x00069a
           .romdata_MMD.o    romdata   0x0089aa    program   0x0003b8
            .code_timer.o       code   0x008d62    program   0x000356
     .code_linearkeypad.o       code   0x0090b8    program   0x000296
 .code_eeprom_interface.o       code   0x00934e    program   0x000258
       .code_i2c_driver.o       code   0x0095a6    program   0x000248
             .code_main.o       code   0x0097ee    program   0x000152
                     PROG       code   0x009940    program   0x0000f0
            .code_board.o       code   0x009a30    program   0x0000d6
               _cinit_scn       code   0x009b06    program   0x00009e
                   STRING       code   0x009ba4    program   0x000092
           .code_u2open.o       code   0x009c36    program   0x00008a
.code_Externalinterrupt.o       code   0x009cc0    program   0x00008a
           .code_u1open.o       code   0x009d4a    program   0x000084
          .code_write_B.o       code   0x009dce    program   0x000078
             .stringtable    romdata   0x009e46    program   0x000076
          .code_fxm3232.o       code   0x009ebc    program   0x000070
          .code_rb1open.o       code   0x009f2c    program   0x000054
          .code_rb0open.o       code   0x009f80    program   0x00004a
         .code_fxd3232u.o       code   0x009fca    program   0x000048
           .code_t3open.o       code   0x00a012    program   0x000042
           .code_t1open.o       code   0x00a054    program   0x000042
           .code_u2read.o       code   0x00a096    program   0x00003e
           .code_u1read.o       code   0x00a0d4    program   0x00003e
          .code_t3write.o       code   0x00a112    program   0x000038
          .code_t1write.o       code   0x00a14a    program   0x000038
          .code_t0write.o       code   0x00a182    program   0x000038
           .code_t0open.o       code   0x00a1ba    program   0x000038
         .code_fxd1616u.o       code   0x00a1f2    program   0x00002c
              D1KTCYXCODE       code   0x00a21e    program   0x000020
                    .code       code   0x00a23e    program   0x000020
        .code_heartBeat.o       code   0x00a25e    program   0x00001e
             _startup_scn       code   0x00a27c    program   0x00001c
         .code_fxd0808u.o       code   0x00a298    program   0x00001c
              D10TCYXCODE       code   0x00a2b4    program   0x000016
         .code_busy_eep.o       code   0x00a2ca    program   0x000006
 .romdata_communication.o    romdata   0x00a2d0    program   0x000005
               uartdata_i    romdata   0x00a2d5    program   0x0000fc
     targethistory_data_i    romdata   0x00a3d1    program   0x0000f0
               mmd_data_i    romdata   0x00a4c1    program   0x0002bb
         kehistory_data_i    romdata   0x00a77c    program   0x0001e0
              com1_data_i    romdata   0x00a95c    program   0x00008c
               app_data_i    romdata   0x00a9e8    program   0x000162
        .romdata_u2read.o    romdata   0x00ab4a    program   0x000000
      .romdata_fxd0808u.o    romdata   0x00ab4a    program   0x000000
        .idata_u2read.o_i    romdata   0x00ab4a    program   0x000000
  .romdata_linearkeypad.o    romdata   0x00ab4a    program   0x000000
      .romdata_fxd1616u.o    romdata   0x00ab4a    program   0x000000
        .romdata_u1read.o    romdata   0x00ab4a    program   0x000000
      .romdata_fxd3232u.o    romdata   0x00ab4a    program   0x000000
        .romdata___init.o    romdata   0x00ab4a    program   0x000000
        .idata_u1read.o_i    romdata   0x00ab4a    program   0x000000
       .romdata_fxm3232.o    romdata   0x00ab4a    program   0x000000
.romdata_interruptvector.o    romdata   0x00ab4a    program   0x000000
        .idata_u1open.o_i    romdata   0x00ab4a    program   0x000000
        .romdata_u1open.o    romdata   0x00ab4a    program   0x000000
        .idata_u2open.o_i    romdata   0x00ab4a    program   0x000000
        .romdata_u2open.o    romdata   0x00ab4a    program   0x000000
         .romdata_c018i.o    romdata   0x00ab4a    program   0x000000
       .romdata_rb0open.o    romdata   0x00ab4a    program   0x000000
    .romdata_i2c_driver.o    romdata   0x00ab4a    program   0x000000
       .romdata_rb1open.o    romdata   0x00ab4a    program   0x000000
        .romdata_t0open.o    romdata   0x00ab4a    program   0x000000
     .romdata_heartBeat.o    romdata   0x00ab4a    program   0x000000
        .romdata_t1open.o    romdata   0x00ab4a    program   0x000000
        .romdata_t3open.o    romdata   0x00ab4a    program   0x000000
.romdata_eeprom_interface.o    romdata   0x00ab4a    program   0x000000
      .romdata_math_fun.o    romdata   0x00ab4a    program   0x000000
         .romdata_board.o    romdata   0x00ab4a    program   0x000000
        .idata_u2defs.o_i    romdata   0x00ab4a    program   0x000000
        .romdata_u1defs.o    romdata   0x00ab4a    program   0x000000
        .romdata_u2defs.o    romdata   0x00ab4a    program   0x000000
    .romdata_rtc_driver.o    romdata   0x00ab4a    program   0x000000
         .idata_timer.o_i    romdata   0x00ab4a    program   0x00001a
         .romdata_timer.o    romdata   0x00ab4a    program   0x000000
       .romdata_t0write.o    romdata   0x00ab4a    program   0x000000
   .idata_uart_driver.o_i    romdata   0x00ab4a    program   0x000000
   .romdata_uart_driver.o    romdata   0x00ab4a    program   0x000000
          .romdata_main.o    romdata   0x00ab4a    program   0x000000
       .romdata_write_B.o    romdata   0x00ab4a    program   0x000000
       .idata_write_B.o_i    romdata   0x00ab4a    program   0x000000
      .romdata_busy_eep.o    romdata   0x00ab4a    program   0x000000
       .romdata_t3write.o    romdata   0x00ab4a    program   0x000000
       .romdata_t1write.o    romdata   0x00ab4a    program   0x000000
           .romdata_app.o    romdata   0x00ab4a    program   0x000000
.romdata_Externalinterrupt.o    romdata   0x00ab4a    program   0x000000
        .idata_u1defs.o_i    romdata   0x00ab4a    program   0x000000
       .idata_t3write.o_i    romdata   0x00ab64    program   0x000000
       .idata_t0write.o_i    romdata   0x00ab64    program   0x000000
    .idata_rtc_driver.o_i    romdata   0x00ab64    program   0x000030
       .idata_t1write.o_i    romdata   0x00ab64    program   0x000000
        .idata_t0open.o_i    romdata   0x00ab64    program   0x000000
        .idata_t1open.o_i    romdata   0x00ab64    program   0x000000
        .idata_t3open.o_i    romdata   0x00ab64    program   0x000000
       .idata_rb0open.o_i    romdata   0x00ab94    program   0x000000
       .idata_rb1open.o_i    romdata   0x00ab94    program   0x000000
      .idata_math_fun.o_i    romdata   0x00ab94    program   0x000000
          .idata_main.o_i    romdata   0x00ab94    program   0x000007
  .idata_linearkeypad.o_i    romdata   0x00ab9b    program   0x000011
     .idata_heartBeat.o_i    romdata   0x00abac    program   0x000001
    .idata_i2c_driver.o_i    romdata   0x00abac    program   0x000000
.idata_interruptvector.o_i    romdata   0x00abac    program   0x000000
       .idata_fxm3232.o_i    romdata   0x00abad    program   0x000000
      .idata_fxd3232u.o_i    romdata   0x00abad    program   0x000000
      .idata_fxd1616u.o_i    romdata   0x00abad    program   0x000000
      .idata_fxd0808u.o_i    romdata   0x00abad    program   0x000000
.idata_eeprom_interface.o_i    romdata   0x00abad    program   0x000000
 .idata_communication.o_i    romdata   0x00abad    program   0x000002
         .idata_c018i.o_i    romdata   0x00abaf    program   0x000000
           .idata_app.o_i    romdata   0x00abaf    program   0x00001c
      .idata_busy_eep.o_i    romdata   0x00abaf    program   0x000000
         .idata_board.o_i    romdata   0x00abaf    program   0x000000
        .idata___init.o_i    romdata   0x00abcb    program   0x000000
.idata_Externalinterrupt.o_i    romdata   0x00abcb    program   0x000002
           .idata_MMD.o_i    romdata   0x00abcb    program   0x000000
           .code_u1defs.o       code   0x00abce    program   0x000000
            .code_c018i.o       code   0x00abce    program   0x000000
  .code_interruptvector.o       code   0x00abce    program   0x000000
           .code_u2defs.o       code   0x00abce    program   0x000000
    .config_300001_main.o    romdata   0x300001    program   0x000001
    .config_300002_main.o    romdata   0x300002    program   0x000001
    .config_300003_main.o    romdata   0x300003    program   0x000001
    .config_300004_main.o    romdata   0x300004    program   0x000001
    .config_300005_main.o    romdata   0x300005    program   0x000001
    .config_300006_main.o    romdata   0x300006    program   0x000001
    .config_300008_main.o    romdata   0x300008    program   0x000001
    .config_300009_main.o    romdata   0x300009    program   0x000001
    .config_30000a_main.o    romdata   0x30000a    program   0x000001
    .config_30000b_main.o    romdata   0x30000b    program   0x000001
    .config_30000c_main.o    romdata   0x30000c    program   0x000001
    .config_30000d_main.o    romdata   0x30000d    program   0x000001
                MATH_DATA      udata   0x000000       data   0x000014
                 .tmpdata      udata   0x000014       data   0x000010
                DELAYDAT1      udata   0x000024       data   0x000001
    .idata_linearkeypad.o      idata   0x000060       data   0x000011
      .udata_rtc_driver.o      udata   0x000071       data   0x000008
            .idata_main.o      idata   0x000079       data   0x000007
          .udata_t0open.o      udata   0x000080       data   0x000000
         .idata_rb1open.o      idata   0x000080       data   0x000000
         .udata_rb1open.o      udata   0x000080       data   0x000000
         .idata_rb0open.o      idata   0x000080       data   0x000000
         .udata_rb0open.o      udata   0x000080       data   0x000000
          .idata_u2open.o      idata   0x000080       data   0x000000
          .udata_u2open.o      udata   0x000080       data   0x000000
          .idata_u1open.o      idata   0x000080       data   0x000000
          .udata_u1open.o      udata   0x000080       data   0x000000
         .idata_fxm3232.o      idata   0x000080       data   0x000000
         .udata_fxm3232.o      udata   0x000080       data   0x000000
        .idata_fxd3232u.o      idata   0x000080       data   0x000000
        .udata_fxd3232u.o      udata   0x000080       data   0x000000
        .idata_fxd1616u.o      idata   0x000080       data   0x000000
        .udata_fxd1616u.o      udata   0x000080       data   0x000000
        .idata_fxd0808u.o      idata   0x000080       data   0x000000
        .udata_fxd0808u.o      udata   0x000080       data   0x000000
          .idata___init.o      idata   0x000080       data   0x000000
          .udata___init.o      udata   0x000080       data   0x000000
         .idata_write_B.o      idata   0x000080       data   0x000000
         .udata_write_B.o      udata   0x000080       data   0x000000
         .idata_t3write.o      idata   0x000080       data   0x000000
         .udata_t3write.o      udata   0x000080       data   0x000000
         .idata_t1write.o      idata   0x000080       data   0x000000
         .udata_t1write.o      udata   0x000080       data   0x000000
         .idata_t0write.o      idata   0x000080       data   0x000000
         .udata_t0write.o      udata   0x000080       data   0x000000
          .idata_u2defs.o      idata   0x000080       data   0x000000
          .idata_u1defs.o      idata   0x000080       data   0x000000
          .idata_u2read.o      idata   0x000080       data   0x000000
          .udata_u2read.o      udata   0x000080       data   0x000000
          .idata_u1read.o      idata   0x000080       data   0x000000
          .udata_u1read.o      udata   0x000080       data   0x000000
          .idata_t3open.o      idata   0x000080       data   0x000000
          .udata_t3open.o      udata   0x000080       data   0x000000
          .idata_t1open.o      idata   0x000080       data   0x000000
          .udata_t1open.o      udata   0x000080       data   0x000000
          .idata_t0open.o      idata   0x000080       data   0x000000
           .idata_c018i.o      idata   0x000080       data   0x000000
             .udata_app.o      udata   0x000080       data   0x000000
           .idata_board.o      idata   0x000080       data   0x000000
   .udata_communication.o      udata   0x000080       data   0x000000
.udata_eeprom_interface.o      udata   0x000080       data   0x000000
.idata_eeprom_interface.o      idata   0x000080       data   0x000000
       .udata_heartBeat.o      udata   0x000080       data   0x000000
      .udata_i2c_driver.o      udata   0x000080       data   0x000000
      .idata_i2c_driver.o      idata   0x000080       data   0x000000
 .udata_interruptvector.o      udata   0x000080       data   0x000000
 .idata_interruptvector.o      idata   0x000080       data   0x000000
    .udata_linearkeypad.o      udata   0x000080       data   0x000000
            .udata_main.o      udata   0x000080       data   0x000000
        .udata_math_fun.o      udata   0x000080       data   0x000000
        .idata_math_fun.o      idata   0x000080       data   0x000000
             .udata_MMD.o      udata   0x000080       data   0x000000
             .idata_MMD.o      idata   0x000080       data   0x000000
        .idata_busy_eep.o      idata   0x000080       data   0x000000
        .udata_busy_eep.o      udata   0x000080       data   0x000000
           .udata_timer.o      udata   0x000080       data   0x000000
     .udata_uart_driver.o      udata   0x000080       data   0x000000
.udata_Externalinterrupt.o      udata   0x000080       data   0x000000
     .idata_uart_driver.o      idata   0x000080       data   0x000000
                com1_data      idata   0x000100       data   0x00008c
      .idata_rtc_driver.o      idata   0x00018c       data   0x000030
             .idata_app.o      idata   0x0001bc       data   0x00001c
           .idata_timer.o      idata   0x0001d8       data   0x00001a
           .udata_c018i.o      udata   0x0001f2       data   0x00000a
   .idata_communication.o      idata   0x0001fc       data   0x000002
.idata_Externalinterrupt.o      idata   0x0001fe       data   0x000002
                 uartdata      idata   0x000200       data   0x0000fc
          .udata_u2defs.o      udata   0x0002fc       data   0x000001
          .udata_u1defs.o      udata   0x0002fd       data   0x000001
           .udata_board.o      udata   0x0002fe       data   0x000001
       .idata_heartBeat.o      idata   0x0002ff       data   0x000001
                 mmd_data      idata   0x000300       data   0x0002bb
                 app_data      idata   0x000700       data   0x000162
           kehistory_data      idata   0x000900       data   0x0001e0
       targethistory_data      idata   0x000b00       data   0x0000f0
                   .stack      udata   0x000e00       data   0x000100
            SFR_UNBANKED0      udata   0x000f62       data   0x00009e



                              Program Memory Usage 
                               Start         End      
                           ---------   ---------      
                            0x000000    0x00abcc      
                            0x300001    0x300006      
                            0x300008    0x30000d      
            43993 out of 132120 program addresses used, program memory utilization is 33%



                              Symbols - Sorted by Name
                     Name    Address   Location    Storage File                     
                ---------  ---------  ---------  --------- ---------                
          APP_comCallBack   0x000d7a    program     extern C:\Documents and Settings\Saagar\Desktop\SEPFC_OUTPUT_TRACKING\CellAssemblyOutpuEvaluator_Debounce\app.c
                 APP_init   0x0000e4    program     extern C:\Documents and Settings\Saagar\Desktop\SEPFC_OUTPUT_TRACKING\CellAssemblyOutpuEvaluator_Debounce\app.c
                 APP_task   0x0005ea    program     extern C:\Documents and Settings\Saagar\Desktop\SEPFC_OUTPUT_TRACKING\CellAssemblyOutpuEvaluator_Debounce\app.c
                  BCD2HEX   0x006638    program     extern C:\Documents and Settings\Saagar\Desktop\SEPFC_OUTPUT_TRACKING\CellAssemblyOutpuEvaluator_Debounce\math_fun.c
                 BCDtoBin   0x006ff4    program     extern C:\Documents and Settings\Saagar\Desktop\SEPFC_OUTPUT_TRACKING\CellAssemblyOutpuEvaluator_Debounce\math_fun.c
                 BRD_init   0x009a30    program     extern C:\Documents and Settings\Saagar\Desktop\SEPFC_OUTPUT_TRACKING\CellAssemblyOutpuEvaluator_Debounce\board.c
                 BinToBCD   0x007024    program     extern C:\Documents and Settings\Saagar\Desktop\SEPFC_OUTPUT_TRACKING\CellAssemblyOutpuEvaluator_Debounce\math_fun.c
                 Busy_eep   0x00a2ca    program     extern E:\c18v3.46\pic18-lt\cxx-framework\src\pmc_common\EEP\busy_eep.c
               COM1_reset   0x008356    program     extern C:\Documents and Settings\Saagar\Desktop\SEPFC_OUTPUT_TRACKING\CellAssemblyOutpuEvaluator_Debounce\communication.c
                COM1_task   0x008386    program     extern C:\Documents and Settings\Saagar\Desktop\SEPFC_OUTPUT_TRACKING\CellAssemblyOutpuEvaluator_Debounce\communication.c
                 COM_init   0x008310    program     extern C:\Documents and Settings\Saagar\Desktop\SEPFC_OUTPUT_TRACKING\CellAssemblyOutpuEvaluator_Debounce\communication.c
          COM_txCMD_CHAN1   0x00875e    program     extern C:\Documents and Settings\Saagar\Desktop\SEPFC_OUTPUT_TRACKING\CellAssemblyOutpuEvaluator_Debounce\communication.c
               COM_txData   0x008614    program     extern C:\Documents and Settings\Saagar\Desktop\SEPFC_OUTPUT_TRACKING\CellAssemblyOutpuEvaluator_Debounce\communication.c
                COM_txStr   0x0086a8    program     extern C:\Documents and Settings\Saagar\Desktop\SEPFC_OUTPUT_TRACKING\CellAssemblyOutpuEvaluator_Debounce\communication.c
ConvertAndDisplay16BitValue   0x0066da    program     extern C:\Documents and Settings\Saagar\Desktop\SEPFC_OUTPUT_TRACKING\CellAssemblyOutpuEvaluator_Debounce\math_fun.c
ConvertAndDisplay32BitValue   0x006aae    program     extern C:\Documents and Settings\Saagar\Desktop\SEPFC_OUTPUT_TRACKING\CellAssemblyOutpuEvaluator_Debounce\math_fun.c
ConvertAndDisplay8BitValue   0x00696e    program     extern C:\Documents and Settings\Saagar\Desktop\SEPFC_OUTPUT_TRACKING\CellAssemblyOutpuEvaluator_Debounce\math_fun.c
           ConvertBCD2HEX   0x0065f8    program     extern C:\Documents and Settings\Saagar\Desktop\SEPFC_OUTPUT_TRACKING\CellAssemblyOutpuEvaluator_Debounce\math_fun.c
  ConvertHour12to24Format   0x0077b0    program     extern C:\Documents and Settings\Saagar\Desktop\SEPFC_OUTPUT_TRACKING\CellAssemblyOutpuEvaluator_Debounce\rtc_driver.c
  ConvertTime12to24Format   0x007656    program     extern C:\Documents and Settings\Saagar\Desktop\SEPFC_OUTPUT_TRACKING\CellAssemblyOutpuEvaluator_Debounce\rtc_driver.c
  ConvertTime24to12Format   0x0074c6    program     extern C:\Documents and Settings\Saagar\Desktop\SEPFC_OUTPUT_TRACKING\CellAssemblyOutpuEvaluator_Debounce\rtc_driver.c
ConvertUnPackedAsciiToPacked16BitHexValue   0x00706c    program     extern C:\Documents and Settings\Saagar\Desktop\SEPFC_OUTPUT_TRACKING\CellAssemblyOutpuEvaluator_Debounce\math_fun.c
                    D10_1   0x00a2c4    program     static E:\c18v3.46\pic18-lt\cxx-framework\src\traditional\delays\d10tcyx.asm
                     D10x   0x00a2bc    program     static E:\c18v3.46\pic18-lt\cxx-framework\src\traditional\delays\d10tcyx.asm
                   D1616S   0x009962    program     static E:\c18v3.46\pic18-lt\cxx-framework\src\traditional\math\fxd1616s.asm
                D1616SNEG   0x009970    program     static E:\c18v3.46\pic18-lt\cxx-framework\src\traditional\math\fxd1616s.asm
                 D1616SOK   0x00996c    program     static E:\c18v3.46\pic18-lt\cxx-framework\src\traditional\math\fxd1616s.asm
                  D1616SX   0x009982    program     static E:\c18v3.46\pic18-lt\cxx-framework\src\traditional\math\fxd1616s.asm
                    D1K_1   0x00a22a    program     static E:\c18v3.46\pic18-lt\cxx-framework\src\traditional\delays\d1ktcyx.asm
                     D1Kx   0x00a228    program     static E:\c18v3.46\pic18-lt\cxx-framework\src\traditional\delays\d1ktcyx.asm
                   D3232S   0x0099bc    program     static E:\c18v3.46\pic18-lt\cxx-framework\src\traditional\math\fxd3232s.asm
                D3232SNEG   0x0099ca    program     static E:\c18v3.46\pic18-lt\cxx-framework\src\traditional\math\fxd3232s.asm
                 D3232SOK   0x0099c6    program     static E:\c18v3.46\pic18-lt\cxx-framework\src\traditional\math\fxd3232s.asm
                  D3232SX   0x0099ea    program     static E:\c18v3.46\pic18-lt\cxx-framework\src\traditional\math\fxd3232s.asm
                  DA1616S   0x009952    program     static E:\c18v3.46\pic18-lt\cxx-framework\src\traditional\math\fxd1616s.asm
                  DA3232S   0x0099a6    program     static E:\c18v3.46\pic18-lt\cxx-framework\src\traditional\math\fxd3232s.asm
              Delay10TCYx   0x00a2b4    program     extern E:\c18v3.46\pic18-lt\cxx-framework\src\traditional\delays\d10tcyx.asm
              Delay1KTCYx   0x00a21e    program     extern E:\c18v3.46\pic18-lt\cxx-framework\src\traditional\delays\d1ktcyx.asm
         EnableInterrupts   0x000032    program     extern C:\Documents and Settings\Saagar\Desktop\SEPFC_OUTPUT_TRACKING\CellAssemblyOutpuEvaluator_Debounce\interruptvector.c
            External_Init   0x009cc0    program     extern C:\Documents and Settings\Saagar\Desktop\SEPFC_OUTPUT_TRACKING\CellAssemblyOutpuEvaluator_Debounce\Externalinterrupt.c
                 FXD0808U   0x00a298    program     extern E:\c18v3.46\pic18-lt\cxx-framework\src\traditional\math\fxd0808u.c
                 FXD1616S   0x009940    program     extern E:\c18v3.46\pic18-lt\cxx-framework\src\traditional\math\fxd1616s.asm
                 FXD1616U   0x00a1f2    program     extern E:\c18v3.46\pic18-lt\cxx-framework\src\traditional\math\fxd1616u.c
                 FXD3232S   0x00998c    program     extern E:\c18v3.46\pic18-lt\cxx-framework\src\traditional\math\fxd3232s.asm
                 FXD3232U   0x009fca    program     extern E:\c18v3.46\pic18-lt\cxx-framework\src\traditional\math\fxd3232u.c
                 FXM1616U   0x0099f4    program     extern E:\c18v3.46\pic18-lt\cxx-framework\src\traditional\math\fxm1616u.asm
                  FXM3232   0x009ebc    program     extern E:\c18v3.46\pic18-lt\cxx-framework\src\traditional\math\fxm3232.c
             FontTable5x7   0x0089aa    program     extern C:\Documents and Settings\Saagar\Desktop\SEPFC_OUTPUT_TRACKING\CellAssemblyOutpuEvaluator_Debounce\MMD.c
                  HB_init   0x00a25e    program     extern C:\Documents and Settings\Saagar\Desktop\SEPFC_OUTPUT_TRACKING\CellAssemblyOutpuEvaluator_Debounce\heartBeat.c
                  HB_task   0x00a264    program     extern C:\Documents and Settings\Saagar\Desktop\SEPFC_OUTPUT_TRACKING\CellAssemblyOutpuEvaluator_Debounce\heartBeat.c
                  HEX2BCD   0x006674    program     extern C:\Documents and Settings\Saagar\Desktop\SEPFC_OUTPUT_TRACKING\CellAssemblyOutpuEvaluator_Debounce\math_fun.c
            InitializeI2C   0x0095a6    program     extern C:\Documents and Settings\Saagar\Desktop\SEPFC_OUTPUT_TRACKING\CellAssemblyOutpuEvaluator_Debounce\i2c_driver.c
            InitializeRtc   0x007a3c    program     extern C:\Documents and Settings\Saagar\Desktop\SEPFC_OUTPUT_TRACKING\CellAssemblyOutpuEvaluator_Debounce\rtc_driver.c
                  Int2Day   0x007186    program     extern C:\Documents and Settings\Saagar\Desktop\SEPFC_OUTPUT_TRACKING\CellAssemblyOutpuEvaluator_Debounce\rtc_driver.c
                Int2Month   0x0071be    program     extern C:\Documents and Settings\Saagar\Desktop\SEPFC_OUTPUT_TRACKING\CellAssemblyOutpuEvaluator_Debounce\rtc_driver.c
 LinearKeyPad_getKeyState   0x00918a    program     extern C:\Documents and Settings\Saagar\Desktop\SEPFC_OUTPUT_TRACKING\CellAssemblyOutpuEvaluator_Debounce\linearkeypad.c
        LinearKeyPad_init   0x0090b8    program     extern C:\Documents and Settings\Saagar\Desktop\SEPFC_OUTPUT_TRACKING\CellAssemblyOutpuEvaluator_Debounce\linearkeypad.c
       LinearKeyPad_reset   0x0091b2    program     extern C:\Documents and Settings\Saagar\Desktop\SEPFC_OUTPUT_TRACKING\CellAssemblyOutpuEvaluator_Debounce\linearkeypad.c
        LinearKeyPad_scan   0x009140    program     extern C:\Documents and Settings\Saagar\Desktop\SEPFC_OUTPUT_TRACKING\CellAssemblyOutpuEvaluator_Debounce\linearkeypad.c
LinearKeyPad_scan_from_to   0x0090e8    program     extern C:\Documents and Settings\Saagar\Desktop\SEPFC_OUTPUT_TRACKING\CellAssemblyOutpuEvaluator_Debounce\linearkeypad.c
   LinearKeyPad_updateKey   0x0090bc    program     extern C:\Documents and Settings\Saagar\Desktop\SEPFC_OUTPUT_TRACKING\CellAssemblyOutpuEvaluator_Debounce\linearkeypad.c
         MMD_changeSymbol   0x0052e0    program     extern C:\Documents and Settings\Saagar\Desktop\SEPFC_OUTPUT_TRACKING\CellAssemblyOutpuEvaluator_Debounce\MMD.c
         MMD_clearSegment   0x0054fe    program     extern C:\Documents and Settings\Saagar\Desktop\SEPFC_OUTPUT_TRACKING\CellAssemblyOutpuEvaluator_Debounce\MMD.c
        MMD_configSegment   0x0047bc    program     extern C:\Documents and Settings\Saagar\Desktop\SEPFC_OUTPUT_TRACKING\CellAssemblyOutpuEvaluator_Debounce\MMD.c
                 MMD_init   0x004448    program     extern C:\Documents and Settings\Saagar\Desktop\SEPFC_OUTPUT_TRACKING\CellAssemblyOutpuEvaluator_Debounce\MMD.c
       MMD_refreshDisplay   0x006262    program     extern C:\Documents and Settings\Saagar\Desktop\SEPFC_OUTPUT_TRACKING\CellAssemblyOutpuEvaluator_Debounce\MMD.c
       MMD_setScrollSpeed   0x005264    program     extern C:\Documents and Settings\Saagar\Desktop\SEPFC_OUTPUT_TRACKING\CellAssemblyOutpuEvaluator_Debounce\MMD.c
                 MMD_task   0x00583c    program     extern C:\Documents and Settings\Saagar\Desktop\SEPFC_OUTPUT_TRACKING\CellAssemblyOutpuEvaluator_Debounce\MMD.c
               Open1USART   0x009d4a    program     extern E:\c18v3.46\pic18-lt\cxx-framework\src\pmc_common\USART\u1open.c
               Open2USART   0x009c36    program     extern E:\c18v3.46\pic18-lt\cxx-framework\src\pmc_common\USART\u2open.c
               OpenRB0INT   0x009f80    program     extern E:\c18v3.46\pic18-lt\cxx-framework\src\pmc_common\PORTB\rb0open.c
               OpenRB1INT   0x009f2c    program     extern E:\c18v3.46\pic18-lt\cxx-framework\src\pmc_common\PORTB\rb1open.c
               OpenTimer0   0x00a1ba    program     extern E:\c18v3.46\pic18-lt\cxx-framework\src\pmc_common\Timers\t0open.c
               OpenTimer1   0x00a054    program     extern E:\c18v3.46\pic18-lt\cxx-framework\src\pmc_common\Timers\t1open.c
               OpenTimer3   0x00a012    program     extern E:\c18v3.46\pic18-lt\cxx-framework\src\pmc_common\Timers\t3open.c
               RB0INT_ISR   0x009ce2    program     extern C:\Documents and Settings\Saagar\Desktop\SEPFC_OUTPUT_TRACKING\CellAssemblyOutpuEvaluator_Debounce\Externalinterrupt.c
               RB1INT_ISR   0x009d16    program     extern C:\Documents and Settings\Saagar\Desktop\SEPFC_OUTPUT_TRACKING\CellAssemblyOutpuEvaluator_Debounce\Externalinterrupt.c
              RTC_getHour   0x007c3c    program     extern C:\Documents and Settings\Saagar\Desktop\SEPFC_OUTPUT_TRACKING\CellAssemblyOutpuEvaluator_Debounce\rtc_driver.c
            RTC_getMinute   0x007c44    program     extern C:\Documents and Settings\Saagar\Desktop\SEPFC_OUTPUT_TRACKING\CellAssemblyOutpuEvaluator_Debounce\rtc_driver.c
            RTC_getSecond   0x007c4c    program     extern C:\Documents and Settings\Saagar\Desktop\SEPFC_OUTPUT_TRACKING\CellAssemblyOutpuEvaluator_Debounce\rtc_driver.c
       RTC_getSecondCount   0x007ad8    program     extern C:\Documents and Settings\Saagar\Desktop\SEPFC_OUTPUT_TRACKING\CellAssemblyOutpuEvaluator_Debounce\rtc_driver.c
               Read1USART   0x00a0d4    program     extern E:\c18v3.46\pic18-lt\cxx-framework\src\pmc_common\USART\u1read.c
               Read2USART   0x00a096    program     extern E:\c18v3.46\pic18-lt\cxx-framework\src\pmc_common\USART\u2read.c
              ReadByteEEP   0x0093f4    program     extern C:\Documents and Settings\Saagar\Desktop\SEPFC_OUTPUT_TRACKING\CellAssemblyOutpuEvaluator_Debounce\eeprom_interface.c
              ReadByteI2C   0x009778    program     extern C:\Documents and Settings\Saagar\Desktop\SEPFC_OUTPUT_TRACKING\CellAssemblyOutpuEvaluator_Debounce\i2c_driver.c
             ReadBytesEEP   0x009540    program     extern C:\Documents and Settings\Saagar\Desktop\SEPFC_OUTPUT_TRACKING\CellAssemblyOutpuEvaluator_Debounce\eeprom_interface.c
                  ReadI2C   0x0096d6    program     extern C:\Documents and Settings\Saagar\Desktop\SEPFC_OUTPUT_TRACKING\CellAssemblyOutpuEvaluator_Debounce\i2c_driver.c
       ReadRtcTimeAndDate   0x007200    program     extern C:\Documents and Settings\Saagar\Desktop\SEPFC_OUTPUT_TRACKING\CellAssemblyOutpuEvaluator_Debounce\rtc_driver.c
                 ResetI2C   0x00960a    program     extern C:\Documents and Settings\Saagar\Desktop\SEPFC_OUTPUT_TRACKING\CellAssemblyOutpuEvaluator_Debounce\i2c_driver.c
              SetHourMode   0x00745c    program     extern C:\Documents and Settings\Saagar\Desktop\SEPFC_OUTPUT_TRACKING\CellAssemblyOutpuEvaluator_Debounce\rtc_driver.c
                 StartI2C   0x0095be    program     extern C:\Documents and Settings\Saagar\Desktop\SEPFC_OUTPUT_TRACKING\CellAssemblyOutpuEvaluator_Debounce\i2c_driver.c
                  StopI2C   0x0095ea    program     extern C:\Documents and Settings\Saagar\Desktop\SEPFC_OUTPUT_TRACKING\CellAssemblyOutpuEvaluator_Debounce\i2c_driver.c
          StoreSystemDate   0x00790c    program     extern C:\Documents and Settings\Saagar\Desktop\SEPFC_OUTPUT_TRACKING\CellAssemblyOutpuEvaluator_Debounce\rtc_driver.c
           StoreSystemDay   0x007a04    program     extern C:\Documents and Settings\Saagar\Desktop\SEPFC_OUTPUT_TRACKING\CellAssemblyOutpuEvaluator_Debounce\rtc_driver.c
          StoreSystemTime   0x007816    program     extern C:\Documents and Settings\Saagar\Desktop\SEPFC_OUTPUT_TRACKING\CellAssemblyOutpuEvaluator_Debounce\rtc_driver.c
                 TMR0_ISR   0x008d62    program     extern C:\Documents and Settings\Saagar\Desktop\SEPFC_OUTPUT_TRACKING\CellAssemblyOutpuEvaluator_Debounce\timer.c
                TMR0_init   0x008fe4    program     extern C:\Documents and Settings\Saagar\Desktop\SEPFC_OUTPUT_TRACKING\CellAssemblyOutpuEvaluator_Debounce\timer.c
                 TMR1_ISR   0x008e70    program     extern C:\Documents and Settings\Saagar\Desktop\SEPFC_OUTPUT_TRACKING\CellAssemblyOutpuEvaluator_Debounce\timer.c
                TMR1_init   0x00902a    program     extern C:\Documents and Settings\Saagar\Desktop\SEPFC_OUTPUT_TRACKING\CellAssemblyOutpuEvaluator_Debounce\timer.c
                 TMR3_ISR   0x008f2a    program     extern C:\Documents and Settings\Saagar\Desktop\SEPFC_OUTPUT_TRACKING\CellAssemblyOutpuEvaluator_Debounce\timer.c
                TMR3_init   0x009072    program     extern C:\Documents and Settings\Saagar\Desktop\SEPFC_OUTPUT_TRACKING\CellAssemblyOutpuEvaluator_Debounce\timer.c
            UART1_hasData   0x008226    program     extern C:\Documents and Settings\Saagar\Desktop\SEPFC_OUTPUT_TRACKING\CellAssemblyOutpuEvaluator_Debounce\uart_driver.c
               UART1_init   0x007f1a    program     extern C:\Documents and Settings\Saagar\Desktop\SEPFC_OUTPUT_TRACKING\CellAssemblyOutpuEvaluator_Debounce\uart_driver.c
               UART1_read   0x008260    program     extern C:\Documents and Settings\Saagar\Desktop\SEPFC_OUTPUT_TRACKING\CellAssemblyOutpuEvaluator_Debounce\uart_driver.c
           UART1_transmit   0x008004    program     extern C:\Documents and Settings\Saagar\Desktop\SEPFC_OUTPUT_TRACKING\CellAssemblyOutpuEvaluator_Debounce\uart_driver.c
              UART1_write   0x007f88    program     extern C:\Documents and Settings\Saagar\Desktop\SEPFC_OUTPUT_TRACKING\CellAssemblyOutpuEvaluator_Debounce\uart_driver.c
            UART2_hasData   0x0081ec    program     extern C:\Documents and Settings\Saagar\Desktop\SEPFC_OUTPUT_TRACKING\CellAssemblyOutpuEvaluator_Debounce\uart_driver.c
               UART2_init   0x007f50    program     extern C:\Documents and Settings\Saagar\Desktop\SEPFC_OUTPUT_TRACKING\CellAssemblyOutpuEvaluator_Debounce\uart_driver.c
               UART2_read   0x0082b8    program     extern C:\Documents and Settings\Saagar\Desktop\SEPFC_OUTPUT_TRACKING\CellAssemblyOutpuEvaluator_Debounce\uart_driver.c
           UART2_transmit   0x0080f8    program     extern C:\Documents and Settings\Saagar\Desktop\SEPFC_OUTPUT_TRACKING\CellAssemblyOutpuEvaluator_Debounce\uart_driver.c
              UART2_write   0x007fc6    program     extern C:\Documents and Settings\Saagar\Desktop\SEPFC_OUTPUT_TRACKING\CellAssemblyOutpuEvaluator_Debounce\uart_driver.c
                UART_task   0x007d24    program     extern C:\Documents and Settings\Saagar\Desktop\SEPFC_OUTPUT_TRACKING\CellAssemblyOutpuEvaluator_Debounce\uart_driver.c
     Uart1_ReceiveHandler   0x007c54    program     extern C:\Documents and Settings\Saagar\Desktop\SEPFC_OUTPUT_TRACKING\CellAssemblyOutpuEvaluator_Debounce\uart_driver.c
    Uart1_TransmitHandler   0x007e0e    program     extern C:\Documents and Settings\Saagar\Desktop\SEPFC_OUTPUT_TRACKING\CellAssemblyOutpuEvaluator_Debounce\uart_driver.c
     Uart2_ReceiveHandler   0x007d3e    program     extern C:\Documents and Settings\Saagar\Desktop\SEPFC_OUTPUT_TRACKING\CellAssemblyOutpuEvaluator_Debounce\uart_driver.c
    Uart2_TransmitHandler   0x007e94    program     extern C:\Documents and Settings\Saagar\Desktop\SEPFC_OUTPUT_TRACKING\CellAssemblyOutpuEvaluator_Debounce\uart_driver.c
  UpdateRealTimeClockTask   0x007a92    program     extern C:\Documents and Settings\Saagar\Desktop\SEPFC_OUTPUT_TRACKING\CellAssemblyOutpuEvaluator_Debounce\rtc_driver.c
             WriteByteEEP   0x00934e    program     extern C:\Documents and Settings\Saagar\Desktop\SEPFC_OUTPUT_TRACKING\CellAssemblyOutpuEvaluator_Debounce\eeprom_interface.c
             WriteByteI2C   0x0097bc    program     extern C:\Documents and Settings\Saagar\Desktop\SEPFC_OUTPUT_TRACKING\CellAssemblyOutpuEvaluator_Debounce\i2c_driver.c
            WriteBytesEEP   0x0094dc    program     extern C:\Documents and Settings\Saagar\Desktop\SEPFC_OUTPUT_TRACKING\CellAssemblyOutpuEvaluator_Debounce\eeprom_interface.c
       WriteDataToDisplay   0x0065a8    program     extern C:\Documents and Settings\Saagar\Desktop\SEPFC_OUTPUT_TRACKING\CellAssemblyOutpuEvaluator_Debounce\MMD.c
                 WriteI2C   0x009646    program     extern C:\Documents and Settings\Saagar\Desktop\SEPFC_OUTPUT_TRACKING\CellAssemblyOutpuEvaluator_Debounce\i2c_driver.c
      WriteRtcTimeAndDate   0x007350    program     extern C:\Documents and Settings\Saagar\Desktop\SEPFC_OUTPUT_TRACKING\CellAssemblyOutpuEvaluator_Debounce\rtc_driver.c
              WriteTimer0   0x00a182    program     extern E:\c18v3.46\pic18-lt\cxx-framework\src\pmc_common\Timers\t0write.c
              WriteTimer1   0x00a14a    program     extern E:\c18v3.46\pic18-lt\cxx-framework\src\pmc_common\Timers\t1write.c
              WriteTimer3   0x00a112    program     extern E:\c18v3.46\pic18-lt\cxx-framework\src\pmc_common\Timers\t3write.c
              Write_b_eep   0x009dce    program     extern E:\c18v3.46\pic18-lt\cxx-framework\src\pmc_common\EEP\write_B.c
              _2jContinue   0x009bc4    program     static E:\c18v3.46\pic18-lt\cxx-framework\src\traditional\stdclib\memset.asm
                   _3jEnd   0x009bce    program     static E:\c18v3.46\pic18-lt\cxx-framework\src\traditional\stdclib\memset.asm
        _D10TCYXCODE_000A   0x00a2be    program     static E:\c18v3.46\pic18-lt\cxx-framework\src\traditional\delays\d10tcyx.asm
        _D10TCYXCODE_000C   0x00a2c0    program     static E:\c18v3.46\pic18-lt\cxx-framework\src\traditional\delays\d10tcyx.asm
        _D10TCYXCODE_000E   0x00a2c2    program     static E:\c18v3.46\pic18-lt\cxx-framework\src\traditional\delays\d10tcyx.asm
        _D1KTCYXCODE_0010   0x00a22e    program     static E:\c18v3.46\pic18-lt\cxx-framework\src\traditional\delays\d1ktcyx.asm
        _D1KTCYXCODE_0016   0x00a234    program     static E:\c18v3.46\pic18-lt\cxx-framework\src\traditional\delays\d1ktcyx.asm
     ___case_112_lbl00096   0x001b0e    program     static                          
     ___case_117_lbl00097   0x001bf8    program     static                          
     ___case_160_lbl00098   0x001c3c    program     static                          
      ___default_lbl00099   0x001c52    program     static                          
          ___for_lbl00036   0x008674    program     static                          
          ___for_lbl00037   0x00867a    program     static                          
          ___for_lbl00038   0x00864a    program     static                          
          ___for_lbl00040   0x006248    program     static                          
          ___for_lbl00041   0x00624e    program     static                          
          ___for_lbl00064   0x00584a    program     static                          
           ___if_lbl00001   0x000010    program     static                          
           ___if_lbl00002   0x000018    program     static                          
           ___if_lbl00003   0x000020    program     static                          
           ___if_lbl00004   0x000028    program     static                          
           ___if_lbl00005   0x000030    program     static                          
           ___if_lbl00143   0x002ab4    program     static                          
       ___return_lbl00000   0x00a2b2    program     static                          
       ___return_lbl00000   0x00a21c    program     static                          
       ___return_lbl00000   0x00a010    program     static                          
       ___return_lbl00000   0x009f2a    program     static                          
       ___return_lbl00000   0x000004    program     static                          
       ___return_lbl00000   0x000030    program     static                          
       ___return_lbl00001   0x00a296    program     static                          
       ___return_lbl00002   0x009ba2    program     static                          
       ___return_lbl00009   0x00524c    program     static                          
       ___return_lbl00035   0x008694    program     static                          
   ___switchexit_lbl00078   0x001c54    program     static                          
               __config_0   0x300001    program     static C:\Documents and Settings\Saagar\Desktop\SEPFC_OUTPUT_TRACKING\CellAssemblyOutpuEvaluator_Debounce\main.c
               __config_1   0x300002    program     static C:\Documents and Settings\Saagar\Desktop\SEPFC_OUTPUT_TRACKING\CellAssemblyOutpuEvaluator_Debounce\main.c
              __config_10   0x30000c    program     static C:\Documents and Settings\Saagar\Desktop\SEPFC_OUTPUT_TRACKING\CellAssemblyOutpuEvaluator_Debounce\main.c
              __config_11   0x30000d    program     static C:\Documents and Settings\Saagar\Desktop\SEPFC_OUTPUT_TRACKING\CellAssemblyOutpuEvaluator_Debounce\main.c
               __config_2   0x300003    program     static C:\Documents and Settings\Saagar\Desktop\SEPFC_OUTPUT_TRACKING\CellAssemblyOutpuEvaluator_Debounce\main.c
               __config_3   0x300004    program     static C:\Documents and Settings\Saagar\Desktop\SEPFC_OUTPUT_TRACKING\CellAssemblyOutpuEvaluator_Debounce\main.c
               __config_4   0x300005    program     static C:\Documents and Settings\Saagar\Desktop\SEPFC_OUTPUT_TRACKING\CellAssemblyOutpuEvaluator_Debounce\main.c
               __config_5   0x300006    program     static C:\Documents and Settings\Saagar\Desktop\SEPFC_OUTPUT_TRACKING\CellAssemblyOutpuEvaluator_Debounce\main.c
               __config_6   0x300008    program     static C:\Documents and Settings\Saagar\Desktop\SEPFC_OUTPUT_TRACKING\CellAssemblyOutpuEvaluator_Debounce\main.c
               __config_7   0x300009    program     static C:\Documents and Settings\Saagar\Desktop\SEPFC_OUTPUT_TRACKING\CellAssemblyOutpuEvaluator_Debounce\main.c
               __config_8   0x30000a    program     static C:\Documents and Settings\Saagar\Desktop\SEPFC_OUTPUT_TRACKING\CellAssemblyOutpuEvaluator_Debounce\main.c
               __config_9   0x30000b    program     static C:\Documents and Settings\Saagar\Desktop\SEPFC_OUTPUT_TRACKING\CellAssemblyOutpuEvaluator_Debounce\main.c
                   __init   0x000006    program     extern E:\c18v3.46\pic18-lt\cxx-framework\src\traditional\stdclib\__init.c
               __string_0   0x009eb8    program     static C:\Documents and Settings\Saagar\Desktop\SEPFC_OUTPUT_TRACKING\CellAssemblyOutpuEvaluator_Debounce\rtc_driver.c
               __string_0   0x009e67    program     static C:\Documents and Settings\Saagar\Desktop\SEPFC_OUTPUT_TRACKING\CellAssemblyOutpuEvaluator_Debounce\app.c
               __string_1   0x009eb4    program     static C:\Documents and Settings\Saagar\Desktop\SEPFC_OUTPUT_TRACKING\CellAssemblyOutpuEvaluator_Debounce\rtc_driver.c
               __string_1   0x009e54    program     static C:\Documents and Settings\Saagar\Desktop\SEPFC_OUTPUT_TRACKING\CellAssemblyOutpuEvaluator_Debounce\app.c
              __string_10   0x009e90    program     static C:\Documents and Settings\Saagar\Desktop\SEPFC_OUTPUT_TRACKING\CellAssemblyOutpuEvaluator_Debounce\rtc_driver.c
              __string_11   0x009e8c    program     static C:\Documents and Settings\Saagar\Desktop\SEPFC_OUTPUT_TRACKING\CellAssemblyOutpuEvaluator_Debounce\rtc_driver.c
              __string_12   0x009e88    program     static C:\Documents and Settings\Saagar\Desktop\SEPFC_OUTPUT_TRACKING\CellAssemblyOutpuEvaluator_Debounce\rtc_driver.c
              __string_13   0x009e84    program     static C:\Documents and Settings\Saagar\Desktop\SEPFC_OUTPUT_TRACKING\CellAssemblyOutpuEvaluator_Debounce\rtc_driver.c
              __string_14   0x009e80    program     static C:\Documents and Settings\Saagar\Desktop\SEPFC_OUTPUT_TRACKING\CellAssemblyOutpuEvaluator_Debounce\rtc_driver.c
              __string_15   0x009e7c    program     static C:\Documents and Settings\Saagar\Desktop\SEPFC_OUTPUT_TRACKING\CellAssemblyOutpuEvaluator_Debounce\rtc_driver.c
              __string_16   0x009e78    program     static C:\Documents and Settings\Saagar\Desktop\SEPFC_OUTPUT_TRACKING\CellAssemblyOutpuEvaluator_Debounce\rtc_driver.c
              __string_17   0x009e74    program     static C:\Documents and Settings\Saagar\Desktop\SEPFC_OUTPUT_TRACKING\CellAssemblyOutpuEvaluator_Debounce\rtc_driver.c
              __string_18   0x009e70    program     static C:\Documents and Settings\Saagar\Desktop\SEPFC_OUTPUT_TRACKING\CellAssemblyOutpuEvaluator_Debounce\rtc_driver.c
               __string_2   0x009eb0    program     static C:\Documents and Settings\Saagar\Desktop\SEPFC_OUTPUT_TRACKING\CellAssemblyOutpuEvaluator_Debounce\rtc_driver.c
               __string_2   0x009e46    program     static C:\Documents and Settings\Saagar\Desktop\SEPFC_OUTPUT_TRACKING\CellAssemblyOutpuEvaluator_Debounce\app.c
               __string_3   0x009eac    program     static C:\Documents and Settings\Saagar\Desktop\SEPFC_OUTPUT_TRACKING\CellAssemblyOutpuEvaluator_Debounce\rtc_driver.c
               __string_4   0x009ea8    program     static C:\Documents and Settings\Saagar\Desktop\SEPFC_OUTPUT_TRACKING\CellAssemblyOutpuEvaluator_Debounce\rtc_driver.c
               __string_5   0x009ea4    program     static C:\Documents and Settings\Saagar\Desktop\SEPFC_OUTPUT_TRACKING\CellAssemblyOutpuEvaluator_Debounce\rtc_driver.c
               __string_6   0x009ea0    program     static C:\Documents and Settings\Saagar\Desktop\SEPFC_OUTPUT_TRACKING\CellAssemblyOutpuEvaluator_Debounce\rtc_driver.c
               __string_7   0x009e9c    program     static C:\Documents and Settings\Saagar\Desktop\SEPFC_OUTPUT_TRACKING\CellAssemblyOutpuEvaluator_Debounce\rtc_driver.c
               __string_8   0x009e98    program     static C:\Documents and Settings\Saagar\Desktop\SEPFC_OUTPUT_TRACKING\CellAssemblyOutpuEvaluator_Debounce\rtc_driver.c
               __string_9   0x009e94    program     static C:\Documents and Settings\Saagar\Desktop\SEPFC_OUTPUT_TRACKING\CellAssemblyOutpuEvaluator_Debounce\rtc_driver.c
            __zero_memory   0x00a23e    program     extern E:\c18v3.46\pic18-lt\cxx-framework\src\traditional\proc\p18f8722.asm
                _do_cinit   0x009b06    program     extern E:\c18v3.46\pic18-lt\cxx-framework\src\traditional\startup\c018i.c
                   _entry   0x000000    program     extern E:\c18v3.46\pic18-lt\cxx-framework\src\traditional\startup\c018i.c
                   _false   0x00a00c    program     static                          
                 _startup   0x00a27c    program     extern E:\c18v3.46\pic18-lt\cxx-framework\src\traditional\startup\c018i.c
                    alert   0x00a2d0    program     extern C:\Documents and Settings\Saagar\Desktop\SEPFC_OUTPUT_TRACKING\CellAssemblyOutpuEvaluator_Debounce\communication.c
                 checksum   0x0086fa    program     extern C:\Documents and Settings\Saagar\Desktop\SEPFC_OUTPUT_TRACKING\CellAssemblyOutpuEvaluator_Debounce\communication.c
                 clearBit   0x004410    program     static C:\Documents and Settings\Saagar\Desktop\SEPFC_OUTPUT_TRACKING\CellAssemblyOutpuEvaluator_Debounce\MMD.c
                compare_l   0x00a254    program     static E:\c18v3.46\pic18-lt\cxx-framework\src\traditional\proc\p18f8722.asm
                  copyStr   0x00416a    program     extern C:\Documents and Settings\Saagar\Desktop\SEPFC_OUTPUT_TRACKING\CellAssemblyOutpuEvaluator_Debounce\app.c
                copy_loop   0x009b78    program     static                          
            copy_one_byte   0x009b7e    program     static                          
                     done   0x009ba2    program     static                          
             done_copying   0x009b8c    program     static                          
                  endloop   0x00a2ae    program     static                          
                  endloop   0x00a218    program     static                          
                   getBit   0x00439a    program     static C:\Documents and Settings\Saagar\Desktop\SEPFC_OUTPUT_TRACKING\CellAssemblyOutpuEvaluator_Debounce\MMD.c
          getCurrentShift   0x003876    program     extern C:\Documents and Settings\Saagar\Desktop\SEPFC_OUTPUT_TRACKING\CellAssemblyOutpuEvaluator_Debounce\app.c
             getCycleTime   0x003116    program     extern C:\Documents and Settings\Saagar\Desktop\SEPFC_OUTPUT_TRACKING\CellAssemblyOutpuEvaluator_Debounce\app.c
           high_interrupt   0x000008    program     extern C:\Documents and Settings\Saagar\Desktop\SEPFC_OUTPUT_TRACKING\CellAssemblyOutpuEvaluator_Debounce\interruptvector.c
                     itoa   0x0038e2    program     extern C:\Documents and Settings\Saagar\Desktop\SEPFC_OUTPUT_TRACKING\CellAssemblyOutpuEvaluator_Debounce\app.c
                  itoa_nr   0x003a66    program     extern C:\Documents and Settings\Saagar\Desktop\SEPFC_OUTPUT_TRACKING\CellAssemblyOutpuEvaluator_Debounce\app.c
                     jEnd   0x009bd6    program     static E:\c18v3.46\pic18-lt\cxx-framework\src\traditional\stdclib\memset.asm
                     jEnd   0x009c34    program     static E:\c18v3.46\pic18-lt\cxx-framework\src\traditional\stdclib\strlen.asm
                    jLoop   0x009bb8    program     static E:\c18v3.46\pic18-lt\cxx-framework\src\traditional\stdclib\memset.asm
                    jLoop   0x009c00    program     static E:\c18v3.46\pic18-lt\cxx-framework\src\traditional\stdclib\strcpy.asm
                    jLoop   0x009c2a    program     static E:\c18v3.46\pic18-lt\cxx-framework\src\traditional\stdclib\strlen.asm
         leftBitPackTable   0x008d56    program     extern C:\Documents and Settings\Saagar\Desktop\SEPFC_OUTPUT_TRACKING\CellAssemblyOutpuEvaluator_Debounce\MMD.c
                     loop   0x00a28c    program     static                          
                     loop   0x00a2a0    program     static                          
                     loop   0x00a1fc    program     static                          
                     loop   0x009fd8    program     static                          
                   loop_h   0x00a24c    program     static E:\c18v3.46\pic18-lt\cxx-framework\src\traditional\proc\p18f8722.asm
                   loop_l   0x00a256    program     static E:\c18v3.46\pic18-lt\cxx-framework\src\traditional\proc\p18f8722.asm
                     main   0x0097ee    program     extern C:\Documents and Settings\Saagar\Desktop\SEPFC_OUTPUT_TRACKING\CellAssemblyOutpuEvaluator_Debounce\main.c
                   memset   0x009ba4    program     extern E:\c18v3.46\pic18-lt\cxx-framework\src\traditional\stdclib\memset.asm
             parse1Packet   0x008574    program     extern C:\Documents and Settings\Saagar\Desktop\SEPFC_OUTPUT_TRACKING\CellAssemblyOutpuEvaluator_Debounce\communication.c
           readKeyPadPort   0x0091fc    program     static C:\Documents and Settings\Saagar\Desktop\SEPFC_OUTPUT_TRACKING\CellAssemblyOutpuEvaluator_Debounce\linearkeypad.c
               resetLamps   0x004098    program     extern C:\Documents and Settings\Saagar\Desktop\SEPFC_OUTPUT_TRACKING\CellAssemblyOutpuEvaluator_Debounce\app.c
        rightBitPackTable   0x008d4a    program     extern C:\Documents and Settings\Saagar\Desktop\SEPFC_OUTPUT_TRACKING\CellAssemblyOutpuEvaluator_Debounce\MMD.c
                setActual   0x003c72    program     extern C:\Documents and Settings\Saagar\Desktop\SEPFC_OUTPUT_TRACKING\CellAssemblyOutpuEvaluator_Debounce\app.c
                   setBit   0x0043da    program     static C:\Documents and Settings\Saagar\Desktop\SEPFC_OUTPUT_TRACKING\CellAssemblyOutpuEvaluator_Debounce\MMD.c
             setCycleTime   0x003bea    program     extern C:\Documents and Settings\Saagar\Desktop\SEPFC_OUTPUT_TRACKING\CellAssemblyOutpuEvaluator_Debounce\app.c
               setHTarget   0x003d7e    program     extern C:\Documents and Settings\Saagar\Desktop\SEPFC_OUTPUT_TRACKING\CellAssemblyOutpuEvaluator_Debounce\app.c
              setHourlyKe   0x003e04    program     extern C:\Documents and Settings\Saagar\Desktop\SEPFC_OUTPUT_TRACKING\CellAssemblyOutpuEvaluator_Debounce\app.c
                setShiftA   0x003f10    program     extern C:\Documents and Settings\Saagar\Desktop\SEPFC_OUTPUT_TRACKING\CellAssemblyOutpuEvaluator_Debounce\app.c
                setShiftB   0x003f92    program     extern C:\Documents and Settings\Saagar\Desktop\SEPFC_OUTPUT_TRACKING\CellAssemblyOutpuEvaluator_Debounce\app.c
                setShiftC   0x004014    program     extern C:\Documents and Settings\Saagar\Desktop\SEPFC_OUTPUT_TRACKING\CellAssemblyOutpuEvaluator_Debounce\app.c
               setShiftKe   0x003e8a    program     extern C:\Documents and Settings\Saagar\Desktop\SEPFC_OUTPUT_TRACKING\CellAssemblyOutpuEvaluator_Debounce\app.c
                setTarget   0x003cf8    program     extern C:\Documents and Settings\Saagar\Desktop\SEPFC_OUTPUT_TRACKING\CellAssemblyOutpuEvaluator_Debounce\app.c
              shiftChange   0x003184    program     extern C:\Documents and Settings\Saagar\Desktop\SEPFC_OUTPUT_TRACKING\CellAssemblyOutpuEvaluator_Debounce\app.c
        stateChange_Break   0x001c72    program     extern C:\Documents and Settings\Saagar\Desktop\SEPFC_OUTPUT_TRACKING\CellAssemblyOutpuEvaluator_Debounce\app.c
                   strcpy   0x009bd8    program     extern E:\c18v3.46\pic18-lt\cxx-framework\src\traditional\stdclib\strcpy.asm
                   strlen   0x009c1a    program     extern E:\c18v3.46\pic18-lt\cxx-framework\src\traditional\stdclib\strlen.asm
              synchronize   0x003168    program     extern C:\Documents and Settings\Saagar\Desktop\SEPFC_OUTPUT_TRACKING\CellAssemblyOutpuEvaluator_Debounce\app.c
                     test   0x009b20    program     static                          
             updateActual   0x001d64    program     extern C:\Documents and Settings\Saagar\Desktop\SEPFC_OUTPUT_TRACKING\CellAssemblyOutpuEvaluator_Debounce\app.c
             updateEEPROM   0x0041be    program     extern C:\Documents and Settings\Saagar\Desktop\SEPFC_OUTPUT_TRACKING\CellAssemblyOutpuEvaluator_Debounce\app.c
       updateEEPROM_Break   0x0042e2    program     extern C:\Documents and Settings\Saagar\Desktop\SEPFC_OUTPUT_TRACKING\CellAssemblyOutpuEvaluator_Debounce\app.c
                 updateKE   0x002ac8    program     extern C:\Documents and Settings\Saagar\Desktop\SEPFC_OUTPUT_TRACKING\CellAssemblyOutpuEvaluator_Debounce\app.c
                updateKey   0x009202    program     static C:\Documents and Settings\Saagar\Desktop\SEPFC_OUTPUT_TRACKING\CellAssemblyOutpuEvaluator_Debounce\linearkeypad.c
              updateLamps   0x0040de    program     extern C:\Documents and Settings\Saagar\Desktop\SEPFC_OUTPUT_TRACKING\CellAssemblyOutpuEvaluator_Debounce\app.c
             updateTarget   0x001f32    program     extern C:\Documents and Settings\Saagar\Desktop\SEPFC_OUTPUT_TRACKING\CellAssemblyOutpuEvaluator_Debounce\app.c
              update_tick   0x003694    program     extern C:\Documents and Settings\Saagar\Desktop\SEPFC_OUTPUT_TRACKING\CellAssemblyOutpuEvaluator_Debounce\app.c
               zero_block   0x00a24c    program     static E:\c18v3.46\pic18-lt\cxx-framework\src\traditional\proc\p18f8722.asm
                   ADCON0   0x000fc2       data     extern E:\c18v3.46\pic18-lt\cxx-framework\src\traditional\proc\p18f8722.asm
               ADCON0bits   0x000fc2       data     extern E:\c18v3.46\pic18-lt\cxx-framework\src\traditional\proc\p18f8722.asm
                   ADCON1   0x000fc1       data     extern E:\c18v3.46\pic18-lt\cxx-framework\src\traditional\proc\p18f8722.asm
               ADCON1bits   0x000fc1       data     extern E:\c18v3.46\pic18-lt\cxx-framework\src\traditional\proc\p18f8722.asm
                   ADCON2   0x000fc0       data     extern E:\c18v3.46\pic18-lt\cxx-framework\src\traditional\proc\p18f8722.asm
               ADCON2bits   0x000fc0       data     extern E:\c18v3.46\pic18-lt\cxx-framework\src\traditional\proc\p18f8722.asm
                    ADRES   0x000fc3       data     extern E:\c18v3.46\pic18-lt\cxx-framework\src\traditional\proc\p18f8722.asm
                   ADRESH   0x000fc4       data     extern E:\c18v3.46\pic18-lt\cxx-framework\src\traditional\proc\p18f8722.asm
                   ADRESL   0x000fc3       data     extern E:\c18v3.46\pic18-lt\cxx-framework\src\traditional\proc\p18f8722.asm
                  BAUDCON   0x000f7e       data     extern E:\c18v3.46\pic18-lt\cxx-framework\src\traditional\proc\p18f8722.asm
                 BAUDCON1   0x000f7e       data     extern E:\c18v3.46\pic18-lt\cxx-framework\src\traditional\proc\p18f8722.asm
             BAUDCON1bits   0x000f7e       data     extern E:\c18v3.46\pic18-lt\cxx-framework\src\traditional\proc\p18f8722.asm
                 BAUDCON2   0x000f7c       data     extern E:\c18v3.46\pic18-lt\cxx-framework\src\traditional\proc\p18f8722.asm
             BAUDCON2bits   0x000f7c       data     extern E:\c18v3.46\pic18-lt\cxx-framework\src\traditional\proc\p18f8722.asm
              BAUDCONbits   0x000f7e       data     extern E:\c18v3.46\pic18-lt\cxx-framework\src\traditional\proc\p18f8722.asm
                      BSR   0x000fe0       data     extern E:\c18v3.46\pic18-lt\cxx-framework\src\traditional\proc\p18f8722.asm
                  CCP1CON   0x000fbd       data     extern E:\c18v3.46\pic18-lt\cxx-framework\src\traditional\proc\p18f8722.asm
              CCP1CONbits   0x000fbd       data     extern E:\c18v3.46\pic18-lt\cxx-framework\src\traditional\proc\p18f8722.asm
                  CCP2CON   0x000fba       data     extern E:\c18v3.46\pic18-lt\cxx-framework\src\traditional\proc\p18f8722.asm
              CCP2CONbits   0x000fba       data     extern E:\c18v3.46\pic18-lt\cxx-framework\src\traditional\proc\p18f8722.asm
                  CCP3CON   0x000fb7       data     extern E:\c18v3.46\pic18-lt\cxx-framework\src\traditional\proc\p18f8722.asm
              CCP3CONbits   0x000fb7       data     extern E:\c18v3.46\pic18-lt\cxx-framework\src\traditional\proc\p18f8722.asm
                  CCP4CON   0x000f73       data     extern E:\c18v3.46\pic18-lt\cxx-framework\src\traditional\proc\p18f8722.asm
              CCP4CONbits   0x000f73       data     extern E:\c18v3.46\pic18-lt\cxx-framework\src\traditional\proc\p18f8722.asm
                  CCP5CON   0x000f70       data     extern E:\c18v3.46\pic18-lt\cxx-framework\src\traditional\proc\p18f8722.asm
              CCP5CONbits   0x000f70       data     extern E:\c18v3.46\pic18-lt\cxx-framework\src\traditional\proc\p18f8722.asm
                    CCPR1   0x000fbe       data     extern E:\c18v3.46\pic18-lt\cxx-framework\src\traditional\proc\p18f8722.asm
                   CCPR1H   0x000fbf       data     extern E:\c18v3.46\pic18-lt\cxx-framework\src\traditional\proc\p18f8722.asm
                   CCPR1L   0x000fbe       data     extern E:\c18v3.46\pic18-lt\cxx-framework\src\traditional\proc\p18f8722.asm
                    CCPR2   0x000fbb       data     extern E:\c18v3.46\pic18-lt\cxx-framework\src\traditional\proc\p18f8722.asm
                   CCPR2H   0x000fbc       data     extern E:\c18v3.46\pic18-lt\cxx-framework\src\traditional\proc\p18f8722.asm
                   CCPR2L   0x000fbb       data     extern E:\c18v3.46\pic18-lt\cxx-framework\src\traditional\proc\p18f8722.asm
                    CCPR3   0x000fb8       data     extern E:\c18v3.46\pic18-lt\cxx-framework\src\traditional\proc\p18f8722.asm
                   CCPR3H   0x000fb9       data     extern E:\c18v3.46\pic18-lt\cxx-framework\src\traditional\proc\p18f8722.asm
                   CCPR3L   0x000fb8       data     extern E:\c18v3.46\pic18-lt\cxx-framework\src\traditional\proc\p18f8722.asm
                    CCPR4   0x000f74       data     extern E:\c18v3.46\pic18-lt\cxx-framework\src\traditional\proc\p18f8722.asm
                   CCPR4H   0x000f75       data     extern E:\c18v3.46\pic18-lt\cxx-framework\src\traditional\proc\p18f8722.asm
                   CCPR4L   0x000f74       data     extern E:\c18v3.46\pic18-lt\cxx-framework\src\traditional\proc\p18f8722.asm
                    CCPR5   0x000f71       data     extern E:\c18v3.46\pic18-lt\cxx-framework\src\traditional\proc\p18f8722.asm
                   CCPR5H   0x000f72       data     extern E:\c18v3.46\pic18-lt\cxx-framework\src\traditional\proc\p18f8722.asm
                   CCPR5L   0x000f71       data     extern E:\c18v3.46\pic18-lt\cxx-framework\src\traditional\proc\p18f8722.asm
                    CMCON   0x000fb4       data     extern E:\c18v3.46\pic18-lt\cxx-framework\src\traditional\proc\p18f8722.asm
                CMCONbits   0x000fb4       data     extern E:\c18v3.46\pic18-lt\cxx-framework\src\traditional\proc\p18f8722.asm
                   CVRCON   0x000fb5       data     extern E:\c18v3.46\pic18-lt\cxx-framework\src\traditional\proc\p18f8722.asm
               CVRCONbits   0x000fb5       data     extern E:\c18v3.46\pic18-lt\cxx-framework\src\traditional\proc\p18f8722.asm
                     DDRA   0x000f92       data     extern E:\c18v3.46\pic18-lt\cxx-framework\src\traditional\proc\p18f8722.asm
                 DDRAbits   0x000f92       data     extern E:\c18v3.46\pic18-lt\cxx-framework\src\traditional\proc\p18f8722.asm
                     DDRB   0x000f93       data     extern E:\c18v3.46\pic18-lt\cxx-framework\src\traditional\proc\p18f8722.asm
                 DDRBbits   0x000f93       data     extern E:\c18v3.46\pic18-lt\cxx-framework\src\traditional\proc\p18f8722.asm
                     DDRC   0x000f94       data     extern E:\c18v3.46\pic18-lt\cxx-framework\src\traditional\proc\p18f8722.asm
                 DDRCbits   0x000f94       data     extern E:\c18v3.46\pic18-lt\cxx-framework\src\traditional\proc\p18f8722.asm
                     DDRD   0x000f95       data     extern E:\c18v3.46\pic18-lt\cxx-framework\src\traditional\proc\p18f8722.asm
                 DDRDbits   0x000f95       data     extern E:\c18v3.46\pic18-lt\cxx-framework\src\traditional\proc\p18f8722.asm
                     DDRE   0x000f96       data     extern E:\c18v3.46\pic18-lt\cxx-framework\src\traditional\proc\p18f8722.asm
                 DDREbits   0x000f96       data     extern E:\c18v3.46\pic18-lt\cxx-framework\src\traditional\proc\p18f8722.asm
                     DDRF   0x000f97       data     extern E:\c18v3.46\pic18-lt\cxx-framework\src\traditional\proc\p18f8722.asm
                 DDRFbits   0x000f97       data     extern E:\c18v3.46\pic18-lt\cxx-framework\src\traditional\proc\p18f8722.asm
                     DDRG   0x000f98       data     extern E:\c18v3.46\pic18-lt\cxx-framework\src\traditional\proc\p18f8722.asm
                 DDRGbits   0x000f98       data     extern E:\c18v3.46\pic18-lt\cxx-framework\src\traditional\proc\p18f8722.asm
                     DDRH   0x000f99       data     extern E:\c18v3.46\pic18-lt\cxx-framework\src\traditional\proc\p18f8722.asm
                 DDRHbits   0x000f99       data     extern E:\c18v3.46\pic18-lt\cxx-framework\src\traditional\proc\p18f8722.asm
                     DDRJ   0x000f9a       data     extern E:\c18v3.46\pic18-lt\cxx-framework\src\traditional\proc\p18f8722.asm
                 DDRJbits   0x000f9a       data     extern E:\c18v3.46\pic18-lt\cxx-framework\src\traditional\proc\p18f8722.asm
                   DayStr   0x000195       data     extern C:\Documents and Settings\Saagar\Desktop\SEPFC_OUTPUT_TRACKING\CellAssemblyOutpuEvaluator_Debounce\rtc_driver.c
            DelayCounter1   0x000024       data     extern E:\c18v3.46\pic18-lt\cxx-framework\src\traditional\delays\delayd1.asm
                  ECCP1AS   0x000fb6       data     extern E:\c18v3.46\pic18-lt\cxx-framework\src\traditional\proc\p18f8722.asm
              ECCP1ASbits   0x000fb6       data     extern E:\c18v3.46\pic18-lt\cxx-framework\src\traditional\proc\p18f8722.asm
                 ECCP1CON   0x000fbd       data     extern E:\c18v3.46\pic18-lt\cxx-framework\src\traditional\proc\p18f8722.asm
             ECCP1CONbits   0x000fbd       data     extern E:\c18v3.46\pic18-lt\cxx-framework\src\traditional\proc\p18f8722.asm
                 ECCP1DEL   0x000f79       data     extern E:\c18v3.46\pic18-lt\cxx-framework\src\traditional\proc\p18f8722.asm
             ECCP1DELbits   0x000f79       data     extern E:\c18v3.46\pic18-lt\cxx-framework\src\traditional\proc\p18f8722.asm
                  ECCP2AS   0x000f68       data     extern E:\c18v3.46\pic18-lt\cxx-framework\src\traditional\proc\p18f8722.asm
              ECCP2ASbits   0x000f68       data     extern E:\c18v3.46\pic18-lt\cxx-framework\src\traditional\proc\p18f8722.asm
                 ECCP2CON   0x000fba       data     extern E:\c18v3.46\pic18-lt\cxx-framework\src\traditional\proc\p18f8722.asm
             ECCP2CONbits   0x000fba       data     extern E:\c18v3.46\pic18-lt\cxx-framework\src\traditional\proc\p18f8722.asm
                 ECCP2DEL   0x000f67       data     extern E:\c18v3.46\pic18-lt\cxx-framework\src\traditional\proc\p18f8722.asm
             ECCP2DELbits   0x000f67       data     extern E:\c18v3.46\pic18-lt\cxx-framework\src\traditional\proc\p18f8722.asm
                  ECCP3AS   0x000f6a       data     extern E:\c18v3.46\pic18-lt\cxx-framework\src\traditional\proc\p18f8722.asm
              ECCP3ASbits   0x000f6a       data     extern E:\c18v3.46\pic18-lt\cxx-framework\src\traditional\proc\p18f8722.asm
                 ECCP3CON   0x000fb7       data     extern E:\c18v3.46\pic18-lt\cxx-framework\src\traditional\proc\p18f8722.asm
             ECCP3CONbits   0x000fb7       data     extern E:\c18v3.46\pic18-lt\cxx-framework\src\traditional\proc\p18f8722.asm
                 ECCP3DEL   0x000f69       data     extern E:\c18v3.46\pic18-lt\cxx-framework\src\traditional\proc\p18f8722.asm
             ECCP3DELbits   0x000f69       data     extern E:\c18v3.46\pic18-lt\cxx-framework\src\traditional\proc\p18f8722.asm
                    EEADR   0x000fa9       data     extern E:\c18v3.46\pic18-lt\cxx-framework\src\traditional\proc\p18f8722.asm
                   EEADRH   0x000faa       data     extern E:\c18v3.46\pic18-lt\cxx-framework\src\traditional\proc\p18f8722.asm
                   EECON1   0x000fa6       data     extern E:\c18v3.46\pic18-lt\cxx-framework\src\traditional\proc\p18f8722.asm
               EECON1bits   0x000fa6       data     extern E:\c18v3.46\pic18-lt\cxx-framework\src\traditional\proc\p18f8722.asm
                   EECON2   0x000fa7       data     extern E:\c18v3.46\pic18-lt\cxx-framework\src\traditional\proc\p18f8722.asm
                   EEDATA   0x000fa8       data     extern E:\c18v3.46\pic18-lt\cxx-framework\src\traditional\proc\p18f8722.asm
                     FSR0   0x000fe9       data     extern E:\c18v3.46\pic18-lt\cxx-framework\src\traditional\proc\p18f8722.asm
                    FSR0H   0x000fea       data     extern E:\c18v3.46\pic18-lt\cxx-framework\src\traditional\proc\p18f8722.asm
                    FSR0L   0x000fe9       data     extern E:\c18v3.46\pic18-lt\cxx-framework\src\traditional\proc\p18f8722.asm
                     FSR1   0x000fe1       data     extern E:\c18v3.46\pic18-lt\cxx-framework\src\traditional\proc\p18f8722.asm
                    FSR1H   0x000fe2       data     extern E:\c18v3.46\pic18-lt\cxx-framework\src\traditional\proc\p18f8722.asm
                    FSR1L   0x000fe1       data     extern E:\c18v3.46\pic18-lt\cxx-framework\src\traditional\proc\p18f8722.asm
                     FSR2   0x000fd9       data     extern E:\c18v3.46\pic18-lt\cxx-framework\src\traditional\proc\p18f8722.asm
                    FSR2H   0x000fda       data     extern E:\c18v3.46\pic18-lt\cxx-framework\src\traditional\proc\p18f8722.asm
                    FSR2L   0x000fd9       data     extern E:\c18v3.46\pic18-lt\cxx-framework\src\traditional\proc\p18f8722.asm
                  HLVDCON   0x000fd2       data     extern E:\c18v3.46\pic18-lt\cxx-framework\src\traditional\proc\p18f8722.asm
              HLVDCONbits   0x000fd2       data     extern E:\c18v3.46\pic18-lt\cxx-framework\src\traditional\proc\p18f8722.asm
                    INDF0   0x000fef       data     extern E:\c18v3.46\pic18-lt\cxx-framework\src\traditional\proc\p18f8722.asm
                    INDF1   0x000fe7       data     extern E:\c18v3.46\pic18-lt\cxx-framework\src\traditional\proc\p18f8722.asm
                    INDF2   0x000fdf       data     extern E:\c18v3.46\pic18-lt\cxx-framework\src\traditional\proc\p18f8722.asm
               INPUT_FLAG   0x0001fe       data     extern C:\Documents and Settings\Saagar\Desktop\SEPFC_OUTPUT_TRACKING\CellAssemblyOutpuEvaluator_Debounce\Externalinterrupt.c
                   INTCON   0x000ff2       data     extern E:\c18v3.46\pic18-lt\cxx-framework\src\traditional\proc\p18f8722.asm
                  INTCON2   0x000ff1       data     extern E:\c18v3.46\pic18-lt\cxx-framework\src\traditional\proc\p18f8722.asm
              INTCON2bits   0x000ff1       data     extern E:\c18v3.46\pic18-lt\cxx-framework\src\traditional\proc\p18f8722.asm
                  INTCON3   0x000ff0       data     extern E:\c18v3.46\pic18-lt\cxx-framework\src\traditional\proc\p18f8722.asm
              INTCON3bits   0x000ff0       data     extern E:\c18v3.46\pic18-lt\cxx-framework\src\traditional\proc\p18f8722.asm
               INTCONbits   0x000ff2       data     extern E:\c18v3.46\pic18-lt\cxx-framework\src\traditional\proc\p18f8722.asm
                     IPR1   0x000f9f       data     extern E:\c18v3.46\pic18-lt\cxx-framework\src\traditional\proc\p18f8722.asm
                 IPR1bits   0x000f9f       data     extern E:\c18v3.46\pic18-lt\cxx-framework\src\traditional\proc\p18f8722.asm
                     IPR2   0x000fa2       data     extern E:\c18v3.46\pic18-lt\cxx-framework\src\traditional\proc\p18f8722.asm
                 IPR2bits   0x000fa2       data     extern E:\c18v3.46\pic18-lt\cxx-framework\src\traditional\proc\p18f8722.asm
                     IPR3   0x000fa5       data     extern E:\c18v3.46\pic18-lt\cxx-framework\src\traditional\proc\p18f8722.asm
                 IPR3bits   0x000fa5       data     extern E:\c18v3.46\pic18-lt\cxx-framework\src\traditional\proc\p18f8722.asm
                     LATA   0x000f89       data     extern E:\c18v3.46\pic18-lt\cxx-framework\src\traditional\proc\p18f8722.asm
                 LATAbits   0x000f89       data     extern E:\c18v3.46\pic18-lt\cxx-framework\src\traditional\proc\p18f8722.asm
                     LATB   0x000f8a       data     extern E:\c18v3.46\pic18-lt\cxx-framework\src\traditional\proc\p18f8722.asm
                 LATBbits   0x000f8a       data     extern E:\c18v3.46\pic18-lt\cxx-framework\src\traditional\proc\p18f8722.asm
                     LATC   0x000f8b       data     extern E:\c18v3.46\pic18-lt\cxx-framework\src\traditional\proc\p18f8722.asm
                 LATCbits   0x000f8b       data     extern E:\c18v3.46\pic18-lt\cxx-framework\src\traditional\proc\p18f8722.asm
                     LATD   0x000f8c       data     extern E:\c18v3.46\pic18-lt\cxx-framework\src\traditional\proc\p18f8722.asm
                 LATDbits   0x000f8c       data     extern E:\c18v3.46\pic18-lt\cxx-framework\src\traditional\proc\p18f8722.asm
                     LATE   0x000f8d       data     extern E:\c18v3.46\pic18-lt\cxx-framework\src\traditional\proc\p18f8722.asm
                 LATEbits   0x000f8d       data     extern E:\c18v3.46\pic18-lt\cxx-framework\src\traditional\proc\p18f8722.asm
                     LATF   0x000f8e       data     extern E:\c18v3.46\pic18-lt\cxx-framework\src\traditional\proc\p18f8722.asm
                 LATFbits   0x000f8e       data     extern E:\c18v3.46\pic18-lt\cxx-framework\src\traditional\proc\p18f8722.asm
                     LATG   0x000f8f       data     extern E:\c18v3.46\pic18-lt\cxx-framework\src\traditional\proc\p18f8722.asm
                 LATGbits   0x000f8f       data     extern E:\c18v3.46\pic18-lt\cxx-framework\src\traditional\proc\p18f8722.asm
                     LATH   0x000f90       data     extern E:\c18v3.46\pic18-lt\cxx-framework\src\traditional\proc\p18f8722.asm
                 LATHbits   0x000f90       data     extern E:\c18v3.46\pic18-lt\cxx-framework\src\traditional\proc\p18f8722.asm
                     LATJ   0x000f91       data     extern E:\c18v3.46\pic18-lt\cxx-framework\src\traditional\proc\p18f8722.asm
                 LATJbits   0x000f91       data     extern E:\c18v3.46\pic18-lt\cxx-framework\src\traditional\proc\p18f8722.asm
                   LVDCON   0x000fd2       data     extern E:\c18v3.46\pic18-lt\cxx-framework\src\traditional\proc\p18f8722.asm
               LVDCONbits   0x000fd2       data     extern E:\c18v3.46\pic18-lt\cxx-framework\src\traditional\proc\p18f8722.asm
                   MEMCON   0x000f9c       data     extern E:\c18v3.46\pic18-lt\cxx-framework\src\traditional\proc\p18f8722.asm
               MEMCONbits   0x000f9c       data     extern E:\c18v3.46\pic18-lt\cxx-framework\src\traditional\proc\p18f8722.asm
                  MESSAGE   0x0001bc       data     extern C:\Documents and Settings\Saagar\Desktop\SEPFC_OUTPUT_TRACKING\CellAssemblyOutpuEvaluator_Debounce\app.c
                 MonthStr   0x0001a3       data     extern C:\Documents and Settings\Saagar\Desktop\SEPFC_OUTPUT_TRACKING\CellAssemblyOutpuEvaluator_Debounce\rtc_driver.c
                   OSCCON   0x000fd3       data     extern E:\c18v3.46\pic18-lt\cxx-framework\src\traditional\proc\p18f8722.asm
               OSCCONbits   0x000fd3       data     extern E:\c18v3.46\pic18-lt\cxx-framework\src\traditional\proc\p18f8722.asm
                  OSCTUNE   0x000f9b       data     extern E:\c18v3.46\pic18-lt\cxx-framework\src\traditional\proc\p18f8722.asm
              OSCTUNEbits   0x000f9b       data     extern E:\c18v3.46\pic18-lt\cxx-framework\src\traditional\proc\p18f8722.asm
                       PC   0x000ff9       data     extern E:\c18v3.46\pic18-lt\cxx-framework\src\traditional\proc\p18f8722.asm
                      PCL   0x000ff9       data     extern E:\c18v3.46\pic18-lt\cxx-framework\src\traditional\proc\p18f8722.asm
                   PCLATH   0x000ffa       data     extern E:\c18v3.46\pic18-lt\cxx-framework\src\traditional\proc\p18f8722.asm
                   PCLATU   0x000ffb       data     extern E:\c18v3.46\pic18-lt\cxx-framework\src\traditional\proc\p18f8722.asm
                     PIE1   0x000f9d       data     extern E:\c18v3.46\pic18-lt\cxx-framework\src\traditional\proc\p18f8722.asm
                 PIE1bits   0x000f9d       data     extern E:\c18v3.46\pic18-lt\cxx-framework\src\traditional\proc\p18f8722.asm
                     PIE2   0x000fa0       data     extern E:\c18v3.46\pic18-lt\cxx-framework\src\traditional\proc\p18f8722.asm
                 PIE2bits   0x000fa0       data     extern E:\c18v3.46\pic18-lt\cxx-framework\src\traditional\proc\p18f8722.asm
                     PIE3   0x000fa3       data     extern E:\c18v3.46\pic18-lt\cxx-framework\src\traditional\proc\p18f8722.asm
                 PIE3bits   0x000fa3       data     extern E:\c18v3.46\pic18-lt\cxx-framework\src\traditional\proc\p18f8722.asm
                     PIR1   0x000f9e       data     extern E:\c18v3.46\pic18-lt\cxx-framework\src\traditional\proc\p18f8722.asm
                 PIR1bits   0x000f9e       data     extern E:\c18v3.46\pic18-lt\cxx-framework\src\traditional\proc\p18f8722.asm
                     PIR2   0x000fa1       data     extern E:\c18v3.46\pic18-lt\cxx-framework\src\traditional\proc\p18f8722.asm
                 PIR2bits   0x000fa1       data     extern E:\c18v3.46\pic18-lt\cxx-framework\src\traditional\proc\p18f8722.asm
                     PIR3   0x000fa4       data     extern E:\c18v3.46\pic18-lt\cxx-framework\src\traditional\proc\p18f8722.asm
                 PIR3bits   0x000fa4       data     extern E:\c18v3.46\pic18-lt\cxx-framework\src\traditional\proc\p18f8722.asm
                   PLUSW0   0x000feb       data     extern E:\c18v3.46\pic18-lt\cxx-framework\src\traditional\proc\p18f8722.asm
                   PLUSW1   0x000fe3       data     extern E:\c18v3.46\pic18-lt\cxx-framework\src\traditional\proc\p18f8722.asm
                   PLUSW2   0x000fdb       data     extern E:\c18v3.46\pic18-lt\cxx-framework\src\traditional\proc\p18f8722.asm
                    PORTA   0x000f80       data     extern E:\c18v3.46\pic18-lt\cxx-framework\src\traditional\proc\p18f8722.asm
                PORTAbits   0x000f80       data     extern E:\c18v3.46\pic18-lt\cxx-framework\src\traditional\proc\p18f8722.asm
                    PORTB   0x000f81       data     extern E:\c18v3.46\pic18-lt\cxx-framework\src\traditional\proc\p18f8722.asm
                PORTBbits   0x000f81       data     extern E:\c18v3.46\pic18-lt\cxx-framework\src\traditional\proc\p18f8722.asm
                    PORTC   0x000f82       data     extern E:\c18v3.46\pic18-lt\cxx-framework\src\traditional\proc\p18f8722.asm
                PORTCbits   0x000f82       data     extern E:\c18v3.46\pic18-lt\cxx-framework\src\traditional\proc\p18f8722.asm
                    PORTD   0x000f83       data     extern E:\c18v3.46\pic18-lt\cxx-framework\src\traditional\proc\p18f8722.asm
                PORTDbits   0x000f83       data     extern E:\c18v3.46\pic18-lt\cxx-framework\src\traditional\proc\p18f8722.asm
                    PORTE   0x000f84       data     extern E:\c18v3.46\pic18-lt\cxx-framework\src\traditional\proc\p18f8722.asm
                PORTEbits   0x000f84       data     extern E:\c18v3.46\pic18-lt\cxx-framework\src\traditional\proc\p18f8722.asm
                    PORTF   0x000f85       data     extern E:\c18v3.46\pic18-lt\cxx-framework\src\traditional\proc\p18f8722.asm
                PORTFbits   0x000f85       data     extern E:\c18v3.46\pic18-lt\cxx-framework\src\traditional\proc\p18f8722.asm
                    PORTG   0x000f86       data     extern E:\c18v3.46\pic18-lt\cxx-framework\src\traditional\proc\p18f8722.asm
                PORTGbits   0x000f86       data     extern E:\c18v3.46\pic18-lt\cxx-framework\src\traditional\proc\p18f8722.asm
                    PORTH   0x000f87       data     extern E:\c18v3.46\pic18-lt\cxx-framework\src\traditional\proc\p18f8722.asm
                PORTHbits   0x000f87       data     extern E:\c18v3.46\pic18-lt\cxx-framework\src\traditional\proc\p18f8722.asm
                    PORTJ   0x000f88       data     extern E:\c18v3.46\pic18-lt\cxx-framework\src\traditional\proc\p18f8722.asm
                PORTJbits   0x000f88       data     extern E:\c18v3.46\pic18-lt\cxx-framework\src\traditional\proc\p18f8722.asm
                 POSTDEC0   0x000fed       data     extern E:\c18v3.46\pic18-lt\cxx-framework\src\traditional\proc\p18f8722.asm
                 POSTDEC1   0x000fe5       data     extern E:\c18v3.46\pic18-lt\cxx-framework\src\traditional\proc\p18f8722.asm
                 POSTDEC2   0x000fdd       data     extern E:\c18v3.46\pic18-lt\cxx-framework\src\traditional\proc\p18f8722.asm
                 POSTINC0   0x000fee       data     extern E:\c18v3.46\pic18-lt\cxx-framework\src\traditional\proc\p18f8722.asm
                 POSTINC1   0x000fe6       data     extern E:\c18v3.46\pic18-lt\cxx-framework\src\traditional\proc\p18f8722.asm
                 POSTINC2   0x000fde       data     extern E:\c18v3.46\pic18-lt\cxx-framework\src\traditional\proc\p18f8722.asm
                      PR2   0x000fcb       data     extern E:\c18v3.46\pic18-lt\cxx-framework\src\traditional\proc\p18f8722.asm
                      PR4   0x000f77       data     extern E:\c18v3.46\pic18-lt\cxx-framework\src\traditional\proc\p18f8722.asm
                  PREINC0   0x000fec       data     extern E:\c18v3.46\pic18-lt\cxx-framework\src\traditional\proc\p18f8722.asm
                  PREINC1   0x000fe4       data     extern E:\c18v3.46\pic18-lt\cxx-framework\src\traditional\proc\p18f8722.asm
                  PREINC2   0x000fdc       data     extern E:\c18v3.46\pic18-lt\cxx-framework\src\traditional\proc\p18f8722.asm
                     PROD   0x000ff3       data     extern E:\c18v3.46\pic18-lt\cxx-framework\src\traditional\proc\p18f8722.asm
                    PRODH   0x000ff4       data     extern E:\c18v3.46\pic18-lt\cxx-framework\src\traditional\proc\p18f8722.asm
[...]
                 PIR3bits   0x000fa4       data     extern E:\c18v3.46\pic18-lt\cxx-framework\src\traditional\proc\p18f8722.asm
                     PIR3   0x000fa4       data     extern E:\c18v3.46\pic18-lt\cxx-framework\src\traditional\proc\p18f8722.asm
                     IPR3   0x000fa5       data     extern E:\c18v3.46\pic18-lt\cxx-framework\src\traditional\proc\p18f8722.asm
                 IPR3bits   0x000fa5       data     extern E:\c18v3.46\pic18-lt\cxx-framework\src\traditional\proc\p18f8722.asm
                   EECON1   0x000fa6       data     extern E:\c18v3.46\pic18-lt\cxx-framework\src\traditional\proc\p18f8722.asm
               EECON1bits   0x000fa6       data     extern E:\c18v3.46\pic18-lt\cxx-framework\src\traditional\proc\p18f8722.asm
                   EECON2   0x000fa7       data     extern E:\c18v3.46\pic18-lt\cxx-framework\src\traditional\proc\p18f8722.asm
                   EEDATA   0x000fa8       data     extern E:\c18v3.46\pic18-lt\cxx-framework\src\traditional\proc\p18f8722.asm
                    EEADR   0x000fa9       data     extern E:\c18v3.46\pic18-lt\cxx-framework\src\traditional\proc\p18f8722.asm
                   EEADRH   0x000faa       data     extern E:\c18v3.46\pic18-lt\cxx-framework\src\traditional\proc\p18f8722.asm
                    RCSTA   0x000fab       data     extern E:\c18v3.46\pic18-lt\cxx-framework\src\traditional\proc\p18f8722.asm
                   RCSTA1   0x000fab       data     extern E:\c18v3.46\pic18-lt\cxx-framework\src\traditional\proc\p18f8722.asm
               RCSTA1bits   0x000fab       data     extern E:\c18v3.46\pic18-lt\cxx-framework\src\traditional\proc\p18f8722.asm
                RCSTAbits   0x000fab       data     extern E:\c18v3.46\pic18-lt\cxx-framework\src\traditional\proc\p18f8722.asm
                TXSTAbits   0x000fac       data     extern E:\c18v3.46\pic18-lt\cxx-framework\src\traditional\proc\p18f8722.asm
               TXSTA1bits   0x000fac       data     extern E:\c18v3.46\pic18-lt\cxx-framework\src\traditional\proc\p18f8722.asm
                   TXSTA1   0x000fac       data     extern E:\c18v3.46\pic18-lt\cxx-framework\src\traditional\proc\p18f8722.asm
                    TXSTA   0x000fac       data     extern E:\c18v3.46\pic18-lt\cxx-framework\src\traditional\proc\p18f8722.asm
                   TXREG1   0x000fad       data     extern E:\c18v3.46\pic18-lt\cxx-framework\src\traditional\proc\p18f8722.asm
                    TXREG   0x000fad       data     extern E:\c18v3.46\pic18-lt\cxx-framework\src\traditional\proc\p18f8722.asm
                   RCREG1   0x000fae       data     extern E:\c18v3.46\pic18-lt\cxx-framework\src\traditional\proc\p18f8722.asm
                    RCREG   0x000fae       data     extern E:\c18v3.46\pic18-lt\cxx-framework\src\traditional\proc\p18f8722.asm
                    SPBRG   0x000faf       data     extern E:\c18v3.46\pic18-lt\cxx-framework\src\traditional\proc\p18f8722.asm
                   SPBRG1   0x000faf       data     extern E:\c18v3.46\pic18-lt\cxx-framework\src\traditional\proc\p18f8722.asm
               PSPCONbits   0x000fb0       data     extern E:\c18v3.46\pic18-lt\cxx-framework\src\traditional\proc\p18f8722.asm
                   PSPCON   0x000fb0       data     extern E:\c18v3.46\pic18-lt\cxx-framework\src\traditional\proc\p18f8722.asm
                    T3CON   0x000fb1       data     extern E:\c18v3.46\pic18-lt\cxx-framework\src\traditional\proc\p18f8722.asm
                T3CONbits   0x000fb1       data     extern E:\c18v3.46\pic18-lt\cxx-framework\src\traditional\proc\p18f8722.asm
                    TMR3L   0x000fb2       data     extern E:\c18v3.46\pic18-lt\cxx-framework\src\traditional\proc\p18f8722.asm
                    TMR3H   0x000fb3       data     extern E:\c18v3.46\pic18-lt\cxx-framework\src\traditional\proc\p18f8722.asm
                CMCONbits   0x000fb4       data     extern E:\c18v3.46\pic18-lt\cxx-framework\src\traditional\proc\p18f8722.asm
                    CMCON   0x000fb4       data     extern E:\c18v3.46\pic18-lt\cxx-framework\src\traditional\proc\p18f8722.asm
               CVRCONbits   0x000fb5       data     extern E:\c18v3.46\pic18-lt\cxx-framework\src\traditional\proc\p18f8722.asm
                   CVRCON   0x000fb5       data     extern E:\c18v3.46\pic18-lt\cxx-framework\src\traditional\proc\p18f8722.asm
              ECCP1ASbits   0x000fb6       data     extern E:\c18v3.46\pic18-lt\cxx-framework\src\traditional\proc\p18f8722.asm
                  ECCP1AS   0x000fb6       data     extern E:\c18v3.46\pic18-lt\cxx-framework\src\traditional\proc\p18f8722.asm
              CCP3CONbits   0x000fb7       data     extern E:\c18v3.46\pic18-lt\cxx-framework\src\traditional\proc\p18f8722.asm
             ECCP3CONbits   0x000fb7       data     extern E:\c18v3.46\pic18-lt\cxx-framework\src\traditional\proc\p18f8722.asm
                 ECCP3CON   0x000fb7       data     extern E:\c18v3.46\pic18-lt\cxx-framework\src\traditional\proc\p18f8722.asm
                  CCP3CON   0x000fb7       data     extern E:\c18v3.46\pic18-lt\cxx-framework\src\traditional\proc\p18f8722.asm
                    CCPR3   0x000fb8       data     extern E:\c18v3.46\pic18-lt\cxx-framework\src\traditional\proc\p18f8722.asm
                   CCPR3L   0x000fb8       data     extern E:\c18v3.46\pic18-lt\cxx-framework\src\traditional\proc\p18f8722.asm
                   CCPR3H   0x000fb9       data     extern E:\c18v3.46\pic18-lt\cxx-framework\src\traditional\proc\p18f8722.asm
             ECCP2CONbits   0x000fba       data     extern E:\c18v3.46\pic18-lt\cxx-framework\src\traditional\proc\p18f8722.asm
                 ECCP2CON   0x000fba       data     extern E:\c18v3.46\pic18-lt\cxx-framework\src\traditional\proc\p18f8722.asm
              CCP2CONbits   0x000fba       data     extern E:\c18v3.46\pic18-lt\cxx-framework\src\traditional\proc\p18f8722.asm
                  CCP2CON   0x000fba       data     extern E:\c18v3.46\pic18-lt\cxx-framework\src\traditional\proc\p18f8722.asm
                   CCPR2L   0x000fbb       data     extern E:\c18v3.46\pic18-lt\cxx-framework\src\traditional\proc\p18f8722.asm
                    CCPR2   0x000fbb       data     extern E:\c18v3.46\pic18-lt\cxx-framework\src\traditional\proc\p18f8722.asm
                   CCPR2H   0x000fbc       data     extern E:\c18v3.46\pic18-lt\cxx-framework\src\traditional\proc\p18f8722.asm
                  CCP1CON   0x000fbd       data     extern E:\c18v3.46\pic18-lt\cxx-framework\src\traditional\proc\p18f8722.asm
              CCP1CONbits   0x000fbd       data     extern E:\c18v3.46\pic18-lt\cxx-framework\src\traditional\proc\p18f8722.asm
                 ECCP1CON   0x000fbd       data     extern E:\c18v3.46\pic18-lt\cxx-framework\src\traditional\proc\p18f8722.asm
             ECCP1CONbits   0x000fbd       data     extern E:\c18v3.46\pic18-lt\cxx-framework\src\traditional\proc\p18f8722.asm
                   CCPR1L   0x000fbe       data     extern E:\c18v3.46\pic18-lt\cxx-framework\src\traditional\proc\p18f8722.asm
                    CCPR1   0x000fbe       data     extern E:\c18v3.46\pic18-lt\cxx-framework\src\traditional\proc\p18f8722.asm
                   CCPR1H   0x000fbf       data     extern E:\c18v3.46\pic18-lt\cxx-framework\src\traditional\proc\p18f8722.asm
                   ADCON2   0x000fc0       data     extern E:\c18v3.46\pic18-lt\cxx-framework\src\traditional\proc\p18f8722.asm
               ADCON2bits   0x000fc0       data     extern E:\c18v3.46\pic18-lt\cxx-framework\src\traditional\proc\p18f8722.asm
               ADCON1bits   0x000fc1       data     extern E:\c18v3.46\pic18-lt\cxx-framework\src\traditional\proc\p18f8722.asm
                   ADCON1   0x000fc1       data     extern E:\c18v3.46\pic18-lt\cxx-framework\src\traditional\proc\p18f8722.asm
               ADCON0bits   0x000fc2       data     extern E:\c18v3.46\pic18-lt\cxx-framework\src\traditional\proc\p18f8722.asm
                   ADCON0   0x000fc2       data     extern E:\c18v3.46\pic18-lt\cxx-framework\src\traditional\proc\p18f8722.asm
                    ADRES   0x000fc3       data     extern E:\c18v3.46\pic18-lt\cxx-framework\src\traditional\proc\p18f8722.asm
                   ADRESL   0x000fc3       data     extern E:\c18v3.46\pic18-lt\cxx-framework\src\traditional\proc\p18f8722.asm
                   ADRESH   0x000fc4       data     extern E:\c18v3.46\pic18-lt\cxx-framework\src\traditional\proc\p18f8722.asm
                  SSPCON2   0x000fc5       data     extern E:\c18v3.46\pic18-lt\cxx-framework\src\traditional\proc\p18f8722.asm
              SSPCON2bits   0x000fc5       data     extern E:\c18v3.46\pic18-lt\cxx-framework\src\traditional\proc\p18f8722.asm
             SSP1CON2bits   0x000fc5       data     extern E:\c18v3.46\pic18-lt\cxx-framework\src\traditional\proc\p18f8722.asm
                 SSP1CON2   0x000fc5       data     extern E:\c18v3.46\pic18-lt\cxx-framework\src\traditional\proc\p18f8722.asm
                  SSPCON1   0x000fc6       data     extern E:\c18v3.46\pic18-lt\cxx-framework\src\traditional\proc\p18f8722.asm
              SSPCON1bits   0x000fc6       data     extern E:\c18v3.46\pic18-lt\cxx-framework\src\traditional\proc\p18f8722.asm
             SSP1CON1bits   0x000fc6       data     extern E:\c18v3.46\pic18-lt\cxx-framework\src\traditional\proc\p18f8722.asm
                 SSP1CON1   0x000fc6       data     extern E:\c18v3.46\pic18-lt\cxx-framework\src\traditional\proc\p18f8722.asm
                  SSPSTAT   0x000fc7       data     extern E:\c18v3.46\pic18-lt\cxx-framework\src\traditional\proc\p18f8722.asm
              SSPSTATbits   0x000fc7       data     extern E:\c18v3.46\pic18-lt\cxx-framework\src\traditional\proc\p18f8722.asm
             SSP1STATbits   0x000fc7       data     extern E:\c18v3.46\pic18-lt\cxx-framework\src\traditional\proc\p18f8722.asm
                 SSP1STAT   0x000fc7       data     extern E:\c18v3.46\pic18-lt\cxx-framework\src\traditional\proc\p18f8722.asm
                  SSP1ADD   0x000fc8       data     extern E:\c18v3.46\pic18-lt\cxx-framework\src\traditional\proc\p18f8722.asm
                   SSPADD   0x000fc8       data     extern E:\c18v3.46\pic18-lt\cxx-framework\src\traditional\proc\p18f8722.asm
                   SSPBUF   0x000fc9       data     extern E:\c18v3.46\pic18-lt\cxx-framework\src\traditional\proc\p18f8722.asm
                  SSP1BUF   0x000fc9       data     extern E:\c18v3.46\pic18-lt\cxx-framework\src\traditional\proc\p18f8722.asm
                    T2CON   0x000fca       data     extern E:\c18v3.46\pic18-lt\cxx-framework\src\traditional\proc\p18f8722.asm
                T2CONbits   0x000fca       data     extern E:\c18v3.46\pic18-lt\cxx-framework\src\traditional\proc\p18f8722.asm
                      PR2   0x000fcb       data     extern E:\c18v3.46\pic18-lt\cxx-framework\src\traditional\proc\p18f8722.asm
                     TMR2   0x000fcc       data     extern E:\c18v3.46\pic18-lt\cxx-framework\src\traditional\proc\p18f8722.asm
                    T1CON   0x000fcd       data     extern E:\c18v3.46\pic18-lt\cxx-framework\src\traditional\proc\p18f8722.asm
                T1CONbits   0x000fcd       data     extern E:\c18v3.46\pic18-lt\cxx-framework\src\traditional\proc\p18f8722.asm
                    TMR1L   0x000fce       data     extern E:\c18v3.46\pic18-lt\cxx-framework\src\traditional\proc\p18f8722.asm
                    TMR1H   0x000fcf       data     extern E:\c18v3.46\pic18-lt\cxx-framework\src\traditional\proc\p18f8722.asm
                 RCONbits   0x000fd0       data     extern E:\c18v3.46\pic18-lt\cxx-framework\src\traditional\proc\p18f8722.asm
                     RCON   0x000fd0       data     extern E:\c18v3.46\pic18-lt\cxx-framework\src\traditional\proc\p18f8722.asm
               WDTCONbits   0x000fd1       data     extern E:\c18v3.46\pic18-lt\cxx-framework\src\traditional\proc\p18f8722.asm
                   WDTCON   0x000fd1       data     extern E:\c18v3.46\pic18-lt\cxx-framework\src\traditional\proc\p18f8722.asm
                   LVDCON   0x000fd2       data     extern E:\c18v3.46\pic18-lt\cxx-framework\src\traditional\proc\p18f8722.asm
                  HLVDCON   0x000fd2       data     extern E:\c18v3.46\pic18-lt\cxx-framework\src\traditional\proc\p18f8722.asm
              HLVDCONbits   0x000fd2       data     extern E:\c18v3.46\pic18-lt\cxx-framework\src\traditional\proc\p18f8722.asm
               LVDCONbits   0x000fd2       data     extern E:\c18v3.46\pic18-lt\cxx-framework\src\traditional\proc\p18f8722.asm
                   OSCCON   0x000fd3       data     extern E:\c18v3.46\pic18-lt\cxx-framework\src\traditional\proc\p18f8722.asm
               OSCCONbits   0x000fd3       data     extern E:\c18v3.46\pic18-lt\cxx-framework\src\traditional\proc\p18f8722.asm
                T0CONbits   0x000fd5       data     extern E:\c18v3.46\pic18-lt\cxx-framework\src\traditional\proc\p18f8722.asm
                    T0CON   0x000fd5       data     extern E:\c18v3.46\pic18-lt\cxx-framework\src\traditional\proc\p18f8722.asm
                    TMR0L   0x000fd6       data     extern E:\c18v3.46\pic18-lt\cxx-framework\src\traditional\proc\p18f8722.asm
                    TMR0H   0x000fd7       data     extern E:\c18v3.46\pic18-lt\cxx-framework\src\traditional\proc\p18f8722.asm
                   STATUS   0x000fd8       data     extern E:\c18v3.46\pic18-lt\cxx-framework\src\traditional\proc\p18f8722.asm
               STATUSbits   0x000fd8       data     extern E:\c18v3.46\pic18-lt\cxx-framework\src\traditional\proc\p18f8722.asm
                    FSR2L   0x000fd9       data     extern E:\c18v3.46\pic18-lt\cxx-framework\src\traditional\proc\p18f8722.asm
                     FSR2   0x000fd9       data     extern E:\c18v3.46\pic18-lt\cxx-framework\src\traditional\proc\p18f8722.asm
                    FSR2H   0x000fda       data     extern E:\c18v3.46\pic18-lt\cxx-framework\src\traditional\proc\p18f8722.asm
                   PLUSW2   0x000fdb       data     extern E:\c18v3.46\pic18-lt\cxx-framework\src\traditional\proc\p18f8722.asm
                  PREINC2   0x000fdc       data     extern E:\c18v3.46\pic18-lt\cxx-framework\src\traditional\proc\p18f8722.asm
                 POSTDEC2   0x000fdd       data     extern E:\c18v3.46\pic18-lt\cxx-framework\src\traditional\proc\p18f8722.asm
                 POSTINC2   0x000fde       data     extern E:\c18v3.46\pic18-lt\cxx-framework\src\traditional\proc\p18f8722.asm
                    INDF2   0x000fdf       data     extern E:\c18v3.46\pic18-lt\cxx-framework\src\traditional\proc\p18f8722.asm
                      BSR   0x000fe0       data     extern E:\c18v3.46\pic18-lt\cxx-framework\src\traditional\proc\p18f8722.asm
                    FSR1L   0x000fe1       data     extern E:\c18v3.46\pic18-lt\cxx-framework\src\traditional\proc\p18f8722.asm
                     FSR1   0x000fe1       data     extern E:\c18v3.46\pic18-lt\cxx-framework\src\traditional\proc\p18f8722.asm
                    FSR1H   0x000fe2       data     extern E:\c18v3.46\pic18-lt\cxx-framework\src\traditional\proc\p18f8722.asm
                   PLUSW1   0x000fe3       data     extern E:\c18v3.46\pic18-lt\cxx-framework\src\traditional\proc\p18f8722.asm
                  PREINC1   0x000fe4       data     extern E:\c18v3.46\pic18-lt\cxx-framework\src\traditional\proc\p18f8722.asm
                 POSTDEC1   0x000fe5       data     extern E:\c18v3.46\pic18-lt\cxx-framework\src\traditional\proc\p18f8722.asm
                 POSTINC1   0x000fe6       data     extern E:\c18v3.46\pic18-lt\cxx-framework\src\traditional\proc\p18f8722.asm
                    INDF1   0x000fe7       data     extern E:\c18v3.46\pic18-lt\cxx-framework\src\traditional\proc\p18f8722.asm
                     WREG   0x000fe8       data     extern E:\c18v3.46\pic18-lt\cxx-framework\src\traditional\proc\p18f8722.asm
                     FSR0   0x000fe9       data     extern E:\c18v3.46\pic18-lt\cxx-framework\src\traditional\proc\p18f8722.asm
                    FSR0L   0x000fe9       data     extern E:\c18v3.46\pic18-lt\cxx-framework\src\traditional\proc\p18f8722.asm
                    FSR0H   0x000fea       data     extern E:\c18v3.46\pic18-lt\cxx-framework\src\traditional\proc\p18f8722.asm
                   PLUSW0   0x000feb       data     extern E:\c18v3.46\pic18-lt\cxx-framework\src\traditional\proc\p18f8722.asm
                  PREINC0   0x000fec       data     extern E:\c18v3.46\pic18-lt\cxx-framework\src\traditional\proc\p18f8722.asm
                 POSTDEC0   0x000fed       data     extern E:\c18v3.46\pic18-lt\cxx-framework\src\traditional\proc\p18f8722.asm
                 POSTINC0   0x000fee       data     extern E:\c18v3.46\pic18-lt\cxx-framework\src\traditional\proc\p18f8722.asm
                    INDF0   0x000fef       data     extern E:\c18v3.46\pic18-lt\cxx-framework\src\traditional\proc\p18f8722.asm
              INTCON3bits   0x000ff0       data     extern E:\c18v3.46\pic18-lt\cxx-framework\src\traditional\proc\p18f8722.asm
                  INTCON3   0x000ff0       data     extern E:\c18v3.46\pic18-lt\cxx-framework\src\traditional\proc\p18f8722.asm
              INTCON2bits   0x000ff1       data     extern E:\c18v3.46\pic18-lt\cxx-framework\src\traditional\proc\p18f8722.asm
                  INTCON2   0x000ff1       data     extern E:\c18v3.46\pic18-lt\cxx-framework\src\traditional\proc\p18f8722.asm
               INTCONbits   0x000ff2       data     extern E:\c18v3.46\pic18-lt\cxx-framework\src\traditional\proc\p18f8722.asm
                   INTCON   0x000ff2       data     extern E:\c18v3.46\pic18-lt\cxx-framework\src\traditional\proc\p18f8722.asm
                     PROD   0x000ff3       data     extern E:\c18v3.46\pic18-lt\cxx-framework\src\traditional\proc\p18f8722.asm
                    PRODL   0x000ff3       data     extern E:\c18v3.46\pic18-lt\cxx-framework\src\traditional\proc\p18f8722.asm
                    PRODH   0x000ff4       data     extern E:\c18v3.46\pic18-lt\cxx-framework\src\traditional\proc\p18f8722.asm
                   TABLAT   0x000ff5       data     extern E:\c18v3.46\pic18-lt\cxx-framework\src\traditional\proc\p18f8722.asm
                   TBLPTR   0x000ff6       data     extern E:\c18v3.46\pic18-lt\cxx-framework\src\traditional\proc\p18f8722.asm
                  TBLPTRL   0x000ff6       data     extern E:\c18v3.46\pic18-lt\cxx-framework\src\traditional\proc\p18f8722.asm
                  TBLPTRH   0x000ff7       data     extern E:\c18v3.46\pic18-lt\cxx-framework\src\traditional\proc\p18f8722.asm
                  TBLPTRU   0x000ff8       data     extern E:\c18v3.46\pic18-lt\cxx-framework\src\traditional\proc\p18f8722.asm
                      PCL   0x000ff9       data     extern E:\c18v3.46\pic18-lt\cxx-framework\src\traditional\proc\p18f8722.asm
                       PC   0x000ff9       data     extern E:\c18v3.46\pic18-lt\cxx-framework\src\traditional\proc\p18f8722.asm
                   PCLATH   0x000ffa       data     extern E:\c18v3.46\pic18-lt\cxx-framework\src\traditional\proc\p18f8722.asm
                   PCLATU   0x000ffb       data     extern E:\c18v3.46\pic18-lt\cxx-framework\src\traditional\proc\p18f8722.asm
               STKPTRbits   0x000ffc       data     extern E:\c18v3.46\pic18-lt\cxx-framework\src\traditional\proc\p18f8722.asm
                   STKPTR   0x000ffc       data     extern E:\c18v3.46\pic18-lt\cxx-framework\src\traditional\proc\p18f8722.asm
                      TOS   0x000ffd       data     extern E:\c18v3.46\pic18-lt\cxx-framework\src\traditional\proc\p18f8722.asm
                     TOSL   0x000ffd       data     extern E:\c18v3.46\pic18-lt\cxx-framework\src\traditional\proc\p18f8722.asm
                     TOSH   0x000ffe       data     extern E:\c18v3.46\pic18-lt\cxx-framework\src\traditional\proc\p18f8722.asm
                     TOSU   0x000fff       data     extern E:\c18v3.46\pic18-lt\cxx-framework\src\traditional\proc\p18f8722.asm


